[0.177s] Invoking command in '/home/kushagra/mini_radi_ws/build/mini_radi_gazebo': /usr/bin/cmake /home/kushagra/mini_radi_ws/src/mini_radi_gazebo -DCMAKE_INSTALL_PREFIX=/home/kushagra/mini_radi_ws/install/mini_radi_gazebo
[0.219s] [33mCMake Warning (dev) in CMakeLists.txt:
[0.219s]   No project() command is present.  The top-level CMakeLists.txt file must
[0.219s]   contain a literal, direct call to the project() command.  Add a line of
[0.219s]   code such as
[0.219s] 
[0.219s]     project(ProjectName)
[0.219s] 
[0.219s]   near the top of the file, but after cmake_minimum_required().
[0.219s] 
[0.219s]   CMake is pretending there is a "project(Project)" command on the first
[0.219s]   line.
[0.219s] This warning is for project developers.  Use -Wno-dev to suppress it.
[0.219s] [0m
[0.349s] -- The C compiler identification is GNU 11.4.0
[0.505s] -- The CXX compiler identification is GNU 11.4.0
[0.519s] -- Detecting C compiler ABI info
[0.581s] -- Detecting C compiler ABI info - done
[0.587s] -- Check for working C compiler: /usr/bin/cc - skipped
[0.588s] -- Detecting C compile features
[0.589s] -- Detecting C compile features - done
[0.593s] -- Detecting CXX compiler ABI info
[0.676s] -- Detecting CXX compiler ABI info - done
[0.680s] -- Check for working CXX compiler: /usr/bin/c++ - skipped
[0.681s] -- Detecting CXX compile features
[0.681s] -- Detecting CXX compile features - done
[0.682s] -- Configuring done
[0.683s] -- Generating done
[0.683s] -- Build files have been written to: /home/kushagra/mini_radi_ws/build/mini_radi_gazebo
[0.688s] Invoked command in '/home/kushagra/mini_radi_ws/build/mini_radi_gazebo' returned '0': /usr/bin/cmake /home/kushagra/mini_radi_ws/src/mini_radi_gazebo -DCMAKE_INSTALL_PREFIX=/home/kushagra/mini_radi_ws/install/mini_radi_gazebo
[0.690s] Invoking command in '/home/kushagra/mini_radi_ws/build/mini_radi_gazebo': /usr/bin/cmake --build /home/kushagra/mini_radi_ws/build/mini_radi_gazebo -- -j7 -l7
[0.730s] Invoked command in '/home/kushagra/mini_radi_ws/build/mini_radi_gazebo' returned '0': /usr/bin/cmake --build /home/kushagra/mini_radi_ws/build/mini_radi_gazebo -- -j7 -l7
