[0.013s] Invoking command in '/home/kushagra/mini_radi_ws/build/mini_radi_description': CMAKE_PREFIX_PATH=${CMAKE_PREFIX_PATH}:/opt/ros/humble /usr/bin/cmake --build /home/kushagra/mini_radi_ws/build/mini_radi_description -- -j7 -l7
[0.073s] Invoked command in '/home/kushagra/mini_radi_ws/build/mini_radi_description' returned '0': CMAKE_PREFIX_PATH=${CMAKE_PREFIX_PATH}:/opt/ros/humble /usr/bin/cmake --build /home/kushagra/mini_radi_ws/build/mini_radi_description -- -j7 -l7
[0.083s] Invoking command in '/home/kushagra/mini_radi_ws/build/mini_radi_description': CMAKE_PREFIX_PATH=${CMAKE_PREFIX_PATH}:/opt/ros/humble /usr/bin/cmake --install /home/kushagra/mini_radi_ws/build/mini_radi_description
[0.089s] -- Install configuration: ""
[0.090s] -- Up-to-date: /home/kushagra/mini_radi_ws/install/mini_radi_description/share/mini_radi_description/urdf
[0.090s] -- Up-to-date: /home/kushagra/mini_radi_ws/install/mini_radi_description/share/mini_radi_description/urdf/mini_radi.urdf
[0.090s] -- Up-to-date: /home/kushagra/mini_radi_ws/install/mini_radi_description/share/mini_radi_description/launch
[0.090s] -- Installing: /home/kushagra/mini_radi_ws/install/mini_radi_description/share/mini_radi_description/launch/display.launch.py
[0.090s] -- Up-to-date: /home/kushagra/mini_radi_ws/install/mini_radi_description/share/ament_index/resource_index/package_run_dependencies/mini_radi_description
[0.090s] -- Up-to-date: /home/kushagra/mini_radi_ws/install/mini_radi_description/share/ament_index/resource_index/parent_prefix_path/mini_radi_description
[0.090s] -- Up-to-date: /home/kushagra/mini_radi_ws/install/mini_radi_description/share/mini_radi_description/environment/ament_prefix_path.sh
[0.090s] -- Up-to-date: /home/kushagra/mini_radi_ws/install/mini_radi_description/share/mini_radi_description/environment/ament_prefix_path.dsv
[0.090s] -- Up-to-date: /home/kushagra/mini_radi_ws/install/mini_radi_description/share/mini_radi_description/environment/path.sh
[0.090s] -- Up-to-date: /home/kushagra/mini_radi_ws/install/mini_radi_description/share/mini_radi_description/environment/path.dsv
[0.090s] -- Up-to-date: /home/kushagra/mini_radi_ws/install/mini_radi_description/share/mini_radi_description/local_setup.bash
[0.090s] -- Up-to-date: /home/kushagra/mini_radi_ws/install/mini_radi_description/share/mini_radi_description/local_setup.sh
[0.090s] -- Up-to-date: /home/kushagra/mini_radi_ws/install/mini_radi_description/share/mini_radi_description/local_setup.zsh
[0.090s] -- Up-to-date: /home/kushagra/mini_radi_ws/install/mini_radi_description/share/mini_radi_description/local_setup.dsv
[0.091s] -- Installing: /home/kushagra/mini_radi_ws/install/mini_radi_description/share/mini_radi_description/package.dsv
[0.091s] -- Up-to-date: /home/kushagra/mini_radi_ws/install/mini_radi_description/share/ament_index/resource_index/packages/mini_radi_description
[0.091s] -- Up-to-date: /home/kushagra/mini_radi_ws/install/mini_radi_description/share/mini_radi_description/cmake/mini_radi_descriptionConfig.cmake
[0.091s] -- Up-to-date: /home/kushagra/mini_radi_ws/install/mini_radi_description/share/mini_radi_description/cmake/mini_radi_descriptionConfig-version.cmake
[0.091s] -- Up-to-date: /home/kushagra/mini_radi_ws/install/mini_radi_description/share/mini_radi_description/package.xml
[0.092s] Invoked command in '/home/kushagra/mini_radi_ws/build/mini_radi_description' returned '0': CMAKE_PREFIX_PATH=${CMAKE_PREFIX_PATH}:/opt/ros/humble /usr/bin/cmake --install /home/kushagra/mini_radi_ws/build/mini_radi_description
