[0.185s] Invoking command in '/home/kushagra/mini_radi_ws/build/mini_radi_gazebo': CMAKE_PREFIX_PATH=${CMAKE_PREFIX_PATH}:/home/kushagra/mini_radi_ws/install/mini_radi_control:/opt/ros/humble /usr/bin/cmake /home/kushagra/mini_radi_ws/src/mini_radi_gazebo -DAMENT_CMAKE_SYMLINK_INSTALL=1 -DCMAKE_INSTALL_PREFIX=/home/kushagra/mini_radi_ws/install/mini_radi_gazebo
[0.248s] -- The C compiler identification is GNU 11.4.0
[0.307s] -- The CXX compiler identification is GNU 11.4.0
[0.314s] -- Detecting C compiler ABI info
[0.380s] -- Detecting C compiler ABI info - done
[0.385s] -- Check for working C compiler: /usr/bin/cc - skipped
[0.387s] -- Detecting C compile features
[0.387s] -- Detecting C compile features - done
[0.390s] -- Detecting CXX compiler ABI info
[0.471s] -- Detecting CXX compiler ABI info - done
[0.476s] -- Check for working CXX compiler: /usr/bin/c++ - skipped
[0.476s] -- Detecting CXX compile features
[0.476s] -- Detecting CXX compile features - done
[0.479s] -- Found ament_cmake: 1.3.14 (/opt/ros/humble/share/ament_cmake/cmake)
[0.604s] -- Found Python3: /usr/bin/python3 (found version "3.10.12") found components: Interpreter 
[0.669s] -- Override CMake install command with custom implementation using symlinks instead of copying resources
[0.749s] -- Configuring done
[0.751s] -- Generating done
[0.752s] -- Build files have been written to: /home/kushagra/mini_radi_ws/build/mini_radi_gazebo
[0.757s] Invoked command in '/home/kushagra/mini_radi_ws/build/mini_radi_gazebo' returned '0': CMAKE_PREFIX_PATH=${CMAKE_PREFIX_PATH}:/home/kushagra/mini_radi_ws/install/mini_radi_control:/opt/ros/humble /usr/bin/cmake /home/kushagra/mini_radi_ws/src/mini_radi_gazebo -DAMENT_CMAKE_SYMLINK_INSTALL=1 -DCMAKE_INSTALL_PREFIX=/home/kushagra/mini_radi_ws/install/mini_radi_gazebo
[0.757s] Invoking command in '/home/kushagra/mini_radi_ws/build/mini_radi_gazebo': CMAKE_PREFIX_PATH=${CMAKE_PREFIX_PATH}:/home/kushagra/mini_radi_ws/install/mini_radi_control:/opt/ros/humble /usr/bin/cmake --build /home/kushagra/mini_radi_ws/build/mini_radi_gazebo -- -j7 -l7
[0.789s] Invoked command in '/home/kushagra/mini_radi_ws/build/mini_radi_gazebo' returned '0': CMAKE_PREFIX_PATH=${CMAKE_PREFIX_PATH}:/home/kushagra/mini_radi_ws/install/mini_radi_control:/opt/ros/humble /usr/bin/cmake --build /home/kushagra/mini_radi_ws/build/mini_radi_gazebo -- -j7 -l7
[0.789s] Invoking command in '/home/kushagra/mini_radi_ws/build/mini_radi_gazebo': CMAKE_PREFIX_PATH=${CMAKE_PREFIX_PATH}:/home/kushagra/mini_radi_ws/install/mini_radi_control:/opt/ros/humble /usr/bin/cmake --install /home/kushagra/mini_radi_ws/build/mini_radi_gazebo
[0.795s] -- Install configuration: ""
[0.795s] -- Execute custom install script
[0.795s] -- Symlinking: /home/kushagra/mini_radi_ws/install/mini_radi_gazebo/share/mini_radi_gazebo/launch/gazebo.launch.py
[0.804s] -- Symlinking: /home/kushagra/mini_radi_ws/install/mini_radi_gazebo/share/mini_radi_gazebo/worlds/mini_radi.world
[0.812s] -- Symlinking: /home/kushagra/mini_radi_ws/install/mini_radi_gazebo/share/ament_index/resource_index/package_run_dependencies/mini_radi_gazebo
[0.819s] -- Symlinking: /home/kushagra/mini_radi_ws/install/mini_radi_gazebo/share/ament_index/resource_index/parent_prefix_path/mini_radi_gazebo
[0.826s] -- Symlinking: /home/kushagra/mini_radi_ws/install/mini_radi_gazebo/share/mini_radi_gazebo/environment/ament_prefix_path.sh
[0.833s] -- Symlinking: /home/kushagra/mini_radi_ws/install/mini_radi_gazebo/share/mini_radi_gazebo/environment/ament_prefix_path.dsv
[0.840s] -- Symlinking: /home/kushagra/mini_radi_ws/install/mini_radi_gazebo/share/mini_radi_gazebo/environment/path.sh
[0.847s] -- Symlinking: /home/kushagra/mini_radi_ws/install/mini_radi_gazebo/share/mini_radi_gazebo/environment/path.dsv
[0.855s] -- Symlinking: /home/kushagra/mini_radi_ws/install/mini_radi_gazebo/share/mini_radi_gazebo/local_setup.bash
[0.862s] -- Symlinking: /home/kushagra/mini_radi_ws/install/mini_radi_gazebo/share/mini_radi_gazebo/local_setup.sh
[0.869s] -- Symlinking: /home/kushagra/mini_radi_ws/install/mini_radi_gazebo/share/mini_radi_gazebo/local_setup.zsh
[0.876s] -- Symlinking: /home/kushagra/mini_radi_ws/install/mini_radi_gazebo/share/mini_radi_gazebo/local_setup.dsv
[0.885s] -- Symlinking: /home/kushagra/mini_radi_ws/install/mini_radi_gazebo/share/mini_radi_gazebo/package.dsv
[0.893s] -- Symlinking: /home/kushagra/mini_radi_ws/install/mini_radi_gazebo/share/ament_index/resource_index/packages/mini_radi_gazebo
[0.900s] -- Symlinking: /home/kushagra/mini_radi_ws/install/mini_radi_gazebo/share/mini_radi_gazebo/cmake/mini_radi_gazeboConfig.cmake
[0.909s] -- Symlinking: /home/kushagra/mini_radi_ws/install/mini_radi_gazebo/share/mini_radi_gazebo/cmake/mini_radi_gazeboConfig-version.cmake
[0.917s] -- Symlinking: /home/kushagra/mini_radi_ws/install/mini_radi_gazebo/share/mini_radi_gazebo/package.xml
[0.926s] Invoked command in '/home/kushagra/mini_radi_ws/build/mini_radi_gazebo' returned '0': CMAKE_PREFIX_PATH=${CMAKE_PREFIX_PATH}:/home/kushagra/mini_radi_ws/install/mini_radi_control:/opt/ros/humble /usr/bin/cmake --install /home/kushagra/mini_radi_ws/build/mini_radi_gazebo
