[0.175s] Invoking command in '/home/kushagra/mini_radi_ws/build/mini_radi_description': CMAKE_PREFIX_PATH=${CMAKE_PREFIX_PATH}:/home/kushagra/mini_radi_ws/install/mini_radi_control:/opt/ros/humble /usr/bin/cmake --build /home/kushagra/mini_radi_ws/build/mini_radi_description -- -j7 -l7
[0.257s] Invoked command in '/home/kushagra/mini_radi_ws/build/mini_radi_description' returned '0': CMAKE_PREFIX_PATH=${CMAKE_PREFIX_PATH}:/home/kushagra/mini_radi_ws/install/mini_radi_control:/opt/ros/humble /usr/bin/cmake --build /home/kushagra/mini_radi_ws/build/mini_radi_description -- -j7 -l7
[0.272s] Invoking command in '/home/kushagra/mini_radi_ws/build/mini_radi_description': CMAKE_PREFIX_PATH=${CMAKE_PREFIX_PATH}:/home/kushagra/mini_radi_ws/install/mini_radi_control:/opt/ros/humble /usr/bin/cmake --install /home/kushagra/mini_radi_ws/build/mini_radi_description
[0.284s] -- Install configuration: ""
[0.285s] -- Execute custom install script
[0.285s] -- Up-to-date symlink: /home/kushagra/mini_radi_ws/install/mini_radi_description/share/mini_radi_description/urdf/mini_radi.urdf
[0.285s] -- Up-to-date symlink: /home/kushagra/mini_radi_ws/install/mini_radi_description/share/mini_radi_description/launch/display.launch.py
[0.285s] -- Up-to-date symlink: /home/kushagra/mini_radi_ws/install/mini_radi_description/share/ament_index/resource_index/package_run_dependencies/mini_radi_description
[0.285s] -- Up-to-date symlink: /home/kushagra/mini_radi_ws/install/mini_radi_description/share/ament_index/resource_index/parent_prefix_path/mini_radi_description
[0.285s] -- Up-to-date symlink: /home/kushagra/mini_radi_ws/install/mini_radi_description/share/mini_radi_description/environment/ament_prefix_path.sh
[0.286s] -- Up-to-date symlink: /home/kushagra/mini_radi_ws/install/mini_radi_description/share/mini_radi_description/environment/ament_prefix_path.dsv
[0.286s] -- Up-to-date symlink: /home/kushagra/mini_radi_ws/install/mini_radi_description/share/mini_radi_description/environment/path.sh
[0.286s] -- Up-to-date symlink: /home/kushagra/mini_radi_ws/install/mini_radi_description/share/mini_radi_description/environment/path.dsv
[0.286s] -- Up-to-date symlink: /home/kushagra/mini_radi_ws/install/mini_radi_description/share/mini_radi_description/local_setup.bash
[0.286s] -- Up-to-date symlink: /home/kushagra/mini_radi_ws/install/mini_radi_description/share/mini_radi_description/local_setup.sh
[0.287s] -- Up-to-date symlink: /home/kushagra/mini_radi_ws/install/mini_radi_description/share/mini_radi_description/local_setup.zsh
[0.287s] -- Up-to-date symlink: /home/kushagra/mini_radi_ws/install/mini_radi_description/share/mini_radi_description/local_setup.dsv
[0.287s] -- Symlinking: /home/kushagra/mini_radi_ws/install/mini_radi_description/share/mini_radi_description/package.dsv
[0.298s] -- Up-to-date symlink: /home/kushagra/mini_radi_ws/install/mini_radi_description/share/ament_index/resource_index/packages/mini_radi_description
[0.298s] -- Up-to-date symlink: /home/kushagra/mini_radi_ws/install/mini_radi_description/share/mini_radi_description/cmake/mini_radi_descriptionConfig.cmake
[0.298s] -- Up-to-date symlink: /home/kushagra/mini_radi_ws/install/mini_radi_description/share/mini_radi_description/cmake/mini_radi_descriptionConfig-version.cmake
[0.298s] -- Up-to-date symlink: /home/kushagra/mini_radi_ws/install/mini_radi_description/share/mini_radi_description/package.xml
[0.299s] Invoked command in '/home/kushagra/mini_radi_ws/build/mini_radi_description' returned '0': CMAKE_PREFIX_PATH=${CMAKE_PREFIX_PATH}:/home/kushagra/mini_radi_ws/install/mini_radi_control:/opt/ros/humble /usr/bin/cmake --install /home/kushagra/mini_radi_ws/build/mini_radi_description
