[0.176s] Invoking command in '/home/kushagra/mini_radi_ws/build/mini_radi_gazebo': CMAKE_PREFIX_PATH=${CMAKE_PREFIX_PATH}:/home/kushagra/mini_radi_ws/install/mini_radi_control:/opt/ros/humble /usr/bin/cmake /home/kushagra/mini_radi_ws/src/mini_radi_gazebo -DAMENT_CMAKE_SYMLINK_INSTALL=1 -DCMAKE_INSTALL_PREFIX=/home/kushagra/mini_radi_ws/install/mini_radi_gazebo
[0.223s] -- The C compiler identification is GNU 11.4.0
[0.281s] -- The CXX compiler identification is GNU 11.4.0
[0.298s] -- Detecting C compiler ABI info
[0.413s] -- Detecting C compiler ABI info - done
[0.421s] -- Check for working C compiler: /usr/bin/cc - skipped
[0.421s] -- Detecting C compile features
[0.423s] -- Detecting C compile features - done
[0.424s] -- Detecting CXX compiler ABI info
[0.505s] -- Detecting CXX compiler ABI info - done
[0.515s] -- Check for working CXX compiler: /usr/bin/c++ - skipped
[0.516s] -- Detecting CXX compile features
[0.516s] -- Detecting CXX compile features - done
[0.516s] -- Found ament_cmake: 1.3.14 (/opt/ros/humble/share/ament_cmake/cmake)
[0.686s] -- Found Python3: /usr/bin/python3 (found version "3.10.12") found components: Interpreter 
[0.784s] -- Override CMake install command with custom implementation using symlinks instead of copying resources
[0.902s] -- Configuring done
[0.904s] -- Generating done
[0.905s] -- Build files have been written to: /home/kushagra/mini_radi_ws/build/mini_radi_gazebo
[0.912s] Invoked command in '/home/kushagra/mini_radi_ws/build/mini_radi_gazebo' returned '0': CMAKE_PREFIX_PATH=${CMAKE_PREFIX_PATH}:/home/kushagra/mini_radi_ws/install/mini_radi_control:/opt/ros/humble /usr/bin/cmake /home/kushagra/mini_radi_ws/src/mini_radi_gazebo -DAMENT_CMAKE_SYMLINK_INSTALL=1 -DCMAKE_INSTALL_PREFIX=/home/kushagra/mini_radi_ws/install/mini_radi_gazebo
[0.915s] Invoking command in '/home/kushagra/mini_radi_ws/build/mini_radi_gazebo': CMAKE_PREFIX_PATH=${CMAKE_PREFIX_PATH}:/home/kushagra/mini_radi_ws/install/mini_radi_control:/opt/ros/humble /usr/bin/cmake --build /home/kushagra/mini_radi_ws/build/mini_radi_gazebo -- -j7 -l7
[0.953s] Invoked command in '/home/kushagra/mini_radi_ws/build/mini_radi_gazebo' returned '0': CMAKE_PREFIX_PATH=${CMAKE_PREFIX_PATH}:/home/kushagra/mini_radi_ws/install/mini_radi_control:/opt/ros/humble /usr/bin/cmake --build /home/kushagra/mini_radi_ws/build/mini_radi_gazebo -- -j7 -l7
[0.957s] Invoking command in '/home/kushagra/mini_radi_ws/build/mini_radi_gazebo': CMAKE_PREFIX_PATH=${CMAKE_PREFIX_PATH}:/home/kushagra/mini_radi_ws/install/mini_radi_control:/opt/ros/humble /usr/bin/cmake --install /home/kushagra/mini_radi_ws/build/mini_radi_gazebo
[0.967s] -- Install configuration: ""
[0.967s] -- Execute custom install script
[0.967s] -- Symlinking: /home/kushagra/mini_radi_ws/install/mini_radi_gazebo/share/mini_radi_gazebo/launch/gazebo.launch.py
[0.981s] -- Symlinking: /home/kushagra/mini_radi_ws/install/mini_radi_gazebo/share/mini_radi_gazebo/launch/launch.py
[1.000s] -- Symlinking: /home/kushagra/mini_radi_ws/install/mini_radi_gazebo/share/mini_radi_gazebo/worlds/mini_radi.world
[1.013s] -- Symlinking: /home/kushagra/mini_radi_ws/install/mini_radi_gazebo/share/ament_index/resource_index/package_run_dependencies/mini_radi_gazebo
[1.025s] -- Symlinking: /home/kushagra/mini_radi_ws/install/mini_radi_gazebo/share/ament_index/resource_index/parent_prefix_path/mini_radi_gazebo
[1.035s] -- Symlinking: /home/kushagra/mini_radi_ws/install/mini_radi_gazebo/share/mini_radi_gazebo/environment/ament_prefix_path.sh
[1.044s] -- Symlinking: /home/kushagra/mini_radi_ws/install/mini_radi_gazebo/share/mini_radi_gazebo/environment/ament_prefix_path.dsv
[1.053s] -- Symlinking: /home/kushagra/mini_radi_ws/install/mini_radi_gazebo/share/mini_radi_gazebo/environment/path.sh
[1.069s] -- Symlinking: /home/kushagra/mini_radi_ws/install/mini_radi_gazebo/share/mini_radi_gazebo/environment/path.dsv
[1.077s] -- Symlinking: /home/kushagra/mini_radi_ws/install/mini_radi_gazebo/share/mini_radi_gazebo/local_setup.bash
[1.086s] -- Symlinking: /home/kushagra/mini_radi_ws/install/mini_radi_gazebo/share/mini_radi_gazebo/local_setup.sh
[1.096s] -- Symlinking: /home/kushagra/mini_radi_ws/install/mini_radi_gazebo/share/mini_radi_gazebo/local_setup.zsh
[1.103s] -- Symlinking: /home/kushagra/mini_radi_ws/install/mini_radi_gazebo/share/mini_radi_gazebo/local_setup.dsv
[1.113s] -- Symlinking: /home/kushagra/mini_radi_ws/install/mini_radi_gazebo/share/mini_radi_gazebo/package.dsv
[1.123s] -- Symlinking: /home/kushagra/mini_radi_ws/install/mini_radi_gazebo/share/ament_index/resource_index/packages/mini_radi_gazebo
[1.133s] -- Symlinking: /home/kushagra/mini_radi_ws/install/mini_radi_gazebo/share/mini_radi_gazebo/cmake/mini_radi_gazeboConfig.cmake
[1.141s] -- Symlinking: /home/kushagra/mini_radi_ws/install/mini_radi_gazebo/share/mini_radi_gazebo/cmake/mini_radi_gazeboConfig-version.cmake
[1.150s] -- Symlinking: /home/kushagra/mini_radi_ws/install/mini_radi_gazebo/share/mini_radi_gazebo/package.xml
[1.160s] Invoked command in '/home/kushagra/mini_radi_ws/build/mini_radi_gazebo' returned '0': CMAKE_PREFIX_PATH=${CMAKE_PREFIX_PATH}:/home/kushagra/mini_radi_ws/install/mini_radi_control:/opt/ros/humble /usr/bin/cmake --install /home/kushagra/mini_radi_ws/build/mini_radi_gazebo
