[0.175s] Invoking command in '/home/kushagra/mini_radi_ws/build/mini_radi_gazebo': CMAKE_PREFIX_PATH=${CMAKE_PREFIX_PATH}:/home/kushagra/mini_radi_ws/install/mini_radi_control:/opt/ros/humble /usr/bin/cmake /home/kushagra/mini_radi_ws/src/mini_radi_gazebo -DAMENT_CMAKE_SYMLINK_INSTALL=1 -DCMAKE_INSTALL_PREFIX=/home/kushagra/mini_radi_ws/install/mini_radi_gazebo
[0.219s] -- Found ament_cmake: 1.3.14 (/opt/ros/humble/share/ament_cmake/cmake)
[0.354s] -- Found Python3: /usr/bin/python3 (found version "3.10.12") found components: Interpreter 
[0.412s] -- Override CMake install command with custom implementation using symlinks instead of copying resources
[0.445s] -- Found ament_lint_auto: 0.12.15 (/opt/ros/humble/share/ament_lint_auto/cmake)
[0.512s] -- Added test 'lint_cmake' to check CMake code style
[0.513s] -- Added test 'xmllint' to check XML markup files
[0.515s] -- Configuring done
[0.518s] -- Generating done
[0.520s] -- Build files have been written to: /home/kushagra/mini_radi_ws/build/mini_radi_gazebo
[0.523s] Invoked command in '/home/kushagra/mini_radi_ws/build/mini_radi_gazebo' returned '0': CMAKE_PREFIX_PATH=${CMAKE_PREFIX_PATH}:/home/kushagra/mini_radi_ws/install/mini_radi_control:/opt/ros/humble /usr/bin/cmake /home/kushagra/mini_radi_ws/src/mini_radi_gazebo -DAMENT_CMAKE_SYMLINK_INSTALL=1 -DCMAKE_INSTALL_PREFIX=/home/kushagra/mini_radi_ws/install/mini_radi_gazebo
[0.524s] Invoking command in '/home/kushagra/mini_radi_ws/build/mini_radi_gazebo': CMAKE_PREFIX_PATH=${CMAKE_PREFIX_PATH}:/home/kushagra/mini_radi_ws/install/mini_radi_control:/opt/ros/humble /usr/bin/cmake --build /home/kushagra/mini_radi_ws/build/mini_radi_gazebo -- -j7 -l7
[0.558s] Invoked command in '/home/kushagra/mini_radi_ws/build/mini_radi_gazebo' returned '0': CMAKE_PREFIX_PATH=${CMAKE_PREFIX_PATH}:/home/kushagra/mini_radi_ws/install/mini_radi_control:/opt/ros/humble /usr/bin/cmake --build /home/kushagra/mini_radi_ws/build/mini_radi_gazebo -- -j7 -l7
[0.558s] Invoking command in '/home/kushagra/mini_radi_ws/build/mini_radi_gazebo': CMAKE_PREFIX_PATH=${CMAKE_PREFIX_PATH}:/home/kushagra/mini_radi_ws/install/mini_radi_control:/opt/ros/humble /usr/bin/cmake --install /home/kushagra/mini_radi_ws/build/mini_radi_gazebo
[0.567s] -- Install configuration: ""
[0.567s] -- Execute custom install script
[0.567s] -- Symlinking: /home/kushagra/mini_radi_ws/install/mini_radi_gazebo/share/ament_index/resource_index/package_run_dependencies/mini_radi_gazebo
[0.575s] -- Symlinking: /home/kushagra/mini_radi_ws/install/mini_radi_gazebo/share/ament_index/resource_index/parent_prefix_path/mini_radi_gazebo
[0.582s] -- Symlinking: /home/kushagra/mini_radi_ws/install/mini_radi_gazebo/share/mini_radi_gazebo/environment/ament_prefix_path.sh
[0.589s] -- Symlinking: /home/kushagra/mini_radi_ws/install/mini_radi_gazebo/share/mini_radi_gazebo/environment/ament_prefix_path.dsv
[0.599s] -- Symlinking: /home/kushagra/mini_radi_ws/install/mini_radi_gazebo/share/mini_radi_gazebo/environment/path.sh
[0.607s] -- Symlinking: /home/kushagra/mini_radi_ws/install/mini_radi_gazebo/share/mini_radi_gazebo/environment/path.dsv
[0.615s] -- Symlinking: /home/kushagra/mini_radi_ws/install/mini_radi_gazebo/share/mini_radi_gazebo/local_setup.bash
[0.626s] -- Symlinking: /home/kushagra/mini_radi_ws/install/mini_radi_gazebo/share/mini_radi_gazebo/local_setup.sh
[0.633s] -- Symlinking: /home/kushagra/mini_radi_ws/install/mini_radi_gazebo/share/mini_radi_gazebo/local_setup.zsh
[0.641s] -- Symlinking: /home/kushagra/mini_radi_ws/install/mini_radi_gazebo/share/mini_radi_gazebo/local_setup.dsv
[0.648s] -- Symlinking: /home/kushagra/mini_radi_ws/install/mini_radi_gazebo/share/mini_radi_gazebo/package.dsv
[0.655s] -- Symlinking: /home/kushagra/mini_radi_ws/install/mini_radi_gazebo/share/ament_index/resource_index/packages/mini_radi_gazebo
[0.662s] -- Symlinking: /home/kushagra/mini_radi_ws/install/mini_radi_gazebo/share/mini_radi_gazebo/cmake/mini_radi_gazeboConfig.cmake
[0.670s] -- Symlinking: /home/kushagra/mini_radi_ws/install/mini_radi_gazebo/share/mini_radi_gazebo/cmake/mini_radi_gazeboConfig-version.cmake
[0.677s] -- Symlinking: /home/kushagra/mini_radi_ws/install/mini_radi_gazebo/share/mini_radi_gazebo/package.xml
[0.692s] Invoked command in '/home/kushagra/mini_radi_ws/build/mini_radi_gazebo' returned '0': CMAKE_PREFIX_PATH=${CMAKE_PREFIX_PATH}:/home/kushagra/mini_radi_ws/install/mini_radi_control:/opt/ros/humble /usr/bin/cmake --install /home/kushagra/mini_radi_ws/build/mini_radi_gazebo
