[0.181s] Invoking command in '/home/kushagra/mini_radi_ws/build/mini_radi_gazebo': CMAKE_PREFIX_PATH=${CMAKE_PREFIX_PATH}:/home/kushagra/mini_radi_ws/install/mini_radi_control:/opt/ros/humble /usr/bin/cmake --build /home/kushagra/mini_radi_ws/build/mini_radi_gazebo -- -j7 -l7
[0.223s] Invoked command in '/home/kushagra/mini_radi_ws/build/mini_radi_gazebo' returned '0': CMAKE_PREFIX_PATH=${CMAKE_PREFIX_PATH}:/home/kushagra/mini_radi_ws/install/mini_radi_control:/opt/ros/humble /usr/bin/cmake --build /home/kushagra/mini_radi_ws/build/mini_radi_gazebo -- -j7 -l7
[0.224s] Invoking command in '/home/kushagra/mini_radi_ws/build/mini_radi_gazebo': CMAKE_PREFIX_PATH=${CMAKE_PREFIX_PATH}:/home/kushagra/mini_radi_ws/install/mini_radi_control:/opt/ros/humble /usr/bin/cmake --install /home/kushagra/mini_radi_ws/build/mini_radi_gazebo
[0.231s] -- Install configuration: ""
[0.232s] -- Execute custom install script
[0.232s] -- Up-to-date symlink: /home/kushagra/mini_radi_ws/install/mini_radi_gazebo/share/ament_index/resource_index/package_run_dependencies/mini_radi_gazebo
[0.232s] -- Up-to-date symlink: /home/kushagra/mini_radi_ws/install/mini_radi_gazebo/share/ament_index/resource_index/parent_prefix_path/mini_radi_gazebo
[0.232s] -- Up-to-date symlink: /home/kushagra/mini_radi_ws/install/mini_radi_gazebo/share/mini_radi_gazebo/environment/ament_prefix_path.sh
[0.233s] -- Up-to-date symlink: /home/kushagra/mini_radi_ws/install/mini_radi_gazebo/share/mini_radi_gazebo/environment/ament_prefix_path.dsv
[0.233s] -- Up-to-date symlink: /home/kushagra/mini_radi_ws/install/mini_radi_gazebo/share/mini_radi_gazebo/environment/path.sh
[0.233s] -- Up-to-date symlink: /home/kushagra/mini_radi_ws/install/mini_radi_gazebo/share/mini_radi_gazebo/environment/path.dsv
[0.233s] -- Up-to-date symlink: /home/kushagra/mini_radi_ws/install/mini_radi_gazebo/share/mini_radi_gazebo/local_setup.bash
[0.233s] -- Up-to-date symlink: /home/kushagra/mini_radi_ws/install/mini_radi_gazebo/share/mini_radi_gazebo/local_setup.sh
[0.233s] -- Up-to-date symlink: /home/kushagra/mini_radi_ws/install/mini_radi_gazebo/share/mini_radi_gazebo/local_setup.zsh
[0.233s] -- Up-to-date symlink: /home/kushagra/mini_radi_ws/install/mini_radi_gazebo/share/mini_radi_gazebo/local_setup.dsv
[0.233s] -- Symlinking: /home/kushagra/mini_radi_ws/install/mini_radi_gazebo/share/mini_radi_gazebo/package.dsv
[0.240s] -- Up-to-date symlink: /home/kushagra/mini_radi_ws/install/mini_radi_gazebo/share/ament_index/resource_index/packages/mini_radi_gazebo
[0.240s] -- Up-to-date symlink: /home/kushagra/mini_radi_ws/install/mini_radi_gazebo/share/mini_radi_gazebo/cmake/mini_radi_gazeboConfig.cmake
[0.241s] -- Up-to-date symlink: /home/kushagra/mini_radi_ws/install/mini_radi_gazebo/share/mini_radi_gazebo/cmake/mini_radi_gazeboConfig-version.cmake
[0.241s] -- Up-to-date symlink: /home/kushagra/mini_radi_ws/install/mini_radi_gazebo/share/mini_radi_gazebo/package.xml
[0.256s] Invoked command in '/home/kushagra/mini_radi_ws/build/mini_radi_gazebo' returned '0': CMAKE_PREFIX_PATH=${CMAKE_PREFIX_PATH}:/home/kushagra/mini_radi_ws/install/mini_radi_control:/opt/ros/humble /usr/bin/cmake --install /home/kushagra/mini_radi_ws/build/mini_radi_gazebo
