[0.009s] Invoking command in '/home/kushagra/mini_radi_ws/build/mini_radi_description': CMAKE_PREFIX_PATH=${CMAKE_PREFIX_PATH}:/opt/ros/humble /usr/bin/cmake --build /home/kushagra/mini_radi_ws/build/mini_radi_description -- -j7 -l7
[0.025s] -- Found ament_cmake: 1.3.14 (/opt/ros/humble/share/ament_cmake/cmake)
[0.128s] -- Found ament_lint_auto: 0.12.15 (/opt/ros/humble/share/ament_lint_auto/cmake)
[0.175s] -- Added test 'flake8' to check Python code syntax and style conventions
[0.175s] -- Added test 'lint_cmake' to check CMake code style
[0.176s] -- Added test 'pep257' to check Python code against some of the docstring style conventions in PEP 257
[0.176s] -- Added test 'xmllint' to check XML markup files
[0.177s] -- Configuring done
[0.178s] -- Generating done
[0.180s] -- Build files have been written to: /home/kushagra/mini_radi_ws/build/mini_radi_description
[0.195s] Invoked command in '/home/kushagra/mini_radi_ws/build/mini_radi_description' returned '0': CMAKE_PREFIX_PATH=${CMAKE_PREFIX_PATH}:/opt/ros/humble /usr/bin/cmake --build /home/kushagra/mini_radi_ws/build/mini_radi_description -- -j7 -l7
[0.203s] Invoking command in '/home/kushagra/mini_radi_ws/build/mini_radi_description': CMAKE_PREFIX_PATH=${CMAKE_PREFIX_PATH}:/opt/ros/humble /usr/bin/cmake --install /home/kushagra/mini_radi_ws/build/mini_radi_description
[0.210s] -- Install configuration: ""
[0.210s] -- Installing: /home/kushagra/mini_radi_ws/install/mini_radi_description/share/mini_radi_description/urdf
[0.210s] -- Installing: /home/kushagra/mini_radi_ws/install/mini_radi_description/share/mini_radi_description/urdf/mini_radi.urdf
[0.210s] -- Installing: /home/kushagra/mini_radi_ws/install/mini_radi_description/share/mini_radi_description/launch
[0.210s] -- Installing: /home/kushagra/mini_radi_ws/install/mini_radi_description/share/mini_radi_description/launch/display.launch.py
[0.210s] -- Up-to-date: /home/kushagra/mini_radi_ws/install/mini_radi_description/share/ament_index/resource_index/package_run_dependencies/mini_radi_description
[0.211s] -- Installing: /home/kushagra/mini_radi_ws/install/mini_radi_description/share/ament_index/resource_index/parent_prefix_path/mini_radi_description
[0.211s] -- Up-to-date: /home/kushagra/mini_radi_ws/install/mini_radi_description/share/mini_radi_description/environment/ament_prefix_path.sh
[0.211s] -- Installing: /home/kushagra/mini_radi_ws/install/mini_radi_description/share/mini_radi_description/environment/ament_prefix_path.dsv
[0.211s] -- Up-to-date: /home/kushagra/mini_radi_ws/install/mini_radi_description/share/mini_radi_description/environment/path.sh
[0.211s] -- Installing: /home/kushagra/mini_radi_ws/install/mini_radi_description/share/mini_radi_description/environment/path.dsv
[0.211s] -- Up-to-date: /home/kushagra/mini_radi_ws/install/mini_radi_description/share/mini_radi_description/local_setup.bash
[0.211s] -- Up-to-date: /home/kushagra/mini_radi_ws/install/mini_radi_description/share/mini_radi_description/local_setup.sh
[0.211s] -- Up-to-date: /home/kushagra/mini_radi_ws/install/mini_radi_description/share/mini_radi_description/local_setup.zsh
[0.211s] -- Installing: /home/kushagra/mini_radi_ws/install/mini_radi_description/share/mini_radi_description/local_setup.dsv
[0.211s] -- Installing: /home/kushagra/mini_radi_ws/install/mini_radi_description/share/mini_radi_description/package.dsv
[0.212s] -- Up-to-date: /home/kushagra/mini_radi_ws/install/mini_radi_description/share/ament_index/resource_index/packages/mini_radi_description
[0.212s] -- Up-to-date: /home/kushagra/mini_radi_ws/install/mini_radi_description/share/mini_radi_description/cmake/mini_radi_descriptionConfig.cmake
[0.212s] -- Up-to-date: /home/kushagra/mini_radi_ws/install/mini_radi_description/share/mini_radi_description/cmake/mini_radi_descriptionConfig-version.cmake
[0.212s] -- Up-to-date: /home/kushagra/mini_radi_ws/install/mini_radi_description/share/mini_radi_description/package.xml
[0.213s] Invoked command in '/home/kushagra/mini_radi_ws/build/mini_radi_description' returned '0': CMAKE_PREFIX_PATH=${CMAKE_PREFIX_PATH}:/opt/ros/humble /usr/bin/cmake --install /home/kushagra/mini_radi_ws/build/mini_radi_description
