[0.071s] DEBUG:colcon:Command line arguments: ['/usr/bin/colcon', 'build', '--symlink-install']
[0.071s] DEBUG:colcon:Parsed command line arguments: Namespace(log_base=None, log_level=None, verb_name='build', build_base='build', install_base='install', merge_install=False, symlink_install=True, test_result_base=None, continue_on_error=False, executor='parallel', parallel_workers=7, event_handlers=None, ignore_user_meta=False, metas=['./colcon.meta'], base_paths=['.'], packages_ignore=None, packages_ignore_regex=None, paths=None, packages_up_to=None, packages_up_to_regex=None, packages_above=None, packages_above_and_dependencies=None, packages_above_depth=None, packages_select_by_dep=None, packages_skip_by_dep=None, packages_skip_up_to=None, packages_select_build_failed=False, packages_skip_build_finished=False, packages_select_test_failures=False, packages_skip_test_passed=False, packages_select=None, packages_skip=None, packages_select_regex=None, packages_skip_regex=None, packages_start=None, packages_end=None, allow_overriding=[], cmake_args=None, cmake_target=None, cmake_target_skip_unavailable=False, cmake_clean_cache=False, cmake_clean_first=False, cmake_force_configure=False, ament_cmake_args=None, catkin_cmake_args=None, catkin_skip_building_tests=False, verb_parser=<colcon_defaults.argument_parser.defaults.DefaultArgumentsDecorator object at 0x7fe8502eb7f0>, verb_extension=<colcon_core.verb.build.BuildVerb object at 0x7fe850464430>, main=<bound method BuildVerb.main of <colcon_core.verb.build.BuildVerb object at 0x7fe850464430>>)
[0.166s] Level 1:colcon.colcon_core.package_discovery:discover_packages(colcon_meta) check parameters
[0.166s] Level 1:colcon.colcon_core.package_discovery:discover_packages(recursive) check parameters
[0.166s] Level 1:colcon.colcon_core.package_discovery:discover_packages(ignore) check parameters
[0.166s] Level 1:colcon.colcon_core.package_discovery:discover_packages(path) check parameters
[0.166s] Level 1:colcon.colcon_core.package_discovery:discover_packages(colcon_meta) discover
[0.166s] Level 1:colcon.colcon_core.package_discovery:discover_packages(recursive) discover
[0.166s] INFO:colcon.colcon_core.package_discovery:Crawling recursively for packages in '/home/kushagra/mini_radi_ws'
[0.166s] Level 1:colcon.colcon_core.package_identification:_identify(.) by extensions ['ignore', 'ignore_ament_install']
[0.166s] Level 1:colcon.colcon_core.package_identification:_identify(.) by extension 'ignore'
[0.166s] Level 1:colcon.colcon_core.package_identification:_identify(.) by extension 'ignore_ament_install'
[0.166s] Level 1:colcon.colcon_core.package_identification:_identify(.) by extensions ['colcon_pkg']
[0.166s] Level 1:colcon.colcon_core.package_identification:_identify(.) by extension 'colcon_pkg'
[0.166s] Level 1:colcon.colcon_core.package_identification:_identify(.) by extensions ['colcon_meta']
[0.166s] Level 1:colcon.colcon_core.package_identification:_identify(.) by extension 'colcon_meta'
[0.166s] Level 1:colcon.colcon_core.package_identification:_identify(.) by extensions ['ros']
[0.166s] Level 1:colcon.colcon_core.package_identification:_identify(.) by extension 'ros'
[0.175s] Level 1:colcon.colcon_core.package_identification:_identify(.) by extensions ['cmake', 'python']
[0.175s] Level 1:colcon.colcon_core.package_identification:_identify(.) by extension 'cmake'
[0.175s] Level 1:colcon.colcon_core.package_identification:_identify(.) by extension 'python'
[0.175s] Level 1:colcon.colcon_core.package_identification:_identify(.) by extensions ['python_setup_py']
[0.175s] Level 1:colcon.colcon_core.package_identification:_identify(.) by extension 'python_setup_py'
[0.175s] Level 1:colcon.colcon_core.package_identification:_identify(build) by extensions ['ignore', 'ignore_ament_install']
[0.175s] Level 1:colcon.colcon_core.package_identification:_identify(build) by extension 'ignore'
[0.175s] Level 1:colcon.colcon_core.package_identification:_identify(build) ignored
[0.175s] Level 1:colcon.colcon_core.package_identification:_identify(install) by extensions ['ignore', 'ignore_ament_install']
[0.175s] Level 1:colcon.colcon_core.package_identification:_identify(install) by extension 'ignore'
[0.175s] Level 1:colcon.colcon_core.package_identification:_identify(install) ignored
[0.175s] Level 1:colcon.colcon_core.package_identification:_identify(log) by extensions ['ignore', 'ignore_ament_install']
[0.175s] Level 1:colcon.colcon_core.package_identification:_identify(log) by extension 'ignore'
[0.175s] Level 1:colcon.colcon_core.package_identification:_identify(log) ignored
[0.175s] Level 1:colcon.colcon_core.package_identification:_identify(src) by extensions ['ignore', 'ignore_ament_install']
[0.175s] Level 1:colcon.colcon_core.package_identification:_identify(src) by extension 'ignore'
[0.175s] Level 1:colcon.colcon_core.package_identification:_identify(src) by extension 'ignore_ament_install'
[0.175s] Level 1:colcon.colcon_core.package_identification:_identify(src) by extensions ['colcon_pkg']
[0.175s] Level 1:colcon.colcon_core.package_identification:_identify(src) by extension 'colcon_pkg'
[0.176s] Level 1:colcon.colcon_core.package_identification:_identify(src) by extensions ['colcon_meta']
[0.176s] Level 1:colcon.colcon_core.package_identification:_identify(src) by extension 'colcon_meta'
[0.176s] Level 1:colcon.colcon_core.package_identification:_identify(src) by extensions ['ros']
[0.176s] Level 1:colcon.colcon_core.package_identification:_identify(src) by extension 'ros'
[0.176s] Level 1:colcon.colcon_core.package_identification:_identify(src) by extensions ['cmake', 'python']
[0.176s] Level 1:colcon.colcon_core.package_identification:_identify(src) by extension 'cmake'
[0.176s] Level 1:colcon.colcon_core.package_identification:_identify(src) by extension 'python'
[0.176s] Level 1:colcon.colcon_core.package_identification:_identify(src) by extensions ['python_setup_py']
[0.176s] Level 1:colcon.colcon_core.package_identification:_identify(src) by extension 'python_setup_py'
[0.176s] Level 1:colcon.colcon_core.package_identification:_identify(src/mini_radi_behavior) by extensions ['ignore', 'ignore_ament_install']
[0.176s] Level 1:colcon.colcon_core.package_identification:_identify(src/mini_radi_behavior) by extension 'ignore'
[0.176s] Level 1:colcon.colcon_core.package_identification:_identify(src/mini_radi_behavior) by extension 'ignore_ament_install'
[0.176s] Level 1:colcon.colcon_core.package_identification:_identify(src/mini_radi_behavior) by extensions ['colcon_pkg']
[0.176s] Level 1:colcon.colcon_core.package_identification:_identify(src/mini_radi_behavior) by extension 'colcon_pkg'
[0.176s] Level 1:colcon.colcon_core.package_identification:_identify(src/mini_radi_behavior) by extensions ['colcon_meta']
[0.176s] Level 1:colcon.colcon_core.package_identification:_identify(src/mini_radi_behavior) by extension 'colcon_meta'
[0.176s] Level 1:colcon.colcon_core.package_identification:_identify(src/mini_radi_behavior) by extensions ['ros']
[0.176s] Level 1:colcon.colcon_core.package_identification:_identify(src/mini_radi_behavior) by extension 'ros'
[0.176s] Level 1:colcon.colcon_core.package_identification:_identify(src/mini_radi_behavior) by extensions ['cmake', 'python']
[0.176s] Level 1:colcon.colcon_core.package_identification:_identify(src/mini_radi_behavior) by extension 'cmake'
[0.176s] Level 1:colcon.colcon_core.package_identification:_identify(src/mini_radi_behavior) by extension 'python'
[0.176s] Level 1:colcon.colcon_core.package_identification:_identify(src/mini_radi_behavior) by extensions ['python_setup_py']
[0.176s] Level 1:colcon.colcon_core.package_identification:_identify(src/mini_radi_behavior) by extension 'python_setup_py'
[0.176s] Level 1:colcon.colcon_core.package_identification:_identify(src/mini_radi_control) by extensions ['ignore', 'ignore_ament_install']
[0.176s] Level 1:colcon.colcon_core.package_identification:_identify(src/mini_radi_control) by extension 'ignore'
[0.176s] Level 1:colcon.colcon_core.package_identification:_identify(src/mini_radi_control) by extension 'ignore_ament_install'
[0.176s] Level 1:colcon.colcon_core.package_identification:_identify(src/mini_radi_control) by extensions ['colcon_pkg']
[0.176s] Level 1:colcon.colcon_core.package_identification:_identify(src/mini_radi_control) by extension 'colcon_pkg'
[0.176s] Level 1:colcon.colcon_core.package_identification:_identify(src/mini_radi_control) by extensions ['colcon_meta']
[0.176s] Level 1:colcon.colcon_core.package_identification:_identify(src/mini_radi_control) by extension 'colcon_meta'
[0.176s] Level 1:colcon.colcon_core.package_identification:_identify(src/mini_radi_control) by extensions ['ros']
[0.176s] Level 1:colcon.colcon_core.package_identification:_identify(src/mini_radi_control) by extension 'ros'
[0.178s] DEBUG:colcon.colcon_core.package_identification:Package 'src/mini_radi_control' with type 'ros.ament_python' and name 'mini_radi_control'
[0.178s] Level 1:colcon.colcon_core.package_identification:_identify(src/mini_radi_description) by extensions ['ignore', 'ignore_ament_install']
[0.178s] Level 1:colcon.colcon_core.package_identification:_identify(src/mini_radi_description) by extension 'ignore'
[0.179s] Level 1:colcon.colcon_core.package_identification:_identify(src/mini_radi_description) by extension 'ignore_ament_install'
[0.179s] Level 1:colcon.colcon_core.package_identification:_identify(src/mini_radi_description) by extensions ['colcon_pkg']
[0.179s] Level 1:colcon.colcon_core.package_identification:_identify(src/mini_radi_description) by extension 'colcon_pkg'
[0.179s] Level 1:colcon.colcon_core.package_identification:_identify(src/mini_radi_description) by extensions ['colcon_meta']
[0.179s] Level 1:colcon.colcon_core.package_identification:_identify(src/mini_radi_description) by extension 'colcon_meta'
[0.179s] Level 1:colcon.colcon_core.package_identification:_identify(src/mini_radi_description) by extensions ['ros']
[0.179s] Level 1:colcon.colcon_core.package_identification:_identify(src/mini_radi_description) by extension 'ros'
[0.179s] DEBUG:colcon.colcon_core.package_identification:Package 'src/mini_radi_description' with type 'ros.ament_cmake' and name 'mini_radi_description'
[0.179s] Level 1:colcon.colcon_core.package_identification:_identify(src/mini_radi_gazebo) by extensions ['ignore', 'ignore_ament_install']
[0.179s] Level 1:colcon.colcon_core.package_identification:_identify(src/mini_radi_gazebo) by extension 'ignore'
[0.179s] Level 1:colcon.colcon_core.package_identification:_identify(src/mini_radi_gazebo) by extension 'ignore_ament_install'
[0.179s] Level 1:colcon.colcon_core.package_identification:_identify(src/mini_radi_gazebo) by extensions ['colcon_pkg']
[0.179s] Level 1:colcon.colcon_core.package_identification:_identify(src/mini_radi_gazebo) by extension 'colcon_pkg'
[0.179s] Level 1:colcon.colcon_core.package_identification:_identify(src/mini_radi_gazebo) by extensions ['colcon_meta']
[0.179s] Level 1:colcon.colcon_core.package_identification:_identify(src/mini_radi_gazebo) by extension 'colcon_meta'
[0.179s] Level 1:colcon.colcon_core.package_identification:_identify(src/mini_radi_gazebo) by extensions ['ros']
[0.179s] Level 1:colcon.colcon_core.package_identification:_identify(src/mini_radi_gazebo) by extension 'ros'
[0.179s] Level 1:colcon.colcon_core.package_identification:_identify(src/mini_radi_gazebo) by extensions ['cmake', 'python']
[0.179s] Level 1:colcon.colcon_core.package_identification:_identify(src/mini_radi_gazebo) by extension 'cmake'
[0.180s] Level 1:colcon.colcon_core.package_identification:_identify(src/mini_radi_gazebo) by extension 'python'
[0.180s] DEBUG:colcon.colcon_core.package_identification:Package 'src/mini_radi_gazebo' with type 'cmake' and name 'mini_radi_gazebo'
[0.180s] Level 1:colcon.colcon_core.package_identification:_identify(src/mini_radi_gui) by extensions ['ignore', 'ignore_ament_install']
[0.180s] Level 1:colcon.colcon_core.package_identification:_identify(src/mini_radi_gui) by extension 'ignore'
[0.180s] Level 1:colcon.colcon_core.package_identification:_identify(src/mini_radi_gui) by extension 'ignore_ament_install'
[0.180s] Level 1:colcon.colcon_core.package_identification:_identify(src/mini_radi_gui) by extensions ['colcon_pkg']
[0.180s] Level 1:colcon.colcon_core.package_identification:_identify(src/mini_radi_gui) by extension 'colcon_pkg'
[0.180s] Level 1:colcon.colcon_core.package_identification:_identify(src/mini_radi_gui) by extensions ['colcon_meta']
[0.180s] Level 1:colcon.colcon_core.package_identification:_identify(src/mini_radi_gui) by extension 'colcon_meta'
[0.180s] Level 1:colcon.colcon_core.package_identification:_identify(src/mini_radi_gui) by extensions ['ros']
[0.180s] Level 1:colcon.colcon_core.package_identification:_identify(src/mini_radi_gui) by extension 'ros'
[0.181s] Level 1:colcon.colcon_core.package_identification:_identify(src/mini_radi_gui) by extensions ['cmake', 'python']
[0.181s] Level 1:colcon.colcon_core.package_identification:_identify(src/mini_radi_gui) by extension 'cmake'
[0.181s] Level 1:colcon.colcon_core.package_identification:_identify(src/mini_radi_gui) by extension 'python'
[0.181s] Level 1:colcon.colcon_core.package_identification:_identify(src/mini_radi_gui) by extensions ['python_setup_py']
[0.181s] Level 1:colcon.colcon_core.package_identification:_identify(src/mini_radi_gui) by extension 'python_setup_py'
[0.181s] Level 1:colcon.colcon_core.package_identification:_identify(src/mini_radi_sensors) by extensions ['ignore', 'ignore_ament_install']
[0.181s] Level 1:colcon.colcon_core.package_identification:_identify(src/mini_radi_sensors) by extension 'ignore'
[0.181s] Level 1:colcon.colcon_core.package_identification:_identify(src/mini_radi_sensors) by extension 'ignore_ament_install'
[0.181s] Level 1:colcon.colcon_core.package_identification:_identify(src/mini_radi_sensors) by extensions ['colcon_pkg']
[0.181s] Level 1:colcon.colcon_core.package_identification:_identify(src/mini_radi_sensors) by extension 'colcon_pkg'
[0.181s] Level 1:colcon.colcon_core.package_identification:_identify(src/mini_radi_sensors) by extensions ['colcon_meta']
[0.181s] Level 1:colcon.colcon_core.package_identification:_identify(src/mini_radi_sensors) by extension 'colcon_meta'
[0.181s] Level 1:colcon.colcon_core.package_identification:_identify(src/mini_radi_sensors) by extensions ['ros']
[0.181s] Level 1:colcon.colcon_core.package_identification:_identify(src/mini_radi_sensors) by extension 'ros'
[0.181s] Level 1:colcon.colcon_core.package_identification:_identify(src/mini_radi_sensors) by extensions ['cmake', 'python']
[0.181s] Level 1:colcon.colcon_core.package_identification:_identify(src/mini_radi_sensors) by extension 'cmake'
[0.181s] Level 1:colcon.colcon_core.package_identification:_identify(src/mini_radi_sensors) by extension 'python'
[0.181s] Level 1:colcon.colcon_core.package_identification:_identify(src/mini_radi_sensors) by extensions ['python_setup_py']
[0.181s] Level 1:colcon.colcon_core.package_identification:_identify(src/mini_radi_sensors) by extension 'python_setup_py'
[0.181s] Level 1:colcon.colcon_core.package_discovery:discover_packages(recursive) using defaults
[0.181s] Level 1:colcon.colcon_core.package_discovery:discover_packages(ignore) discover
[0.181s] Level 1:colcon.colcon_core.package_discovery:discover_packages(ignore) using defaults
[0.181s] Level 1:colcon.colcon_core.package_discovery:discover_packages(path) discover
[0.181s] Level 1:colcon.colcon_core.package_discovery:discover_packages(path) using defaults
[0.196s] Level 1:colcon.colcon_core.package_discovery:discover_packages(prefix_path) check parameters
[0.196s] Level 1:colcon.colcon_core.package_discovery:discover_packages(prefix_path) discover
[0.197s] DEBUG:colcon.colcon_installed_package_information.package_discovery:Found 2 installed packages in /home/kushagra/mini_radi_ws/install
[0.197s] DEBUG:colcon.colcon_installed_package_information.package_discovery:Found 273 installed packages in /opt/ros/humble
[0.199s] Level 1:colcon.colcon_core.package_discovery:discover_packages(prefix_path) using defaults
[0.231s] Level 5:colcon.colcon_core.verb:set package 'mini_radi_control' build argument 'cmake_args' from command line to 'None'
[0.231s] Level 5:colcon.colcon_core.verb:set package 'mini_radi_control' build argument 'cmake_target' from command line to 'None'
[0.231s] Level 5:colcon.colcon_core.verb:set package 'mini_radi_control' build argument 'cmake_target_skip_unavailable' from command line to 'False'
[0.231s] Level 5:colcon.colcon_core.verb:set package 'mini_radi_control' build argument 'cmake_clean_cache' from command line to 'False'
[0.231s] Level 5:colcon.colcon_core.verb:set package 'mini_radi_control' build argument 'cmake_clean_first' from command line to 'False'
[0.231s] Level 5:colcon.colcon_core.verb:set package 'mini_radi_control' build argument 'cmake_force_configure' from command line to 'False'
[0.231s] Level 5:colcon.colcon_core.verb:set package 'mini_radi_control' build argument 'ament_cmake_args' from command line to 'None'
[0.232s] Level 5:colcon.colcon_core.verb:set package 'mini_radi_control' build argument 'catkin_cmake_args' from command line to 'None'
[0.232s] Level 5:colcon.colcon_core.verb:set package 'mini_radi_control' build argument 'catkin_skip_building_tests' from command line to 'False'
[0.232s] DEBUG:colcon.colcon_core.verb:Building package 'mini_radi_control' with the following arguments: {'ament_cmake_args': None, 'build_base': '/home/kushagra/mini_radi_ws/build/mini_radi_control', 'catkin_cmake_args': None, 'catkin_skip_building_tests': False, 'cmake_args': None, 'cmake_clean_cache': False, 'cmake_clean_first': False, 'cmake_force_configure': False, 'cmake_target': None, 'cmake_target_skip_unavailable': False, 'install_base': '/home/kushagra/mini_radi_ws/install/mini_radi_control', 'merge_install': False, 'path': '/home/kushagra/mini_radi_ws/src/mini_radi_control', 'symlink_install': True, 'test_result_base': None}
[0.232s] Level 5:colcon.colcon_core.verb:set package 'mini_radi_description' build argument 'cmake_args' from command line to 'None'
[0.232s] Level 5:colcon.colcon_core.verb:set package 'mini_radi_description' build argument 'cmake_target' from command line to 'None'
[0.232s] Level 5:colcon.colcon_core.verb:set package 'mini_radi_description' build argument 'cmake_target_skip_unavailable' from command line to 'False'
[0.232s] Level 5:colcon.colcon_core.verb:set package 'mini_radi_description' build argument 'cmake_clean_cache' from command line to 'False'
[0.232s] Level 5:colcon.colcon_core.verb:set package 'mini_radi_description' build argument 'cmake_clean_first' from command line to 'False'
[0.232s] Level 5:colcon.colcon_core.verb:set package 'mini_radi_description' build argument 'cmake_force_configure' from command line to 'False'
[0.232s] Level 5:colcon.colcon_core.verb:set package 'mini_radi_description' build argument 'ament_cmake_args' from command line to 'None'
[0.232s] Level 5:colcon.colcon_core.verb:set package 'mini_radi_description' build argument 'catkin_cmake_args' from command line to 'None'
[0.232s] Level 5:colcon.colcon_core.verb:set package 'mini_radi_description' build argument 'catkin_skip_building_tests' from command line to 'False'
[0.232s] DEBUG:colcon.colcon_core.verb:Building package 'mini_radi_description' with the following arguments: {'ament_cmake_args': None, 'build_base': '/home/kushagra/mini_radi_ws/build/mini_radi_description', 'catkin_cmake_args': None, 'catkin_skip_building_tests': False, 'cmake_args': None, 'cmake_clean_cache': False, 'cmake_clean_first': False, 'cmake_force_configure': False, 'cmake_target': None, 'cmake_target_skip_unavailable': False, 'install_base': '/home/kushagra/mini_radi_ws/install/mini_radi_description', 'merge_install': False, 'path': '/home/kushagra/mini_radi_ws/src/mini_radi_description', 'symlink_install': True, 'test_result_base': None}
[0.232s] Level 5:colcon.colcon_core.verb:set package 'mini_radi_gazebo' build argument 'cmake_args' from command line to 'None'
[0.232s] Level 5:colcon.colcon_core.verb:set package 'mini_radi_gazebo' build argument 'cmake_target' from command line to 'None'
[0.232s] Level 5:colcon.colcon_core.verb:set package 'mini_radi_gazebo' build argument 'cmake_target_skip_unavailable' from command line to 'False'
[0.232s] Level 5:colcon.colcon_core.verb:set package 'mini_radi_gazebo' build argument 'cmake_clean_cache' from command line to 'False'
[0.232s] Level 5:colcon.colcon_core.verb:set package 'mini_radi_gazebo' build argument 'cmake_clean_first' from command line to 'False'
[0.232s] Level 5:colcon.colcon_core.verb:set package 'mini_radi_gazebo' build argument 'cmake_force_configure' from command line to 'False'
[0.232s] Level 5:colcon.colcon_core.verb:set package 'mini_radi_gazebo' build argument 'ament_cmake_args' from command line to 'None'
[0.232s] Level 5:colcon.colcon_core.verb:set package 'mini_radi_gazebo' build argument 'catkin_cmake_args' from command line to 'None'
[0.232s] Level 5:colcon.colcon_core.verb:set package 'mini_radi_gazebo' build argument 'catkin_skip_building_tests' from command line to 'False'
[0.232s] DEBUG:colcon.colcon_core.verb:Building package 'mini_radi_gazebo' with the following arguments: {'ament_cmake_args': None, 'build_base': '/home/kushagra/mini_radi_ws/build/mini_radi_gazebo', 'catkin_cmake_args': None, 'catkin_skip_building_tests': False, 'cmake_args': None, 'cmake_clean_cache': False, 'cmake_clean_first': False, 'cmake_force_configure': False, 'cmake_target': None, 'cmake_target_skip_unavailable': False, 'install_base': '/home/kushagra/mini_radi_ws/install/mini_radi_gazebo', 'merge_install': False, 'path': '/home/kushagra/mini_radi_ws/src/mini_radi_gazebo', 'symlink_install': True, 'test_result_base': None}
[0.232s] INFO:colcon.colcon_core.executor:Executing jobs using 'parallel' executor
[0.233s] DEBUG:colcon.colcon_parallel_executor.executor.parallel:run_until_complete
[0.234s] INFO:colcon.colcon_ros.task.ament_python.build:Building ROS package in '/home/kushagra/mini_radi_ws/src/mini_radi_control' with build type 'ament_python'
[0.234s] Level 1:colcon.colcon_core.shell:create_environment_hook('mini_radi_control', 'ament_prefix_path')
[0.238s] INFO:colcon.colcon_core.plugin_system:Skipping extension 'colcon_core.shell.bat': Not used on non-Windows systems
[0.239s] INFO:colcon.colcon_core.shell:Creating environment hook '/home/kushagra/mini_radi_ws/install/mini_radi_control/share/mini_radi_control/hook/ament_prefix_path.ps1'
[0.240s] INFO:colcon.colcon_core.shell:Creating environment descriptor '/home/kushagra/mini_radi_ws/install/mini_radi_control/share/mini_radi_control/hook/ament_prefix_path.dsv'
[0.240s] INFO:colcon.colcon_core.shell:Creating environment hook '/home/kushagra/mini_radi_ws/install/mini_radi_control/share/mini_radi_control/hook/ament_prefix_path.sh'
[0.241s] INFO:colcon.colcon_core.shell:Skip shell extension 'powershell' for command environment: Not usable outside of PowerShell
[0.241s] DEBUG:colcon.colcon_core.shell:Skip shell extension 'dsv' for command environment
[0.244s] INFO:colcon.colcon_ros.task.ament_cmake.build:Building ROS package in '/home/kushagra/mini_radi_ws/src/mini_radi_description' with build type 'ament_cmake'
[0.244s] INFO:colcon.colcon_cmake.task.cmake.build:Building CMake package in '/home/kushagra/mini_radi_ws/src/mini_radi_description'
[0.244s] INFO:colcon.colcon_core.shell:Skip shell extension 'powershell' for command environment: Not usable outside of PowerShell
[0.244s] DEBUG:colcon.colcon_core.shell:Skip shell extension 'dsv' for command environment
[0.247s] INFO:colcon.colcon_cmake.task.cmake.build:Building CMake package in '/home/kushagra/mini_radi_ws/src/mini_radi_gazebo'
[0.247s] INFO:colcon.colcon_core.shell:Skip shell extension 'powershell' for command environment: Not usable outside of PowerShell
[0.247s] DEBUG:colcon.colcon_core.shell:Skip shell extension 'dsv' for command environment
[0.414s] INFO:colcon.colcon_core.task.python.build:Building Python package in '/home/kushagra/mini_radi_ws/src/mini_radi_control'
[0.414s] INFO:colcon.colcon_core.shell:Skip shell extension 'powershell' for command environment: Not usable outside of PowerShell
[0.414s] DEBUG:colcon.colcon_core.shell:Skip shell extension 'dsv' for command environment
[0.419s] DEBUG:colcon.colcon_core.event_handler.log_command:Invoking command in '/home/kushagra/mini_radi_ws/build/mini_radi_description': CMAKE_PREFIX_PATH=${CMAKE_PREFIX_PATH}:/home/kushagra/mini_radi_ws/install/mini_radi_control:/opt/ros/humble /usr/bin/cmake --build /home/kushagra/mini_radi_ws/build/mini_radi_description -- -j7 -l7
[0.424s] DEBUG:colcon.colcon_core.event_handler.log_command:Invoking command in '/home/kushagra/mini_radi_ws/build/mini_radi_gazebo': /usr/bin/cmake /home/kushagra/mini_radi_ws/src/mini_radi_gazebo -DCMAKE_INSTALL_PREFIX=/home/kushagra/mini_radi_ws/install/mini_radi_gazebo
[0.502s] DEBUG:colcon.colcon_core.event_handler.log_command:Invoked command in '/home/kushagra/mini_radi_ws/build/mini_radi_description' returned '0': CMAKE_PREFIX_PATH=${CMAKE_PREFIX_PATH}:/home/kushagra/mini_radi_ws/install/mini_radi_control:/opt/ros/humble /usr/bin/cmake --build /home/kushagra/mini_radi_ws/build/mini_radi_description -- -j7 -l7
[0.517s] DEBUG:colcon.colcon_core.event_handler.log_command:Invoking command in '/home/kushagra/mini_radi_ws/build/mini_radi_description': CMAKE_PREFIX_PATH=${CMAKE_PREFIX_PATH}:/home/kushagra/mini_radi_ws/install/mini_radi_control:/opt/ros/humble /usr/bin/cmake --install /home/kushagra/mini_radi_ws/build/mini_radi_description
[0.543s] Level 1:colcon.colcon_core.environment:create_environment_scripts_only(mini_radi_description)
[0.544s] DEBUG:colcon.colcon_core.event_handler.log_command:Invoked command in '/home/kushagra/mini_radi_ws/build/mini_radi_description' returned '0': CMAKE_PREFIX_PATH=${CMAKE_PREFIX_PATH}:/home/kushagra/mini_radi_ws/install/mini_radi_control:/opt/ros/humble /usr/bin/cmake --install /home/kushagra/mini_radi_ws/build/mini_radi_description
[0.550s] Level 1:colcon.colcon_core.environment:checking '/home/kushagra/mini_radi_ws/install/mini_radi_description' for CMake module files
[0.551s] Level 1:colcon.colcon_core.environment:checking '/home/kushagra/mini_radi_ws/install/mini_radi_description' for CMake config files
[0.551s] Level 1:colcon.colcon_core.shell:create_environment_hook('mini_radi_description', 'cmake_prefix_path')
[0.551s] INFO:colcon.colcon_core.shell:Creating environment hook '/home/kushagra/mini_radi_ws/install/mini_radi_description/share/mini_radi_description/hook/cmake_prefix_path.ps1'
[0.552s] INFO:colcon.colcon_core.shell:Creating environment descriptor '/home/kushagra/mini_radi_ws/install/mini_radi_description/share/mini_radi_description/hook/cmake_prefix_path.dsv'
[0.552s] INFO:colcon.colcon_core.shell:Creating environment hook '/home/kushagra/mini_radi_ws/install/mini_radi_description/share/mini_radi_description/hook/cmake_prefix_path.sh'
[0.553s] Level 1:colcon.colcon_core.environment:checking '/home/kushagra/mini_radi_ws/install/mini_radi_description/bin'
[0.553s] Level 1:colcon.colcon_core.environment:checking '/home/kushagra/mini_radi_ws/install/mini_radi_description/lib/pkgconfig/mini_radi_description.pc'
[0.553s] Level 1:colcon.colcon_core.environment:checking '/home/kushagra/mini_radi_ws/install/mini_radi_description/lib/python3.10/site-packages'
[0.554s] Level 1:colcon.colcon_core.environment:checking '/home/kushagra/mini_radi_ws/install/mini_radi_description/bin'
[0.555s] INFO:colcon.colcon_core.shell:Creating package script '/home/kushagra/mini_radi_ws/install/mini_radi_description/share/mini_radi_description/package.ps1'
[0.557s] INFO:colcon.colcon_core.shell:Creating package descriptor '/home/kushagra/mini_radi_ws/install/mini_radi_description/share/mini_radi_description/package.dsv'
[0.558s] INFO:colcon.colcon_core.shell:Creating package script '/home/kushagra/mini_radi_ws/install/mini_radi_description/share/mini_radi_description/package.sh'
[0.559s] INFO:colcon.colcon_core.shell:Creating package script '/home/kushagra/mini_radi_ws/install/mini_radi_description/share/mini_radi_description/package.bash'
[0.560s] INFO:colcon.colcon_core.shell:Creating package script '/home/kushagra/mini_radi_ws/install/mini_radi_description/share/mini_radi_description/package.zsh'
[0.561s] Level 1:colcon.colcon_core.environment:create_file_with_runtime_dependencies(/home/kushagra/mini_radi_ws/install/mini_radi_description/share/colcon-core/packages/mini_radi_description)
[0.561s] Level 1:colcon.colcon_core.environment:create_environment_scripts_only(mini_radi_description)
[0.561s] Level 1:colcon.colcon_core.environment:checking '/home/kushagra/mini_radi_ws/install/mini_radi_description' for CMake module files
[0.562s] Level 1:colcon.colcon_core.environment:checking '/home/kushagra/mini_radi_ws/install/mini_radi_description' for CMake config files
[0.562s] Level 1:colcon.colcon_core.shell:create_environment_hook('mini_radi_description', 'cmake_prefix_path')
[0.562s] INFO:colcon.colcon_core.shell:Creating environment hook '/home/kushagra/mini_radi_ws/install/mini_radi_description/share/mini_radi_description/hook/cmake_prefix_path.ps1'
[0.563s] INFO:colcon.colcon_core.shell:Creating environment descriptor '/home/kushagra/mini_radi_ws/install/mini_radi_description/share/mini_radi_description/hook/cmake_prefix_path.dsv'
[0.563s] INFO:colcon.colcon_core.shell:Creating environment hook '/home/kushagra/mini_radi_ws/install/mini_radi_description/share/mini_radi_description/hook/cmake_prefix_path.sh'
[0.563s] Level 1:colcon.colcon_core.environment:checking '/home/kushagra/mini_radi_ws/install/mini_radi_description/bin'
[0.563s] Level 1:colcon.colcon_core.environment:checking '/home/kushagra/mini_radi_ws/install/mini_radi_description/lib/pkgconfig/mini_radi_description.pc'
[0.564s] Level 1:colcon.colcon_core.environment:checking '/home/kushagra/mini_radi_ws/install/mini_radi_description/lib/python3.10/site-packages'
[0.564s] Level 1:colcon.colcon_core.environment:checking '/home/kushagra/mini_radi_ws/install/mini_radi_description/bin'
[0.564s] INFO:colcon.colcon_core.shell:Creating package script '/home/kushagra/mini_radi_ws/install/mini_radi_description/share/mini_radi_description/package.ps1'
[0.565s] INFO:colcon.colcon_core.shell:Creating package descriptor '/home/kushagra/mini_radi_ws/install/mini_radi_description/share/mini_radi_description/package.dsv'
[0.566s] INFO:colcon.colcon_core.shell:Creating package script '/home/kushagra/mini_radi_ws/install/mini_radi_description/share/mini_radi_description/package.sh'
[0.566s] INFO:colcon.colcon_core.shell:Creating package script '/home/kushagra/mini_radi_ws/install/mini_radi_description/share/mini_radi_description/package.bash'
[0.567s] INFO:colcon.colcon_core.shell:Creating package script '/home/kushagra/mini_radi_ws/install/mini_radi_description/share/mini_radi_description/package.zsh'
[0.567s] Level 1:colcon.colcon_core.environment:create_file_with_runtime_dependencies(/home/kushagra/mini_radi_ws/install/mini_radi_description/share/colcon-core/packages/mini_radi_description)
[0.735s] DEBUG:colcon.colcon_core.task.python.build:Available setuptools commands: install_headers, develop, build, install, clean, dist_info, test, build_py, upload_docs, install_egg_info, bdist_rpm, register, egg_info, build_ext, bdist, symlink_data, install_scripts, alias, bdist_egg, build_clib, easy_install, build_scripts, install_lib, saveopts, upload, check, install_data, sdist, setopt, rotate, bdist_dumb
[0.920s] DEBUG:colcon.colcon_core.task.python.build:Available setuptools 'develop' options: --record, --no-deps, --verbose, --version, --multi-version, --editable, --optimize, --upgrade, --always-copy, --dry-run, --no-user-cfg, --no-find-links, --user, --find-links, --script-dir, --exclude-scripts, --build-directory, --local-snapshots-ok, --uninstall, --quiet, --force-installation-into-system-dir, --help, --install-layout, --zip-ok, --always-unzip, --prefix, --allow-hosts, --index-url, --egg-path, --install-dir, --site-dirs
[0.923s] DEBUG:colcon.colcon_core.event_handler.log_command:Invoking command in '/home/kushagra/mini_radi_ws/build/mini_radi_control': PYTHONPATH=/home/kushagra/mini_radi_ws/build/mini_radi_control/prefix_override:/usr/lib/python3/dist-packages/colcon_core/task/python/colcon_distutils_commands:/home/kushagra/mini_radi_ws/install/mini_radi_control/lib/python3.10/site-packages:${PYTHONPATH} /usr/bin/python3 -W ignore:setup.py install is deprecated -W ignore:easy_install command is deprecated setup.py develop --editable --build-directory /home/kushagra/mini_radi_ws/build/mini_radi_control/build --no-deps symlink_data
[0.936s] DEBUG:colcon.colcon_core.event_handler.log_command:Invoked command in '/home/kushagra/mini_radi_ws/build/mini_radi_gazebo' returned '0': /usr/bin/cmake /home/kushagra/mini_radi_ws/src/mini_radi_gazebo -DCMAKE_INSTALL_PREFIX=/home/kushagra/mini_radi_ws/install/mini_radi_gazebo
[0.937s] DEBUG:colcon.colcon_core.event_handler.log_command:Invoking command in '/home/kushagra/mini_radi_ws/build/mini_radi_gazebo': /usr/bin/cmake --build /home/kushagra/mini_radi_ws/build/mini_radi_gazebo -- -j7 -l7
[0.976s] WARNING:colcon.colcon_cmake.task.cmake.build:Could not run installation step for package 'mini_radi_gazebo' because it has no 'install' target
[0.977s] Level 1:colcon.colcon_core.environment:create_environment_scripts_only(mini_radi_gazebo)
[0.977s] Level 1:colcon.colcon_core.environment:checking '/home/kushagra/mini_radi_ws/install/mini_radi_gazebo' for CMake module files
[0.977s] Level 1:colcon.colcon_core.environment:checking '/home/kushagra/mini_radi_ws/install/mini_radi_gazebo' for CMake config files
[0.977s] DEBUG:colcon.colcon_core.event_handler.log_command:Invoked command in '/home/kushagra/mini_radi_ws/build/mini_radi_gazebo' returned '0': /usr/bin/cmake --build /home/kushagra/mini_radi_ws/build/mini_radi_gazebo -- -j7 -l7
[0.978s] Level 1:colcon.colcon_core.environment:checking '/home/kushagra/mini_radi_ws/install/mini_radi_gazebo/bin'
[0.978s] Level 1:colcon.colcon_core.environment:checking '/home/kushagra/mini_radi_ws/install/mini_radi_gazebo/lib/pkgconfig/mini_radi_gazebo.pc'
[0.978s] Level 1:colcon.colcon_core.environment:checking '/home/kushagra/mini_radi_ws/install/mini_radi_gazebo/lib/python3.10/site-packages'
[0.979s] Level 1:colcon.colcon_core.environment:checking '/home/kushagra/mini_radi_ws/install/mini_radi_gazebo/bin'
[0.979s] INFO:colcon.colcon_core.shell:Creating package script '/home/kushagra/mini_radi_ws/install/mini_radi_gazebo/share/mini_radi_gazebo/package.ps1'
[0.979s] INFO:colcon.colcon_core.shell:Creating package descriptor '/home/kushagra/mini_radi_ws/install/mini_radi_gazebo/share/mini_radi_gazebo/package.dsv'
[0.980s] INFO:colcon.colcon_core.shell:Creating package script '/home/kushagra/mini_radi_ws/install/mini_radi_gazebo/share/mini_radi_gazebo/package.sh'
[0.980s] INFO:colcon.colcon_core.shell:Creating package script '/home/kushagra/mini_radi_ws/install/mini_radi_gazebo/share/mini_radi_gazebo/package.bash'
[0.980s] INFO:colcon.colcon_core.shell:Creating package script '/home/kushagra/mini_radi_ws/install/mini_radi_gazebo/share/mini_radi_gazebo/package.zsh'
[0.980s] Level 1:colcon.colcon_core.environment:create_file_with_runtime_dependencies(/home/kushagra/mini_radi_ws/install/mini_radi_gazebo/share/colcon-core/packages/mini_radi_gazebo)
[1.203s] Level 1:colcon.colcon_core.shell:create_environment_hook('mini_radi_control', 'pythonpath_develop')
[1.203s] INFO:colcon.colcon_core.shell:Creating environment hook '/home/kushagra/mini_radi_ws/build/mini_radi_control/share/mini_radi_control/hook/pythonpath_develop.ps1'
[1.204s] DEBUG:colcon.colcon_core.event_handler.log_command:Invoked command in '/home/kushagra/mini_radi_ws/build/mini_radi_control' returned '0': PYTHONPATH=/home/kushagra/mini_radi_ws/build/mini_radi_control/prefix_override:/usr/lib/python3/dist-packages/colcon_core/task/python/colcon_distutils_commands:/home/kushagra/mini_radi_ws/install/mini_radi_control/lib/python3.10/site-packages:${PYTHONPATH} /usr/bin/python3 -W ignore:setup.py install is deprecated -W ignore:easy_install command is deprecated setup.py develop --editable --build-directory /home/kushagra/mini_radi_ws/build/mini_radi_control/build --no-deps symlink_data
[1.204s] INFO:colcon.colcon_core.shell:Creating environment descriptor '/home/kushagra/mini_radi_ws/build/mini_radi_control/share/mini_radi_control/hook/pythonpath_develop.dsv'
[1.205s] INFO:colcon.colcon_core.shell:Creating environment hook '/home/kushagra/mini_radi_ws/build/mini_radi_control/share/mini_radi_control/hook/pythonpath_develop.sh'
[1.205s] Level 1:colcon.colcon_core.environment:checking '/home/kushagra/mini_radi_ws/install/mini_radi_control' for CMake module files
[1.206s] Level 1:colcon.colcon_core.environment:checking '/home/kushagra/mini_radi_ws/install/mini_radi_control' for CMake config files
[1.206s] Level 1:colcon.colcon_core.environment:checking '/home/kushagra/mini_radi_ws/install/mini_radi_control/lib'
[1.206s] Level 1:colcon.colcon_core.environment:checking '/home/kushagra/mini_radi_ws/install/mini_radi_control/bin'
[1.206s] Level 1:colcon.colcon_core.environment:checking '/home/kushagra/mini_radi_ws/install/mini_radi_control/lib/pkgconfig/mini_radi_control.pc'
[1.206s] Level 1:colcon.colcon_core.environment:checking '/home/kushagra/mini_radi_ws/install/mini_radi_control/lib/python3.10/site-packages'
[1.206s] Level 1:colcon.colcon_core.shell:create_environment_hook('mini_radi_control', 'pythonpath')
[1.207s] INFO:colcon.colcon_core.shell:Creating environment hook '/home/kushagra/mini_radi_ws/install/mini_radi_control/share/mini_radi_control/hook/pythonpath.ps1'
[1.207s] INFO:colcon.colcon_core.shell:Creating environment descriptor '/home/kushagra/mini_radi_ws/install/mini_radi_control/share/mini_radi_control/hook/pythonpath.dsv'
[1.207s] INFO:colcon.colcon_core.shell:Creating environment hook '/home/kushagra/mini_radi_ws/install/mini_radi_control/share/mini_radi_control/hook/pythonpath.sh'
[1.208s] Level 1:colcon.colcon_core.environment:checking '/home/kushagra/mini_radi_ws/install/mini_radi_control/bin'
[1.208s] Level 1:colcon.colcon_core.environment:create_environment_scripts_only(mini_radi_control)
[1.208s] INFO:colcon.colcon_core.shell:Creating package script '/home/kushagra/mini_radi_ws/install/mini_radi_control/share/mini_radi_control/package.ps1'
[1.208s] INFO:colcon.colcon_core.shell:Creating package descriptor '/home/kushagra/mini_radi_ws/install/mini_radi_control/share/mini_radi_control/package.dsv'
[1.209s] INFO:colcon.colcon_core.shell:Creating package script '/home/kushagra/mini_radi_ws/install/mini_radi_control/share/mini_radi_control/package.sh'
[1.209s] INFO:colcon.colcon_core.shell:Creating package script '/home/kushagra/mini_radi_ws/install/mini_radi_control/share/mini_radi_control/package.bash'
[1.209s] INFO:colcon.colcon_core.shell:Creating package script '/home/kushagra/mini_radi_ws/install/mini_radi_control/share/mini_radi_control/package.zsh'
[1.210s] Level 1:colcon.colcon_core.environment:create_file_with_runtime_dependencies(/home/kushagra/mini_radi_ws/install/mini_radi_control/share/colcon-core/packages/mini_radi_control)
[1.210s] DEBUG:colcon.colcon_parallel_executor.executor.parallel:closing loop
[1.210s] DEBUG:colcon.colcon_parallel_executor.executor.parallel:loop closed
[1.210s] DEBUG:colcon.colcon_parallel_executor.executor.parallel:run_until_complete finished with '0'
[1.210s] DEBUG:colcon.colcon_core.event_reactor:joining thread
[1.221s] INFO:colcon.colcon_core.plugin_system:Skipping extension 'colcon_notification.desktop_notification.terminal_notifier': Not used on non-Darwin systems
[1.221s] INFO:colcon.colcon_core.plugin_system:Skipping extension 'colcon_notification.desktop_notification.win32': Not used on non-Windows systems
[1.221s] INFO:colcon.colcon_notification.desktop_notification:Sending desktop notification using 'notify2'
[1.243s] DEBUG:colcon.colcon_core.event_reactor:joined thread
[1.243s] INFO:colcon.colcon_core.shell:Creating prefix script '/home/kushagra/mini_radi_ws/install/local_setup.ps1'
[1.244s] INFO:colcon.colcon_core.shell:Creating prefix util module '/home/kushagra/mini_radi_ws/install/_local_setup_util_ps1.py'
[1.246s] INFO:colcon.colcon_core.shell:Creating prefix chain script '/home/kushagra/mini_radi_ws/install/setup.ps1'
[1.247s] INFO:colcon.colcon_core.shell:Creating prefix script '/home/kushagra/mini_radi_ws/install/local_setup.sh'
[1.247s] INFO:colcon.colcon_core.shell:Creating prefix util module '/home/kushagra/mini_radi_ws/install/_local_setup_util_sh.py'
[1.247s] INFO:colcon.colcon_core.shell:Creating prefix chain script '/home/kushagra/mini_radi_ws/install/setup.sh'
[1.252s] INFO:colcon.colcon_core.shell:Creating prefix script '/home/kushagra/mini_radi_ws/install/local_setup.bash'
[1.252s] INFO:colcon.colcon_core.shell:Creating prefix chain script '/home/kushagra/mini_radi_ws/install/setup.bash'
[1.254s] INFO:colcon.colcon_core.shell:Creating prefix script '/home/kushagra/mini_radi_ws/install/local_setup.zsh'
[1.254s] INFO:colcon.colcon_core.shell:Creating prefix chain script '/home/kushagra/mini_radi_ws/install/setup.zsh'
