[0.189s] DEBUG:colcon:Command line arguments: ['/usr/bin/colcon', 'build', '--symlink-install']
[0.189s] DEBUG:colcon:Parsed command line arguments: Namespace(log_base=None, log_level=None, verb_name='build', build_base='build', install_base='install', merge_install=False, symlink_install=True, test_result_base=None, continue_on_error=False, executor='parallel', parallel_workers=7, event_handlers=None, ignore_user_meta=False, metas=['./colcon.meta'], base_paths=['.'], packages_ignore=None, packages_ignore_regex=None, paths=None, packages_up_to=None, packages_up_to_regex=None, packages_above=None, packages_above_and_dependencies=None, packages_above_depth=None, packages_select_by_dep=None, packages_skip_by_dep=None, packages_skip_up_to=None, packages_select_build_failed=False, packages_skip_build_finished=False, packages_select_test_failures=False, packages_skip_test_passed=False, packages_select=None, packages_skip=None, packages_select_regex=None, packages_skip_regex=None, packages_start=None, packages_end=None, allow_overriding=[], cmake_args=None, cmake_target=None, cmake_target_skip_unavailable=False, cmake_clean_cache=False, cmake_clean_first=False, cmake_force_configure=False, ament_cmake_args=None, catkin_cmake_args=None, catkin_skip_building_tests=False, verb_parser=<colcon_defaults.argument_parser.defaults.DefaultArgumentsDecorator object at 0x7bef074f6920>, verb_extension=<colcon_core.verb.build.BuildVerb object at 0x7bef075df3d0>, main=<bound method BuildVerb.main of <colcon_core.verb.build.BuildVerb object at 0x7bef075df3d0>>)
[0.355s] Level 1:colcon.colcon_core.package_discovery:discover_packages(colcon_meta) check parameters
[0.355s] Level 1:colcon.colcon_core.package_discovery:discover_packages(recursive) check parameters
[0.355s] Level 1:colcon.colcon_core.package_discovery:discover_packages(ignore) check parameters
[0.355s] Level 1:colcon.colcon_core.package_discovery:discover_packages(path) check parameters
[0.355s] Level 1:colcon.colcon_core.package_discovery:discover_packages(colcon_meta) discover
[0.355s] Level 1:colcon.colcon_core.package_discovery:discover_packages(recursive) discover
[0.355s] INFO:colcon.colcon_core.package_discovery:Crawling recursively for packages in '/home/kushagra/mini_radi_ws'
[0.355s] Level 1:colcon.colcon_core.package_identification:_identify(.) by extensions ['ignore', 'ignore_ament_install']
[0.355s] Level 1:colcon.colcon_core.package_identification:_identify(.) by extension 'ignore'
[0.355s] Level 1:colcon.colcon_core.package_identification:_identify(.) by extension 'ignore_ament_install'
[0.355s] Level 1:colcon.colcon_core.package_identification:_identify(.) by extensions ['colcon_pkg']
[0.355s] Level 1:colcon.colcon_core.package_identification:_identify(.) by extension 'colcon_pkg'
[0.355s] Level 1:colcon.colcon_core.package_identification:_identify(.) by extensions ['colcon_meta']
[0.355s] Level 1:colcon.colcon_core.package_identification:_identify(.) by extension 'colcon_meta'
[0.355s] Level 1:colcon.colcon_core.package_identification:_identify(.) by extensions ['ros']
[0.355s] Level 1:colcon.colcon_core.package_identification:_identify(.) by extension 'ros'
[0.367s] Level 1:colcon.colcon_core.package_identification:_identify(.) by extensions ['cmake', 'python']
[0.367s] Level 1:colcon.colcon_core.package_identification:_identify(.) by extension 'cmake'
[0.367s] Level 1:colcon.colcon_core.package_identification:_identify(.) by extension 'python'
[0.367s] Level 1:colcon.colcon_core.package_identification:_identify(.) by extensions ['python_setup_py']
[0.367s] Level 1:colcon.colcon_core.package_identification:_identify(.) by extension 'python_setup_py'
[0.367s] Level 1:colcon.colcon_core.package_identification:_identify(build) by extensions ['ignore', 'ignore_ament_install']
[0.367s] Level 1:colcon.colcon_core.package_identification:_identify(build) by extension 'ignore'
[0.367s] Level 1:colcon.colcon_core.package_identification:_identify(build) ignored
[0.368s] Level 1:colcon.colcon_core.package_identification:_identify(install) by extensions ['ignore', 'ignore_ament_install']
[0.368s] Level 1:colcon.colcon_core.package_identification:_identify(install) by extension 'ignore'
[0.368s] Level 1:colcon.colcon_core.package_identification:_identify(install) ignored
[0.368s] Level 1:colcon.colcon_core.package_identification:_identify(log) by extensions ['ignore', 'ignore_ament_install']
[0.368s] Level 1:colcon.colcon_core.package_identification:_identify(log) by extension 'ignore'
[0.368s] Level 1:colcon.colcon_core.package_identification:_identify(log) ignored
[0.368s] Level 1:colcon.colcon_core.package_identification:_identify(src) by extensions ['ignore', 'ignore_ament_install']
[0.368s] Level 1:colcon.colcon_core.package_identification:_identify(src) by extension 'ignore'
[0.368s] Level 1:colcon.colcon_core.package_identification:_identify(src) by extension 'ignore_ament_install'
[0.368s] Level 1:colcon.colcon_core.package_identification:_identify(src) by extensions ['colcon_pkg']
[0.368s] Level 1:colcon.colcon_core.package_identification:_identify(src) by extension 'colcon_pkg'
[0.368s] Level 1:colcon.colcon_core.package_identification:_identify(src) by extensions ['colcon_meta']
[0.368s] Level 1:colcon.colcon_core.package_identification:_identify(src) by extension 'colcon_meta'
[0.368s] Level 1:colcon.colcon_core.package_identification:_identify(src) by extensions ['ros']
[0.368s] Level 1:colcon.colcon_core.package_identification:_identify(src) by extension 'ros'
[0.368s] Level 1:colcon.colcon_core.package_identification:_identify(src) by extensions ['cmake', 'python']
[0.368s] Level 1:colcon.colcon_core.package_identification:_identify(src) by extension 'cmake'
[0.368s] Level 1:colcon.colcon_core.package_identification:_identify(src) by extension 'python'
[0.369s] Level 1:colcon.colcon_core.package_identification:_identify(src) by extensions ['python_setup_py']
[0.369s] Level 1:colcon.colcon_core.package_identification:_identify(src) by extension 'python_setup_py'
[0.369s] Level 1:colcon.colcon_core.package_identification:_identify(src/mini_radi_behavior) by extensions ['ignore', 'ignore_ament_install']
[0.369s] Level 1:colcon.colcon_core.package_identification:_identify(src/mini_radi_behavior) by extension 'ignore'
[0.369s] Level 1:colcon.colcon_core.package_identification:_identify(src/mini_radi_behavior) by extension 'ignore_ament_install'
[0.369s] Level 1:colcon.colcon_core.package_identification:_identify(src/mini_radi_behavior) by extensions ['colcon_pkg']
[0.369s] Level 1:colcon.colcon_core.package_identification:_identify(src/mini_radi_behavior) by extension 'colcon_pkg'
[0.369s] Level 1:colcon.colcon_core.package_identification:_identify(src/mini_radi_behavior) by extensions ['colcon_meta']
[0.369s] Level 1:colcon.colcon_core.package_identification:_identify(src/mini_radi_behavior) by extension 'colcon_meta'
[0.369s] Level 1:colcon.colcon_core.package_identification:_identify(src/mini_radi_behavior) by extensions ['ros']
[0.369s] Level 1:colcon.colcon_core.package_identification:_identify(src/mini_radi_behavior) by extension 'ros'
[0.369s] Level 1:colcon.colcon_core.package_identification:_identify(src/mini_radi_behavior) by extensions ['cmake', 'python']
[0.369s] Level 1:colcon.colcon_core.package_identification:_identify(src/mini_radi_behavior) by extension 'cmake'
[0.369s] Level 1:colcon.colcon_core.package_identification:_identify(src/mini_radi_behavior) by extension 'python'
[0.369s] Level 1:colcon.colcon_core.package_identification:_identify(src/mini_radi_behavior) by extensions ['python_setup_py']
[0.369s] Level 1:colcon.colcon_core.package_identification:_identify(src/mini_radi_behavior) by extension 'python_setup_py'
[0.370s] Level 1:colcon.colcon_core.package_identification:_identify(src/mini_radi_control) by extensions ['ignore', 'ignore_ament_install']
[0.370s] Level 1:colcon.colcon_core.package_identification:_identify(src/mini_radi_control) by extension 'ignore'
[0.370s] Level 1:colcon.colcon_core.package_identification:_identify(src/mini_radi_control) by extension 'ignore_ament_install'
[0.370s] Level 1:colcon.colcon_core.package_identification:_identify(src/mini_radi_control) by extensions ['colcon_pkg']
[0.370s] Level 1:colcon.colcon_core.package_identification:_identify(src/mini_radi_control) by extension 'colcon_pkg'
[0.370s] Level 1:colcon.colcon_core.package_identification:_identify(src/mini_radi_control) by extensions ['colcon_meta']
[0.370s] Level 1:colcon.colcon_core.package_identification:_identify(src/mini_radi_control) by extension 'colcon_meta'
[0.370s] Level 1:colcon.colcon_core.package_identification:_identify(src/mini_radi_control) by extensions ['ros']
[0.370s] Level 1:colcon.colcon_core.package_identification:_identify(src/mini_radi_control) by extension 'ros'
[0.374s] DEBUG:colcon.colcon_core.package_identification:Package 'src/mini_radi_control' with type 'ros.ament_python' and name 'mini_radi_control'
[0.374s] Level 1:colcon.colcon_core.package_identification:_identify(src/mini_radi_description) by extensions ['ignore', 'ignore_ament_install']
[0.374s] Level 1:colcon.colcon_core.package_identification:_identify(src/mini_radi_description) by extension 'ignore'
[0.374s] Level 1:colcon.colcon_core.package_identification:_identify(src/mini_radi_description) by extension 'ignore_ament_install'
[0.374s] Level 1:colcon.colcon_core.package_identification:_identify(src/mini_radi_description) by extensions ['colcon_pkg']
[0.375s] Level 1:colcon.colcon_core.package_identification:_identify(src/mini_radi_description) by extension 'colcon_pkg'
[0.375s] Level 1:colcon.colcon_core.package_identification:_identify(src/mini_radi_description) by extensions ['colcon_meta']
[0.375s] Level 1:colcon.colcon_core.package_identification:_identify(src/mini_radi_description) by extension 'colcon_meta'
[0.375s] Level 1:colcon.colcon_core.package_identification:_identify(src/mini_radi_description) by extensions ['ros']
[0.375s] Level 1:colcon.colcon_core.package_identification:_identify(src/mini_radi_description) by extension 'ros'
[0.375s] DEBUG:colcon.colcon_core.package_identification:Package 'src/mini_radi_description' with type 'ros.ament_cmake' and name 'mini_radi_description'
[0.375s] Level 1:colcon.colcon_core.package_identification:_identify(src/mini_radi_gazebo) by extensions ['ignore', 'ignore_ament_install']
[0.375s] Level 1:colcon.colcon_core.package_identification:_identify(src/mini_radi_gazebo) by extension 'ignore'
[0.376s] Level 1:colcon.colcon_core.package_identification:_identify(src/mini_radi_gazebo) by extension 'ignore_ament_install'
[0.376s] Level 1:colcon.colcon_core.package_identification:_identify(src/mini_radi_gazebo) by extensions ['colcon_pkg']
[0.376s] Level 1:colcon.colcon_core.package_identification:_identify(src/mini_radi_gazebo) by extension 'colcon_pkg'
[0.376s] Level 1:colcon.colcon_core.package_identification:_identify(src/mini_radi_gazebo) by extensions ['colcon_meta']
[0.376s] Level 1:colcon.colcon_core.package_identification:_identify(src/mini_radi_gazebo) by extension 'colcon_meta'
[0.376s] Level 1:colcon.colcon_core.package_identification:_identify(src/mini_radi_gazebo) by extensions ['ros']
[0.376s] Level 1:colcon.colcon_core.package_identification:_identify(src/mini_radi_gazebo) by extension 'ros'
[0.376s] Level 1:colcon.colcon_core.package_identification:_identify(src/mini_radi_gazebo) by extensions ['cmake', 'python']
[0.376s] Level 1:colcon.colcon_core.package_identification:_identify(src/mini_radi_gazebo) by extension 'cmake'
[0.376s] Level 1:colcon.colcon_core.package_identification:_identify(src/mini_radi_gazebo) by extension 'python'
[0.376s] Level 1:colcon.colcon_core.package_identification:_identify(src/mini_radi_gazebo) by extensions ['python_setup_py']
[0.376s] Level 1:colcon.colcon_core.package_identification:_identify(src/mini_radi_gazebo) by extension 'python_setup_py'
[0.376s] Level 1:colcon.colcon_core.package_identification:_identify(src/mini_radi_gui) by extensions ['ignore', 'ignore_ament_install']
[0.376s] Level 1:colcon.colcon_core.package_identification:_identify(src/mini_radi_gui) by extension 'ignore'
[0.376s] Level 1:colcon.colcon_core.package_identification:_identify(src/mini_radi_gui) by extension 'ignore_ament_install'
[0.376s] Level 1:colcon.colcon_core.package_identification:_identify(src/mini_radi_gui) by extensions ['colcon_pkg']
[0.376s] Level 1:colcon.colcon_core.package_identification:_identify(src/mini_radi_gui) by extension 'colcon_pkg'
[0.376s] Level 1:colcon.colcon_core.package_identification:_identify(src/mini_radi_gui) by extensions ['colcon_meta']
[0.376s] Level 1:colcon.colcon_core.package_identification:_identify(src/mini_radi_gui) by extension 'colcon_meta'
[0.376s] Level 1:colcon.colcon_core.package_identification:_identify(src/mini_radi_gui) by extensions ['ros']
[0.376s] Level 1:colcon.colcon_core.package_identification:_identify(src/mini_radi_gui) by extension 'ros'
[0.376s] Level 1:colcon.colcon_core.package_identification:_identify(src/mini_radi_gui) by extensions ['cmake', 'python']
[0.376s] Level 1:colcon.colcon_core.package_identification:_identify(src/mini_radi_gui) by extension 'cmake'
[0.376s] Level 1:colcon.colcon_core.package_identification:_identify(src/mini_radi_gui) by extension 'python'
[0.377s] Level 1:colcon.colcon_core.package_identification:_identify(src/mini_radi_gui) by extensions ['python_setup_py']
[0.377s] Level 1:colcon.colcon_core.package_identification:_identify(src/mini_radi_gui) by extension 'python_setup_py'
[0.377s] Level 1:colcon.colcon_core.package_identification:_identify(src/mini_radi_sensors) by extensions ['ignore', 'ignore_ament_install']
[0.377s] Level 1:colcon.colcon_core.package_identification:_identify(src/mini_radi_sensors) by extension 'ignore'
[0.377s] Level 1:colcon.colcon_core.package_identification:_identify(src/mini_radi_sensors) by extension 'ignore_ament_install'
[0.377s] Level 1:colcon.colcon_core.package_identification:_identify(src/mini_radi_sensors) by extensions ['colcon_pkg']
[0.377s] Level 1:colcon.colcon_core.package_identification:_identify(src/mini_radi_sensors) by extension 'colcon_pkg'
[0.377s] Level 1:colcon.colcon_core.package_identification:_identify(src/mini_radi_sensors) by extensions ['colcon_meta']
[0.377s] Level 1:colcon.colcon_core.package_identification:_identify(src/mini_radi_sensors) by extension 'colcon_meta'
[0.377s] Level 1:colcon.colcon_core.package_identification:_identify(src/mini_radi_sensors) by extensions ['ros']
[0.377s] Level 1:colcon.colcon_core.package_identification:_identify(src/mini_radi_sensors) by extension 'ros'
[0.377s] Level 1:colcon.colcon_core.package_identification:_identify(src/mini_radi_sensors) by extensions ['cmake', 'python']
[0.377s] Level 1:colcon.colcon_core.package_identification:_identify(src/mini_radi_sensors) by extension 'cmake'
[0.377s] Level 1:colcon.colcon_core.package_identification:_identify(src/mini_radi_sensors) by extension 'python'
[0.377s] Level 1:colcon.colcon_core.package_identification:_identify(src/mini_radi_sensors) by extensions ['python_setup_py']
[0.377s] Level 1:colcon.colcon_core.package_identification:_identify(src/mini_radi_sensors) by extension 'python_setup_py'
[0.377s] Level 1:colcon.colcon_core.package_discovery:discover_packages(recursive) using defaults
[0.377s] Level 1:colcon.colcon_core.package_discovery:discover_packages(ignore) discover
[0.377s] Level 1:colcon.colcon_core.package_discovery:discover_packages(ignore) using defaults
[0.377s] Level 1:colcon.colcon_core.package_discovery:discover_packages(path) discover
[0.377s] Level 1:colcon.colcon_core.package_discovery:discover_packages(path) using defaults
[0.407s] Level 1:colcon.colcon_core.package_discovery:discover_packages(prefix_path) check parameters
[0.407s] Level 1:colcon.colcon_core.package_discovery:discover_packages(prefix_path) discover
[0.408s] Level 1:colcon.colcon_core.package_discovery:discover_packages(prefix_path) using defaults
[0.410s] Level 5:colcon.colcon_core.verb:set package 'mini_radi_control' build argument 'cmake_args' from command line to 'None'
[0.410s] Level 5:colcon.colcon_core.verb:set package 'mini_radi_control' build argument 'cmake_target' from command line to 'None'
[0.410s] Level 5:colcon.colcon_core.verb:set package 'mini_radi_control' build argument 'cmake_target_skip_unavailable' from command line to 'False'
[0.410s] Level 5:colcon.colcon_core.verb:set package 'mini_radi_control' build argument 'cmake_clean_cache' from command line to 'False'
[0.410s] Level 5:colcon.colcon_core.verb:set package 'mini_radi_control' build argument 'cmake_clean_first' from command line to 'False'
[0.410s] Level 5:colcon.colcon_core.verb:set package 'mini_radi_control' build argument 'cmake_force_configure' from command line to 'False'
[0.410s] Level 5:colcon.colcon_core.verb:set package 'mini_radi_control' build argument 'ament_cmake_args' from command line to 'None'
[0.410s] Level 5:colcon.colcon_core.verb:set package 'mini_radi_control' build argument 'catkin_cmake_args' from command line to 'None'
[0.410s] Level 5:colcon.colcon_core.verb:set package 'mini_radi_control' build argument 'catkin_skip_building_tests' from command line to 'False'
[0.410s] DEBUG:colcon.colcon_core.verb:Building package 'mini_radi_control' with the following arguments: {'ament_cmake_args': None, 'build_base': '/home/kushagra/mini_radi_ws/build/mini_radi_control', 'catkin_cmake_args': None, 'catkin_skip_building_tests': False, 'cmake_args': None, 'cmake_clean_cache': False, 'cmake_clean_first': False, 'cmake_force_configure': False, 'cmake_target': None, 'cmake_target_skip_unavailable': False, 'install_base': '/home/kushagra/mini_radi_ws/install/mini_radi_control', 'merge_install': False, 'path': '/home/kushagra/mini_radi_ws/src/mini_radi_control', 'symlink_install': True, 'test_result_base': None}
[0.410s] Level 5:colcon.colcon_core.verb:set package 'mini_radi_description' build argument 'cmake_args' from command line to 'None'
[0.410s] Level 5:colcon.colcon_core.verb:set package 'mini_radi_description' build argument 'cmake_target' from command line to 'None'
[0.410s] Level 5:colcon.colcon_core.verb:set package 'mini_radi_description' build argument 'cmake_target_skip_unavailable' from command line to 'False'
[0.410s] Level 5:colcon.colcon_core.verb:set package 'mini_radi_description' build argument 'cmake_clean_cache' from command line to 'False'
[0.410s] Level 5:colcon.colcon_core.verb:set package 'mini_radi_description' build argument 'cmake_clean_first' from command line to 'False'
[0.410s] Level 5:colcon.colcon_core.verb:set package 'mini_radi_description' build argument 'cmake_force_configure' from command line to 'False'
[0.410s] Level 5:colcon.colcon_core.verb:set package 'mini_radi_description' build argument 'ament_cmake_args' from command line to 'None'
[0.410s] Level 5:colcon.colcon_core.verb:set package 'mini_radi_description' build argument 'catkin_cmake_args' from command line to 'None'
[0.410s] Level 5:colcon.colcon_core.verb:set package 'mini_radi_description' build argument 'catkin_skip_building_tests' from command line to 'False'
[0.410s] DEBUG:colcon.colcon_core.verb:Building package 'mini_radi_description' with the following arguments: {'ament_cmake_args': None, 'build_base': '/home/kushagra/mini_radi_ws/build/mini_radi_description', 'catkin_cmake_args': None, 'catkin_skip_building_tests': False, 'cmake_args': None, 'cmake_clean_cache': False, 'cmake_clean_first': False, 'cmake_force_configure': False, 'cmake_target': None, 'cmake_target_skip_unavailable': False, 'install_base': '/home/kushagra/mini_radi_ws/install/mini_radi_description', 'merge_install': False, 'path': '/home/kushagra/mini_radi_ws/src/mini_radi_description', 'symlink_install': True, 'test_result_base': None}
[0.410s] INFO:colcon.colcon_core.executor:Executing jobs using 'parallel' executor
[0.411s] DEBUG:colcon.colcon_parallel_executor.executor.parallel:run_until_complete
[0.412s] INFO:colcon.colcon_ros.task.ament_python.build:Building ROS package in '/home/kushagra/mini_radi_ws/src/mini_radi_control' with build type 'ament_python'
[0.412s] Level 1:colcon.colcon_core.shell:create_environment_hook('mini_radi_control', 'ament_prefix_path')
[0.418s] INFO:colcon.colcon_core.plugin_system:Skipping extension 'colcon_core.shell.bat': Not used on non-Windows systems
[0.418s] INFO:colcon.colcon_core.shell:Creating environment hook '/home/kushagra/mini_radi_ws/install/mini_radi_control/share/mini_radi_control/hook/ament_prefix_path.ps1'
[0.419s] INFO:colcon.colcon_core.shell:Creating environment descriptor '/home/kushagra/mini_radi_ws/install/mini_radi_control/share/mini_radi_control/hook/ament_prefix_path.dsv'
[0.420s] INFO:colcon.colcon_core.shell:Creating environment hook '/home/kushagra/mini_radi_ws/install/mini_radi_control/share/mini_radi_control/hook/ament_prefix_path.sh'
[0.421s] INFO:colcon.colcon_core.shell:Skip shell extension 'powershell' for command environment: Not usable outside of PowerShell
[0.421s] DEBUG:colcon.colcon_core.shell:Skip shell extension 'dsv' for command environment
[0.423s] INFO:colcon.colcon_ros.task.ament_cmake.build:Building ROS package in '/home/kushagra/mini_radi_ws/src/mini_radi_description' with build type 'ament_cmake'
[0.423s] INFO:colcon.colcon_cmake.task.cmake.build:Building CMake package in '/home/kushagra/mini_radi_ws/src/mini_radi_description'
[0.423s] INFO:colcon.colcon_core.shell:Skip shell extension 'powershell' for command environment: Not usable outside of PowerShell
[0.423s] DEBUG:colcon.colcon_core.shell:Skip shell extension 'dsv' for command environment
[0.577s] INFO:colcon.colcon_core.task.python.build:Building Python package in '/home/kushagra/mini_radi_ws/src/mini_radi_control'
[0.578s] INFO:colcon.colcon_core.shell:Skip shell extension 'powershell' for command environment: Not usable outside of PowerShell
[0.578s] DEBUG:colcon.colcon_core.shell:Skip shell extension 'dsv' for command environment
[0.585s] DEBUG:colcon.colcon_core.event_handler.log_command:Invoking command in '/home/kushagra/mini_radi_ws/build/mini_radi_description': /usr/bin/cmake --build /home/kushagra/mini_radi_ws/build/mini_radi_description -- -j7 -l7
[0.697s] DEBUG:colcon.colcon_core.event_handler.log_command:Invoked command in '/home/kushagra/mini_radi_ws/build/mini_radi_description' returned '0': /usr/bin/cmake --build /home/kushagra/mini_radi_ws/build/mini_radi_description -- -j7 -l7
[0.706s] DEBUG:colcon.colcon_core.event_handler.log_command:Invoking command in '/home/kushagra/mini_radi_ws/build/mini_radi_description': /usr/bin/cmake --install /home/kushagra/mini_radi_ws/build/mini_radi_description
[0.741s] Level 1:colcon.colcon_core.environment:create_environment_scripts_only(mini_radi_description)
[0.741s] DEBUG:colcon.colcon_core.event_handler.log_command:Invoked command in '/home/kushagra/mini_radi_ws/build/mini_radi_description' returned '0': /usr/bin/cmake --install /home/kushagra/mini_radi_ws/build/mini_radi_description
[0.746s] Level 1:colcon.colcon_core.environment:checking '/home/kushagra/mini_radi_ws/install/mini_radi_description' for CMake module files
[0.746s] Level 1:colcon.colcon_core.environment:checking '/home/kushagra/mini_radi_ws/install/mini_radi_description' for CMake config files
[0.747s] Level 1:colcon.colcon_core.shell:create_environment_hook('mini_radi_description', 'cmake_prefix_path')
[0.747s] INFO:colcon.colcon_core.shell:Creating environment hook '/home/kushagra/mini_radi_ws/install/mini_radi_description/share/mini_radi_description/hook/cmake_prefix_path.ps1'
[0.748s] INFO:colcon.colcon_core.shell:Creating environment descriptor '/home/kushagra/mini_radi_ws/install/mini_radi_description/share/mini_radi_description/hook/cmake_prefix_path.dsv'
[0.748s] INFO:colcon.colcon_core.shell:Creating environment hook '/home/kushagra/mini_radi_ws/install/mini_radi_description/share/mini_radi_description/hook/cmake_prefix_path.sh'
[0.749s] Level 1:colcon.colcon_core.environment:checking '/home/kushagra/mini_radi_ws/install/mini_radi_description/bin'
[0.749s] Level 1:colcon.colcon_core.environment:checking '/home/kushagra/mini_radi_ws/install/mini_radi_description/lib/pkgconfig/mini_radi_description.pc'
[0.749s] Level 1:colcon.colcon_core.environment:checking '/home/kushagra/mini_radi_ws/install/mini_radi_description/lib/python3.10/site-packages'
[0.749s] Level 1:colcon.colcon_core.environment:checking '/home/kushagra/mini_radi_ws/install/mini_radi_description/bin'
[0.750s] INFO:colcon.colcon_core.shell:Creating package script '/home/kushagra/mini_radi_ws/install/mini_radi_description/share/mini_radi_description/package.ps1'
[0.751s] INFO:colcon.colcon_core.shell:Creating package descriptor '/home/kushagra/mini_radi_ws/install/mini_radi_description/share/mini_radi_description/package.dsv'
[0.752s] INFO:colcon.colcon_core.shell:Creating package script '/home/kushagra/mini_radi_ws/install/mini_radi_description/share/mini_radi_description/package.sh'
[0.753s] INFO:colcon.colcon_core.shell:Creating package script '/home/kushagra/mini_radi_ws/install/mini_radi_description/share/mini_radi_description/package.bash'
[0.753s] INFO:colcon.colcon_core.shell:Creating package script '/home/kushagra/mini_radi_ws/install/mini_radi_description/share/mini_radi_description/package.zsh'
[0.754s] Level 1:colcon.colcon_core.environment:create_file_with_runtime_dependencies(/home/kushagra/mini_radi_ws/install/mini_radi_description/share/colcon-core/packages/mini_radi_description)
[0.755s] Level 1:colcon.colcon_core.environment:create_environment_scripts_only(mini_radi_description)
[0.755s] Level 1:colcon.colcon_core.environment:checking '/home/kushagra/mini_radi_ws/install/mini_radi_description' for CMake module files
[0.755s] Level 1:colcon.colcon_core.environment:checking '/home/kushagra/mini_radi_ws/install/mini_radi_description' for CMake config files
[0.755s] Level 1:colcon.colcon_core.shell:create_environment_hook('mini_radi_description', 'cmake_prefix_path')
[0.755s] INFO:colcon.colcon_core.shell:Creating environment hook '/home/kushagra/mini_radi_ws/install/mini_radi_description/share/mini_radi_description/hook/cmake_prefix_path.ps1'
[0.756s] INFO:colcon.colcon_core.shell:Creating environment descriptor '/home/kushagra/mini_radi_ws/install/mini_radi_description/share/mini_radi_description/hook/cmake_prefix_path.dsv'
[0.756s] INFO:colcon.colcon_core.shell:Creating environment hook '/home/kushagra/mini_radi_ws/install/mini_radi_description/share/mini_radi_description/hook/cmake_prefix_path.sh'
[0.756s] Level 1:colcon.colcon_core.environment:checking '/home/kushagra/mini_radi_ws/install/mini_radi_description/bin'
[0.756s] Level 1:colcon.colcon_core.environment:checking '/home/kushagra/mini_radi_ws/install/mini_radi_description/lib/pkgconfig/mini_radi_description.pc'
[0.757s] Level 1:colcon.colcon_core.environment:checking '/home/kushagra/mini_radi_ws/install/mini_radi_description/lib/python3.10/site-packages'
[0.757s] Level 1:colcon.colcon_core.environment:checking '/home/kushagra/mini_radi_ws/install/mini_radi_description/bin'
[0.758s] INFO:colcon.colcon_core.shell:Creating package script '/home/kushagra/mini_radi_ws/install/mini_radi_description/share/mini_radi_description/package.ps1'
[0.758s] INFO:colcon.colcon_core.shell:Creating package descriptor '/home/kushagra/mini_radi_ws/install/mini_radi_description/share/mini_radi_description/package.dsv'
[0.758s] INFO:colcon.colcon_core.shell:Creating package script '/home/kushagra/mini_radi_ws/install/mini_radi_description/share/mini_radi_description/package.sh'
[0.759s] INFO:colcon.colcon_core.shell:Creating package script '/home/kushagra/mini_radi_ws/install/mini_radi_description/share/mini_radi_description/package.bash'
[0.759s] INFO:colcon.colcon_core.shell:Creating package script '/home/kushagra/mini_radi_ws/install/mini_radi_description/share/mini_radi_description/package.zsh'
[0.759s] Level 1:colcon.colcon_core.environment:create_file_with_runtime_dependencies(/home/kushagra/mini_radi_ws/install/mini_radi_description/share/colcon-core/packages/mini_radi_description)
[0.872s] DEBUG:colcon.colcon_core.task.python.build:Available setuptools commands: dist_info, install_lib, check, clean, egg_info, sdist, bdist_egg, build_scripts, symlink_data, build_ext, install_egg_info, install_scripts, build_clib, register, install, bdist, rotate, build, easy_install, test, setopt, upload, install_headers, bdist_dumb, develop, install_data, build_py, bdist_rpm, alias, upload_docs, saveopts
[1.022s] DEBUG:colcon.colcon_core.task.python.build:Available setuptools 'develop' options: --exclude-scripts, --uninstall, --allow-hosts, --record, --multi-version, --prefix, --index-url, --no-deps, --install-layout, --local-snapshots-ok, --help, --install-dir, --script-dir, --quiet, --optimize, --always-unzip, --zip-ok, --verbose, --egg-path, --editable, --dry-run, --build-directory, --always-copy, --version, --find-links, --user, --site-dirs, --upgrade, --force-installation-into-system-dir, --no-user-cfg, --no-find-links
[1.024s] DEBUG:colcon.colcon_core.event_handler.log_command:Invoking command in '/home/kushagra/mini_radi_ws/build/mini_radi_control': PYTHONPATH=/home/kushagra/mini_radi_ws/build/mini_radi_control/prefix_override:/usr/lib/python3/dist-packages/colcon_core/task/python/colcon_distutils_commands:/home/kushagra/mini_radi_ws/install/mini_radi_control/lib/python3.10/site-packages: /usr/bin/python3 -W ignore:setup.py install is deprecated -W ignore:easy_install command is deprecated setup.py develop --editable --build-directory /home/kushagra/mini_radi_ws/build/mini_radi_control/build --no-deps symlink_data
[1.236s] Level 1:colcon.colcon_core.shell:create_environment_hook('mini_radi_control', 'pythonpath_develop')
[1.237s] INFO:colcon.colcon_core.shell:Creating environment hook '/home/kushagra/mini_radi_ws/build/mini_radi_control/share/mini_radi_control/hook/pythonpath_develop.ps1'
[1.237s] DEBUG:colcon.colcon_core.event_handler.log_command:Invoked command in '/home/kushagra/mini_radi_ws/build/mini_radi_control' returned '0': PYTHONPATH=/home/kushagra/mini_radi_ws/build/mini_radi_control/prefix_override:/usr/lib/python3/dist-packages/colcon_core/task/python/colcon_distutils_commands:/home/kushagra/mini_radi_ws/install/mini_radi_control/lib/python3.10/site-packages: /usr/bin/python3 -W ignore:setup.py install is deprecated -W ignore:easy_install command is deprecated setup.py develop --editable --build-directory /home/kushagra/mini_radi_ws/build/mini_radi_control/build --no-deps symlink_data
[1.238s] INFO:colcon.colcon_core.shell:Creating environment descriptor '/home/kushagra/mini_radi_ws/build/mini_radi_control/share/mini_radi_control/hook/pythonpath_develop.dsv'
[1.238s] INFO:colcon.colcon_core.shell:Creating environment hook '/home/kushagra/mini_radi_ws/build/mini_radi_control/share/mini_radi_control/hook/pythonpath_develop.sh'
[1.238s] Level 1:colcon.colcon_core.environment:checking '/home/kushagra/mini_radi_ws/install/mini_radi_control' for CMake module files
[1.239s] Level 1:colcon.colcon_core.environment:checking '/home/kushagra/mini_radi_ws/install/mini_radi_control' for CMake config files
[1.239s] Level 1:colcon.colcon_core.environment:checking '/home/kushagra/mini_radi_ws/install/mini_radi_control/lib'
[1.239s] Level 1:colcon.colcon_core.environment:checking '/home/kushagra/mini_radi_ws/install/mini_radi_control/bin'
[1.239s] Level 1:colcon.colcon_core.environment:checking '/home/kushagra/mini_radi_ws/install/mini_radi_control/lib/pkgconfig/mini_radi_control.pc'
[1.239s] Level 1:colcon.colcon_core.environment:checking '/home/kushagra/mini_radi_ws/install/mini_radi_control/lib/python3.10/site-packages'
[1.240s] Level 1:colcon.colcon_core.shell:create_environment_hook('mini_radi_control', 'pythonpath')
[1.240s] INFO:colcon.colcon_core.shell:Creating environment hook '/home/kushagra/mini_radi_ws/install/mini_radi_control/share/mini_radi_control/hook/pythonpath.ps1'
[1.240s] INFO:colcon.colcon_core.shell:Creating environment descriptor '/home/kushagra/mini_radi_ws/install/mini_radi_control/share/mini_radi_control/hook/pythonpath.dsv'
[1.240s] INFO:colcon.colcon_core.shell:Creating environment hook '/home/kushagra/mini_radi_ws/install/mini_radi_control/share/mini_radi_control/hook/pythonpath.sh'
[1.241s] Level 1:colcon.colcon_core.environment:checking '/home/kushagra/mini_radi_ws/install/mini_radi_control/bin'
[1.241s] Level 1:colcon.colcon_core.environment:create_environment_scripts_only(mini_radi_control)
[1.241s] INFO:colcon.colcon_core.shell:Creating package script '/home/kushagra/mini_radi_ws/install/mini_radi_control/share/mini_radi_control/package.ps1'
[1.242s] INFO:colcon.colcon_core.shell:Creating package descriptor '/home/kushagra/mini_radi_ws/install/mini_radi_control/share/mini_radi_control/package.dsv'
[1.242s] INFO:colcon.colcon_core.shell:Creating package script '/home/kushagra/mini_radi_ws/install/mini_radi_control/share/mini_radi_control/package.sh'
[1.243s] INFO:colcon.colcon_core.shell:Creating package script '/home/kushagra/mini_radi_ws/install/mini_radi_control/share/mini_radi_control/package.bash'
[1.243s] INFO:colcon.colcon_core.shell:Creating package script '/home/kushagra/mini_radi_ws/install/mini_radi_control/share/mini_radi_control/package.zsh'
[1.243s] Level 1:colcon.colcon_core.environment:create_file_with_runtime_dependencies(/home/kushagra/mini_radi_ws/install/mini_radi_control/share/colcon-core/packages/mini_radi_control)
[1.243s] DEBUG:colcon.colcon_parallel_executor.executor.parallel:closing loop
[1.244s] DEBUG:colcon.colcon_parallel_executor.executor.parallel:loop closed
[1.244s] DEBUG:colcon.colcon_parallel_executor.executor.parallel:run_until_complete finished with '0'
[1.244s] DEBUG:colcon.colcon_core.event_reactor:joining thread
[1.254s] INFO:colcon.colcon_core.plugin_system:Skipping extension 'colcon_notification.desktop_notification.terminal_notifier': Not used on non-Darwin systems
[1.254s] INFO:colcon.colcon_core.plugin_system:Skipping extension 'colcon_notification.desktop_notification.win32': Not used on non-Windows systems
[1.254s] INFO:colcon.colcon_notification.desktop_notification:Sending desktop notification using 'notify2'
[1.290s] DEBUG:colcon.colcon_core.event_reactor:joined thread
[1.290s] INFO:colcon.colcon_core.shell:Creating prefix script '/home/kushagra/mini_radi_ws/install/local_setup.ps1'
[1.292s] INFO:colcon.colcon_core.shell:Creating prefix util module '/home/kushagra/mini_radi_ws/install/_local_setup_util_ps1.py'
[1.295s] INFO:colcon.colcon_core.shell:Creating prefix chain script '/home/kushagra/mini_radi_ws/install/setup.ps1'
[1.296s] INFO:colcon.colcon_core.shell:Creating prefix script '/home/kushagra/mini_radi_ws/install/local_setup.sh'
[1.297s] INFO:colcon.colcon_core.shell:Creating prefix util module '/home/kushagra/mini_radi_ws/install/_local_setup_util_sh.py'
[1.297s] INFO:colcon.colcon_core.shell:Creating prefix chain script '/home/kushagra/mini_radi_ws/install/setup.sh'
[1.298s] INFO:colcon.colcon_core.shell:Creating prefix script '/home/kushagra/mini_radi_ws/install/local_setup.bash'
[1.299s] INFO:colcon.colcon_core.shell:Creating prefix chain script '/home/kushagra/mini_radi_ws/install/setup.bash'
[1.300s] INFO:colcon.colcon_core.shell:Creating prefix script '/home/kushagra/mini_radi_ws/install/local_setup.zsh'
[1.301s] INFO:colcon.colcon_core.shell:Creating prefix chain script '/home/kushagra/mini_radi_ws/install/setup.zsh'
