[0.200s] DEBUG:colcon:Command line arguments: ['/usr/bin/colcon', 'build', '--symlink-install']
[0.200s] DEBUG:colcon:Parsed command line arguments: Namespace(log_base=None, log_level=None, verb_name='build', build_base='build', install_base='install', merge_install=False, symlink_install=True, test_result_base=None, continue_on_error=False, executor='parallel', parallel_workers=7, event_handlers=None, ignore_user_meta=False, metas=['./colcon.meta'], base_paths=['.'], packages_ignore=None, packages_ignore_regex=None, paths=None, packages_up_to=None, packages_up_to_regex=None, packages_above=None, packages_above_and_dependencies=None, packages_above_depth=None, packages_select_by_dep=None, packages_skip_by_dep=None, packages_skip_up_to=None, packages_select_build_failed=False, packages_skip_build_finished=False, packages_select_test_failures=False, packages_skip_test_passed=False, packages_select=None, packages_skip=None, packages_select_regex=None, packages_skip_regex=None, packages_start=None, packages_end=None, allow_overriding=[], cmake_args=None, cmake_target=None, cmake_target_skip_unavailable=False, cmake_clean_cache=False, cmake_clean_first=False, cmake_force_configure=False, ament_cmake_args=None, catkin_cmake_args=None, catkin_skip_building_tests=False, verb_parser=<colcon_defaults.argument_parser.defaults.DefaultArgumentsDecorator object at 0x79d1615237f0>, verb_extension=<colcon_core.verb.build.BuildVerb object at 0x79d16165c430>, main=<bound method BuildVerb.main of <colcon_core.verb.build.BuildVerb object at 0x79d16165c430>>)
[0.627s] Level 1:colcon.colcon_core.package_discovery:discover_packages(colcon_meta) check parameters
[0.628s] Level 1:colcon.colcon_core.package_discovery:discover_packages(recursive) check parameters
[0.628s] Level 1:colcon.colcon_core.package_discovery:discover_packages(ignore) check parameters
[0.628s] Level 1:colcon.colcon_core.package_discovery:discover_packages(path) check parameters
[0.628s] Level 1:colcon.colcon_core.package_discovery:discover_packages(colcon_meta) discover
[0.628s] Level 1:colcon.colcon_core.package_discovery:discover_packages(recursive) discover
[0.628s] INFO:colcon.colcon_core.package_discovery:Crawling recursively for packages in '/home/kushagra/mini_radi_ws'
[0.628s] Level 1:colcon.colcon_core.package_identification:_identify(.) by extensions ['ignore', 'ignore_ament_install']
[0.628s] Level 1:colcon.colcon_core.package_identification:_identify(.) by extension 'ignore'
[0.628s] Level 1:colcon.colcon_core.package_identification:_identify(.) by extension 'ignore_ament_install'
[0.629s] Level 1:colcon.colcon_core.package_identification:_identify(.) by extensions ['colcon_pkg']
[0.629s] Level 1:colcon.colcon_core.package_identification:_identify(.) by extension 'colcon_pkg'
[0.629s] Level 1:colcon.colcon_core.package_identification:_identify(.) by extensions ['colcon_meta']
[0.629s] Level 1:colcon.colcon_core.package_identification:_identify(.) by extension 'colcon_meta'
[0.629s] Level 1:colcon.colcon_core.package_identification:_identify(.) by extensions ['ros']
[0.629s] Level 1:colcon.colcon_core.package_identification:_identify(.) by extension 'ros'
[0.650s] Level 1:colcon.colcon_core.package_identification:_identify(.) by extensions ['cmake', 'python']
[0.650s] Level 1:colcon.colcon_core.package_identification:_identify(.) by extension 'cmake'
[0.650s] Level 1:colcon.colcon_core.package_identification:_identify(.) by extension 'python'
[0.650s] Level 1:colcon.colcon_core.package_identification:_identify(.) by extensions ['python_setup_py']
[0.650s] Level 1:colcon.colcon_core.package_identification:_identify(.) by extension 'python_setup_py'
[0.650s] Level 1:colcon.colcon_core.package_identification:_identify(build) by extensions ['ignore', 'ignore_ament_install']
[0.650s] Level 1:colcon.colcon_core.package_identification:_identify(build) by extension 'ignore'
[0.650s] Level 1:colcon.colcon_core.package_identification:_identify(build) ignored
[0.651s] Level 1:colcon.colcon_core.package_identification:_identify(install) by extensions ['ignore', 'ignore_ament_install']
[0.651s] Level 1:colcon.colcon_core.package_identification:_identify(install) by extension 'ignore'
[0.651s] Level 1:colcon.colcon_core.package_identification:_identify(install) ignored
[0.651s] Level 1:colcon.colcon_core.package_identification:_identify(log) by extensions ['ignore', 'ignore_ament_install']
[0.651s] Level 1:colcon.colcon_core.package_identification:_identify(log) by extension 'ignore'
[0.651s] Level 1:colcon.colcon_core.package_identification:_identify(log) ignored
[0.651s] Level 1:colcon.colcon_core.package_identification:_identify(src) by extensions ['ignore', 'ignore_ament_install']
[0.651s] Level 1:colcon.colcon_core.package_identification:_identify(src) by extension 'ignore'
[0.651s] Level 1:colcon.colcon_core.package_identification:_identify(src) by extension 'ignore_ament_install'
[0.651s] Level 1:colcon.colcon_core.package_identification:_identify(src) by extensions ['colcon_pkg']
[0.651s] Level 1:colcon.colcon_core.package_identification:_identify(src) by extension 'colcon_pkg'
[0.651s] Level 1:colcon.colcon_core.package_identification:_identify(src) by extensions ['colcon_meta']
[0.651s] Level 1:colcon.colcon_core.package_identification:_identify(src) by extension 'colcon_meta'
[0.651s] Level 1:colcon.colcon_core.package_identification:_identify(src) by extensions ['ros']
[0.651s] Level 1:colcon.colcon_core.package_identification:_identify(src) by extension 'ros'
[0.651s] Level 1:colcon.colcon_core.package_identification:_identify(src) by extensions ['cmake', 'python']
[0.651s] Level 1:colcon.colcon_core.package_identification:_identify(src) by extension 'cmake'
[0.651s] Level 1:colcon.colcon_core.package_identification:_identify(src) by extension 'python'
[0.651s] Level 1:colcon.colcon_core.package_identification:_identify(src) by extensions ['python_setup_py']
[0.651s] Level 1:colcon.colcon_core.package_identification:_identify(src) by extension 'python_setup_py'
[0.652s] Level 1:colcon.colcon_core.package_identification:_identify(src/mini_radi_behavior) by extensions ['ignore', 'ignore_ament_install']
[0.652s] Level 1:colcon.colcon_core.package_identification:_identify(src/mini_radi_behavior) by extension 'ignore'
[0.652s] Level 1:colcon.colcon_core.package_identification:_identify(src/mini_radi_behavior) by extension 'ignore_ament_install'
[0.652s] Level 1:colcon.colcon_core.package_identification:_identify(src/mini_radi_behavior) by extensions ['colcon_pkg']
[0.652s] Level 1:colcon.colcon_core.package_identification:_identify(src/mini_radi_behavior) by extension 'colcon_pkg'
[0.652s] Level 1:colcon.colcon_core.package_identification:_identify(src/mini_radi_behavior) by extensions ['colcon_meta']
[0.652s] Level 1:colcon.colcon_core.package_identification:_identify(src/mini_radi_behavior) by extension 'colcon_meta'
[0.652s] Level 1:colcon.colcon_core.package_identification:_identify(src/mini_radi_behavior) by extensions ['ros']
[0.653s] Level 1:colcon.colcon_core.package_identification:_identify(src/mini_radi_behavior) by extension 'ros'
[0.653s] Level 1:colcon.colcon_core.package_identification:_identify(src/mini_radi_behavior) by extensions ['cmake', 'python']
[0.653s] Level 1:colcon.colcon_core.package_identification:_identify(src/mini_radi_behavior) by extension 'cmake'
[0.653s] Level 1:colcon.colcon_core.package_identification:_identify(src/mini_radi_behavior) by extension 'python'
[0.653s] Level 1:colcon.colcon_core.package_identification:_identify(src/mini_radi_behavior) by extensions ['python_setup_py']
[0.653s] Level 1:colcon.colcon_core.package_identification:_identify(src/mini_radi_behavior) by extension 'python_setup_py'
[0.653s] Level 1:colcon.colcon_core.package_identification:_identify(src/mini_radi_control) by extensions ['ignore', 'ignore_ament_install']
[0.653s] Level 1:colcon.colcon_core.package_identification:_identify(src/mini_radi_control) by extension 'ignore'
[0.653s] Level 1:colcon.colcon_core.package_identification:_identify(src/mini_radi_control) by extension 'ignore_ament_install'
[0.653s] Level 1:colcon.colcon_core.package_identification:_identify(src/mini_radi_control) by extensions ['colcon_pkg']
[0.653s] Level 1:colcon.colcon_core.package_identification:_identify(src/mini_radi_control) by extension 'colcon_pkg'
[0.653s] Level 1:colcon.colcon_core.package_identification:_identify(src/mini_radi_control) by extensions ['colcon_meta']
[0.653s] Level 1:colcon.colcon_core.package_identification:_identify(src/mini_radi_control) by extension 'colcon_meta'
[0.653s] Level 1:colcon.colcon_core.package_identification:_identify(src/mini_radi_control) by extensions ['ros']
[0.653s] Level 1:colcon.colcon_core.package_identification:_identify(src/mini_radi_control) by extension 'ros'
[0.657s] DEBUG:colcon.colcon_core.package_identification:Package 'src/mini_radi_control' with type 'ros.ament_python' and name 'mini_radi_control'
[0.658s] Level 1:colcon.colcon_core.package_identification:_identify(src/mini_radi_description) by extensions ['ignore', 'ignore_ament_install']
[0.658s] Level 1:colcon.colcon_core.package_identification:_identify(src/mini_radi_description) by extension 'ignore'
[0.658s] Level 1:colcon.colcon_core.package_identification:_identify(src/mini_radi_description) by extension 'ignore_ament_install'
[0.658s] Level 1:colcon.colcon_core.package_identification:_identify(src/mini_radi_description) by extensions ['colcon_pkg']
[0.658s] Level 1:colcon.colcon_core.package_identification:_identify(src/mini_radi_description) by extension 'colcon_pkg'
[0.658s] Level 1:colcon.colcon_core.package_identification:_identify(src/mini_radi_description) by extensions ['colcon_meta']
[0.658s] Level 1:colcon.colcon_core.package_identification:_identify(src/mini_radi_description) by extension 'colcon_meta'
[0.658s] Level 1:colcon.colcon_core.package_identification:_identify(src/mini_radi_description) by extensions ['ros']
[0.658s] Level 1:colcon.colcon_core.package_identification:_identify(src/mini_radi_description) by extension 'ros'
[0.659s] DEBUG:colcon.colcon_core.package_identification:Package 'src/mini_radi_description' with type 'ros.ament_cmake' and name 'mini_radi_description'
[0.659s] Level 1:colcon.colcon_core.package_identification:_identify(src/mini_radi_gazebo) by extensions ['ignore', 'ignore_ament_install']
[0.659s] Level 1:colcon.colcon_core.package_identification:_identify(src/mini_radi_gazebo) by extension 'ignore'
[0.659s] Level 1:colcon.colcon_core.package_identification:_identify(src/mini_radi_gazebo) by extension 'ignore_ament_install'
[0.659s] Level 1:colcon.colcon_core.package_identification:_identify(src/mini_radi_gazebo) by extensions ['colcon_pkg']
[0.660s] Level 1:colcon.colcon_core.package_identification:_identify(src/mini_radi_gazebo) by extension 'colcon_pkg'
[0.660s] Level 1:colcon.colcon_core.package_identification:_identify(src/mini_radi_gazebo) by extensions ['colcon_meta']
[0.660s] Level 1:colcon.colcon_core.package_identification:_identify(src/mini_radi_gazebo) by extension 'colcon_meta'
[0.660s] Level 1:colcon.colcon_core.package_identification:_identify(src/mini_radi_gazebo) by extensions ['ros']
[0.660s] Level 1:colcon.colcon_core.package_identification:_identify(src/mini_radi_gazebo) by extension 'ros'
[0.661s] DEBUG:colcon.colcon_core.package_identification:Package 'src/mini_radi_gazebo' with type 'ros.ament_cmake' and name 'mini_radi_gazebo'
[0.661s] Level 1:colcon.colcon_core.package_identification:_identify(src/mini_radi_gui) by extensions ['ignore', 'ignore_ament_install']
[0.661s] Level 1:colcon.colcon_core.package_identification:_identify(src/mini_radi_gui) by extension 'ignore'
[0.661s] Level 1:colcon.colcon_core.package_identification:_identify(src/mini_radi_gui) by extension 'ignore_ament_install'
[0.661s] Level 1:colcon.colcon_core.package_identification:_identify(src/mini_radi_gui) by extensions ['colcon_pkg']
[0.661s] Level 1:colcon.colcon_core.package_identification:_identify(src/mini_radi_gui) by extension 'colcon_pkg'
[0.661s] Level 1:colcon.colcon_core.package_identification:_identify(src/mini_radi_gui) by extensions ['colcon_meta']
[0.662s] Level 1:colcon.colcon_core.package_identification:_identify(src/mini_radi_gui) by extension 'colcon_meta'
[0.662s] Level 1:colcon.colcon_core.package_identification:_identify(src/mini_radi_gui) by extensions ['ros']
[0.662s] Level 1:colcon.colcon_core.package_identification:_identify(src/mini_radi_gui) by extension 'ros'
[0.662s] Level 1:colcon.colcon_core.package_identification:_identify(src/mini_radi_gui) by extensions ['cmake', 'python']
[0.662s] Level 1:colcon.colcon_core.package_identification:_identify(src/mini_radi_gui) by extension 'cmake'
[0.662s] Level 1:colcon.colcon_core.package_identification:_identify(src/mini_radi_gui) by extension 'python'
[0.662s] Level 1:colcon.colcon_core.package_identification:_identify(src/mini_radi_gui) by extensions ['python_setup_py']
[0.662s] Level 1:colcon.colcon_core.package_identification:_identify(src/mini_radi_gui) by extension 'python_setup_py'
[0.662s] Level 1:colcon.colcon_core.package_identification:_identify(src/mini_radi_sensors) by extensions ['ignore', 'ignore_ament_install']
[0.662s] Level 1:colcon.colcon_core.package_identification:_identify(src/mini_radi_sensors) by extension 'ignore'
[0.662s] Level 1:colcon.colcon_core.package_identification:_identify(src/mini_radi_sensors) by extension 'ignore_ament_install'
[0.663s] Level 1:colcon.colcon_core.package_identification:_identify(src/mini_radi_sensors) by extensions ['colcon_pkg']
[0.663s] Level 1:colcon.colcon_core.package_identification:_identify(src/mini_radi_sensors) by extension 'colcon_pkg'
[0.663s] Level 1:colcon.colcon_core.package_identification:_identify(src/mini_radi_sensors) by extensions ['colcon_meta']
[0.663s] Level 1:colcon.colcon_core.package_identification:_identify(src/mini_radi_sensors) by extension 'colcon_meta'
[0.663s] Level 1:colcon.colcon_core.package_identification:_identify(src/mini_radi_sensors) by extensions ['ros']
[0.663s] Level 1:colcon.colcon_core.package_identification:_identify(src/mini_radi_sensors) by extension 'ros'
[0.663s] Level 1:colcon.colcon_core.package_identification:_identify(src/mini_radi_sensors) by extensions ['cmake', 'python']
[0.663s] Level 1:colcon.colcon_core.package_identification:_identify(src/mini_radi_sensors) by extension 'cmake'
[0.663s] Level 1:colcon.colcon_core.package_identification:_identify(src/mini_radi_sensors) by extension 'python'
[0.663s] Level 1:colcon.colcon_core.package_identification:_identify(src/mini_radi_sensors) by extensions ['python_setup_py']
[0.663s] Level 1:colcon.colcon_core.package_identification:_identify(src/mini_radi_sensors) by extension 'python_setup_py'
[0.663s] Level 1:colcon.colcon_core.package_discovery:discover_packages(recursive) using defaults
[0.663s] Level 1:colcon.colcon_core.package_discovery:discover_packages(ignore) discover
[0.663s] Level 1:colcon.colcon_core.package_discovery:discover_packages(ignore) using defaults
[0.663s] Level 1:colcon.colcon_core.package_discovery:discover_packages(path) discover
[0.663s] Level 1:colcon.colcon_core.package_discovery:discover_packages(path) using defaults
[0.708s] Level 1:colcon.colcon_core.package_discovery:discover_packages(prefix_path) check parameters
[0.709s] Level 1:colcon.colcon_core.package_discovery:discover_packages(prefix_path) discover
[0.724s] DEBUG:colcon.colcon_installed_package_information.package_discovery:Found 3 installed packages in /home/kushagra/mini_radi_ws/install
[0.725s] DEBUG:colcon.colcon_installed_package_information.package_discovery:Found 280 installed packages in /opt/ros/humble
[0.727s] Level 1:colcon.colcon_core.package_discovery:discover_packages(prefix_path) using defaults
[0.807s] Level 5:colcon.colcon_core.verb:set package 'mini_radi_control' build argument 'cmake_args' from command line to 'None'
[0.807s] Level 5:colcon.colcon_core.verb:set package 'mini_radi_control' build argument 'cmake_target' from command line to 'None'
[0.807s] Level 5:colcon.colcon_core.verb:set package 'mini_radi_control' build argument 'cmake_target_skip_unavailable' from command line to 'False'
[0.807s] Level 5:colcon.colcon_core.verb:set package 'mini_radi_control' build argument 'cmake_clean_cache' from command line to 'False'
[0.807s] Level 5:colcon.colcon_core.verb:set package 'mini_radi_control' build argument 'cmake_clean_first' from command line to 'False'
[0.808s] Level 5:colcon.colcon_core.verb:set package 'mini_radi_control' build argument 'cmake_force_configure' from command line to 'False'
[0.808s] Level 5:colcon.colcon_core.verb:set package 'mini_radi_control' build argument 'ament_cmake_args' from command line to 'None'
[0.808s] Level 5:colcon.colcon_core.verb:set package 'mini_radi_control' build argument 'catkin_cmake_args' from command line to 'None'
[0.808s] Level 5:colcon.colcon_core.verb:set package 'mini_radi_control' build argument 'catkin_skip_building_tests' from command line to 'False'
[0.808s] DEBUG:colcon.colcon_core.verb:Building package 'mini_radi_control' with the following arguments: {'ament_cmake_args': None, 'build_base': '/home/kushagra/mini_radi_ws/build/mini_radi_control', 'catkin_cmake_args': None, 'catkin_skip_building_tests': False, 'cmake_args': None, 'cmake_clean_cache': False, 'cmake_clean_first': False, 'cmake_force_configure': False, 'cmake_target': None, 'cmake_target_skip_unavailable': False, 'install_base': '/home/kushagra/mini_radi_ws/install/mini_radi_control', 'merge_install': False, 'path': '/home/kushagra/mini_radi_ws/src/mini_radi_control', 'symlink_install': True, 'test_result_base': None}
[0.808s] Level 5:colcon.colcon_core.verb:set package 'mini_radi_description' build argument 'cmake_args' from command line to 'None'
[0.808s] Level 5:colcon.colcon_core.verb:set package 'mini_radi_description' build argument 'cmake_target' from command line to 'None'
[0.808s] Level 5:colcon.colcon_core.verb:set package 'mini_radi_description' build argument 'cmake_target_skip_unavailable' from command line to 'False'
[0.808s] Level 5:colcon.colcon_core.verb:set package 'mini_radi_description' build argument 'cmake_clean_cache' from command line to 'False'
[0.808s] Level 5:colcon.colcon_core.verb:set package 'mini_radi_description' build argument 'cmake_clean_first' from command line to 'False'
[0.808s] Level 5:colcon.colcon_core.verb:set package 'mini_radi_description' build argument 'cmake_force_configure' from command line to 'False'
[0.808s] Level 5:colcon.colcon_core.verb:set package 'mini_radi_description' build argument 'ament_cmake_args' from command line to 'None'
[0.808s] Level 5:colcon.colcon_core.verb:set package 'mini_radi_description' build argument 'catkin_cmake_args' from command line to 'None'
[0.808s] Level 5:colcon.colcon_core.verb:set package 'mini_radi_description' build argument 'catkin_skip_building_tests' from command line to 'False'
[0.808s] DEBUG:colcon.colcon_core.verb:Building package 'mini_radi_description' with the following arguments: {'ament_cmake_args': None, 'build_base': '/home/kushagra/mini_radi_ws/build/mini_radi_description', 'catkin_cmake_args': None, 'catkin_skip_building_tests': False, 'cmake_args': None, 'cmake_clean_cache': False, 'cmake_clean_first': False, 'cmake_force_configure': False, 'cmake_target': None, 'cmake_target_skip_unavailable': False, 'install_base': '/home/kushagra/mini_radi_ws/install/mini_radi_description', 'merge_install': False, 'path': '/home/kushagra/mini_radi_ws/src/mini_radi_description', 'symlink_install': True, 'test_result_base': None}
[0.808s] Level 5:colcon.colcon_core.verb:set package 'mini_radi_gazebo' build argument 'cmake_args' from command line to 'None'
[0.808s] Level 5:colcon.colcon_core.verb:set package 'mini_radi_gazebo' build argument 'cmake_target' from command line to 'None'
[0.808s] Level 5:colcon.colcon_core.verb:set package 'mini_radi_gazebo' build argument 'cmake_target_skip_unavailable' from command line to 'False'
[0.808s] Level 5:colcon.colcon_core.verb:set package 'mini_radi_gazebo' build argument 'cmake_clean_cache' from command line to 'False'
[0.808s] Level 5:colcon.colcon_core.verb:set package 'mini_radi_gazebo' build argument 'cmake_clean_first' from command line to 'False'
[0.808s] Level 5:colcon.colcon_core.verb:set package 'mini_radi_gazebo' build argument 'cmake_force_configure' from command line to 'False'
[0.808s] Level 5:colcon.colcon_core.verb:set package 'mini_radi_gazebo' build argument 'ament_cmake_args' from command line to 'None'
[0.808s] Level 5:colcon.colcon_core.verb:set package 'mini_radi_gazebo' build argument 'catkin_cmake_args' from command line to 'None'
[0.808s] Level 5:colcon.colcon_core.verb:set package 'mini_radi_gazebo' build argument 'catkin_skip_building_tests' from command line to 'False'
[0.809s] DEBUG:colcon.colcon_core.verb:Building package 'mini_radi_gazebo' with the following arguments: {'ament_cmake_args': None, 'build_base': '/home/kushagra/mini_radi_ws/build/mini_radi_gazebo', 'catkin_cmake_args': None, 'catkin_skip_building_tests': False, 'cmake_args': None, 'cmake_clean_cache': False, 'cmake_clean_first': False, 'cmake_force_configure': False, 'cmake_target': None, 'cmake_target_skip_unavailable': False, 'install_base': '/home/kushagra/mini_radi_ws/install/mini_radi_gazebo', 'merge_install': False, 'path': '/home/kushagra/mini_radi_ws/src/mini_radi_gazebo', 'symlink_install': True, 'test_result_base': None}
[0.809s] INFO:colcon.colcon_core.executor:Executing jobs using 'parallel' executor
[0.809s] DEBUG:colcon.colcon_parallel_executor.executor.parallel:run_until_complete
[0.810s] INFO:colcon.colcon_ros.task.ament_python.build:Building ROS package in '/home/kushagra/mini_radi_ws/src/mini_radi_control' with build type 'ament_python'
[0.810s] Level 1:colcon.colcon_core.shell:create_environment_hook('mini_radi_control', 'ament_prefix_path')
[0.815s] INFO:colcon.colcon_core.plugin_system:Skipping extension 'colcon_core.shell.bat': Not used on non-Windows systems
[0.815s] INFO:colcon.colcon_core.shell:Creating environment hook '/home/kushagra/mini_radi_ws/install/mini_radi_control/share/mini_radi_control/hook/ament_prefix_path.ps1'
[0.816s] INFO:colcon.colcon_core.shell:Creating environment descriptor '/home/kushagra/mini_radi_ws/install/mini_radi_control/share/mini_radi_control/hook/ament_prefix_path.dsv'
[0.817s] INFO:colcon.colcon_core.shell:Creating environment hook '/home/kushagra/mini_radi_ws/install/mini_radi_control/share/mini_radi_control/hook/ament_prefix_path.sh'
[0.819s] INFO:colcon.colcon_core.shell:Skip shell extension 'powershell' for command environment: Not usable outside of PowerShell
[0.819s] DEBUG:colcon.colcon_core.shell:Skip shell extension 'dsv' for command environment
[0.829s] INFO:colcon.colcon_ros.task.ament_cmake.build:Building ROS package in '/home/kushagra/mini_radi_ws/src/mini_radi_description' with build type 'ament_cmake'
[0.829s] INFO:colcon.colcon_cmake.task.cmake.build:Building CMake package in '/home/kushagra/mini_radi_ws/src/mini_radi_description'
[0.829s] INFO:colcon.colcon_core.shell:Skip shell extension 'powershell' for command environment: Not usable outside of PowerShell
[0.829s] DEBUG:colcon.colcon_core.shell:Skip shell extension 'dsv' for command environment
[0.835s] INFO:colcon.colcon_ros.task.ament_cmake.build:Building ROS package in '/home/kushagra/mini_radi_ws/src/mini_radi_gazebo' with build type 'ament_cmake'
[0.836s] INFO:colcon.colcon_cmake.task.cmake.build:Building CMake package in '/home/kushagra/mini_radi_ws/src/mini_radi_gazebo'
[0.837s] INFO:colcon.colcon_core.shell:Skip shell extension 'powershell' for command environment: Not usable outside of PowerShell
[0.839s] DEBUG:colcon.colcon_core.shell:Skip shell extension 'dsv' for command environment
[1.080s] INFO:colcon.colcon_core.task.python.build:Building Python package in '/home/kushagra/mini_radi_ws/src/mini_radi_control'
[1.081s] INFO:colcon.colcon_core.shell:Skip shell extension 'powershell' for command environment: Not usable outside of PowerShell
[1.081s] DEBUG:colcon.colcon_core.shell:Skip shell extension 'dsv' for command environment
[1.092s] DEBUG:colcon.colcon_core.event_handler.log_command:Invoking command in '/home/kushagra/mini_radi_ws/build/mini_radi_description': CMAKE_PREFIX_PATH=${CMAKE_PREFIX_PATH}:/home/kushagra/mini_radi_ws/install/mini_radi_control:/opt/ros/humble /usr/bin/cmake --build /home/kushagra/mini_radi_ws/build/mini_radi_description -- -j7 -l7
[1.099s] DEBUG:colcon.colcon_core.event_handler.log_command:Invoking command in '/home/kushagra/mini_radi_ws/build/mini_radi_gazebo': CMAKE_PREFIX_PATH=${CMAKE_PREFIX_PATH}:/home/kushagra/mini_radi_ws/install/mini_radi_control:/opt/ros/humble /usr/bin/cmake --build /home/kushagra/mini_radi_ws/build/mini_radi_gazebo -- -j7 -l7
[1.233s] DEBUG:colcon.colcon_core.event_handler.log_command:Invoked command in '/home/kushagra/mini_radi_ws/build/mini_radi_description' returned '0': CMAKE_PREFIX_PATH=${CMAKE_PREFIX_PATH}:/home/kushagra/mini_radi_ws/install/mini_radi_control:/opt/ros/humble /usr/bin/cmake --build /home/kushagra/mini_radi_ws/build/mini_radi_description -- -j7 -l7
[1.263s] DEBUG:colcon.colcon_core.event_handler.log_command:Invoking command in '/home/kushagra/mini_radi_ws/build/mini_radi_description': CMAKE_PREFIX_PATH=${CMAKE_PREFIX_PATH}:/home/kushagra/mini_radi_ws/install/mini_radi_control:/opt/ros/humble /usr/bin/cmake --install /home/kushagra/mini_radi_ws/build/mini_radi_description
[1.267s] DEBUG:colcon.colcon_core.event_handler.log_command:Invoked command in '/home/kushagra/mini_radi_ws/build/mini_radi_gazebo' returned '0': CMAKE_PREFIX_PATH=${CMAKE_PREFIX_PATH}:/home/kushagra/mini_radi_ws/install/mini_radi_control:/opt/ros/humble /usr/bin/cmake --build /home/kushagra/mini_radi_ws/build/mini_radi_gazebo -- -j7 -l7
[1.282s] DEBUG:colcon.colcon_core.event_handler.log_command:Invoking command in '/home/kushagra/mini_radi_ws/build/mini_radi_gazebo': CMAKE_PREFIX_PATH=${CMAKE_PREFIX_PATH}:/home/kushagra/mini_radi_ws/install/mini_radi_control:/opt/ros/humble /usr/bin/cmake --install /home/kushagra/mini_radi_ws/build/mini_radi_gazebo
[1.293s] Level 1:colcon.colcon_core.environment:create_environment_scripts_only(mini_radi_description)
[1.293s] DEBUG:colcon.colcon_core.event_handler.log_command:Invoked command in '/home/kushagra/mini_radi_ws/build/mini_radi_description' returned '0': CMAKE_PREFIX_PATH=${CMAKE_PREFIX_PATH}:/home/kushagra/mini_radi_ws/install/mini_radi_control:/opt/ros/humble /usr/bin/cmake --install /home/kushagra/mini_radi_ws/build/mini_radi_description
[1.312s] Level 1:colcon.colcon_core.environment:checking '/home/kushagra/mini_radi_ws/install/mini_radi_description' for CMake module files
[1.315s] Level 1:colcon.colcon_core.environment:checking '/home/kushagra/mini_radi_ws/install/mini_radi_description' for CMake config files
[1.316s] Level 1:colcon.colcon_core.shell:create_environment_hook('mini_radi_description', 'cmake_prefix_path')
[1.317s] INFO:colcon.colcon_core.shell:Creating environment hook '/home/kushagra/mini_radi_ws/install/mini_radi_description/share/mini_radi_description/hook/cmake_prefix_path.ps1'
[1.320s] INFO:colcon.colcon_core.shell:Creating environment descriptor '/home/kushagra/mini_radi_ws/install/mini_radi_description/share/mini_radi_description/hook/cmake_prefix_path.dsv'
[1.321s] INFO:colcon.colcon_core.shell:Creating environment hook '/home/kushagra/mini_radi_ws/install/mini_radi_description/share/mini_radi_description/hook/cmake_prefix_path.sh'
[1.324s] Level 1:colcon.colcon_core.environment:checking '/home/kushagra/mini_radi_ws/install/mini_radi_description/bin'
[1.324s] Level 1:colcon.colcon_core.environment:checking '/home/kushagra/mini_radi_ws/install/mini_radi_description/lib/pkgconfig/mini_radi_description.pc'
[1.325s] Level 1:colcon.colcon_core.environment:checking '/home/kushagra/mini_radi_ws/install/mini_radi_description/lib/python3.10/site-packages'
[1.325s] Level 1:colcon.colcon_core.environment:checking '/home/kushagra/mini_radi_ws/install/mini_radi_description/bin'
[1.325s] INFO:colcon.colcon_core.shell:Creating package script '/home/kushagra/mini_radi_ws/install/mini_radi_description/share/mini_radi_description/package.ps1'
[1.328s] INFO:colcon.colcon_core.shell:Creating package descriptor '/home/kushagra/mini_radi_ws/install/mini_radi_description/share/mini_radi_description/package.dsv'
[1.334s] INFO:colcon.colcon_core.shell:Creating package script '/home/kushagra/mini_radi_ws/install/mini_radi_description/share/mini_radi_description/package.sh'
[1.338s] INFO:colcon.colcon_core.shell:Creating package script '/home/kushagra/mini_radi_ws/install/mini_radi_description/share/mini_radi_description/package.bash'
[1.339s] INFO:colcon.colcon_core.shell:Creating package script '/home/kushagra/mini_radi_ws/install/mini_radi_description/share/mini_radi_description/package.zsh'
[1.341s] Level 1:colcon.colcon_core.environment:create_file_with_runtime_dependencies(/home/kushagra/mini_radi_ws/install/mini_radi_description/share/colcon-core/packages/mini_radi_description)
[1.342s] Level 1:colcon.colcon_core.environment:create_environment_scripts_only(mini_radi_description)
[1.343s] Level 1:colcon.colcon_core.environment:checking '/home/kushagra/mini_radi_ws/install/mini_radi_description' for CMake module files
[1.344s] Level 1:colcon.colcon_core.environment:checking '/home/kushagra/mini_radi_ws/install/mini_radi_description' for CMake config files
[1.344s] Level 1:colcon.colcon_core.shell:create_environment_hook('mini_radi_description', 'cmake_prefix_path')
[1.345s] INFO:colcon.colcon_core.shell:Creating environment hook '/home/kushagra/mini_radi_ws/install/mini_radi_description/share/mini_radi_description/hook/cmake_prefix_path.ps1'
[1.346s] INFO:colcon.colcon_core.shell:Creating environment descriptor '/home/kushagra/mini_radi_ws/install/mini_radi_description/share/mini_radi_description/hook/cmake_prefix_path.dsv'
[1.347s] INFO:colcon.colcon_core.shell:Creating environment hook '/home/kushagra/mini_radi_ws/install/mini_radi_description/share/mini_radi_description/hook/cmake_prefix_path.sh'
[1.348s] Level 1:colcon.colcon_core.environment:checking '/home/kushagra/mini_radi_ws/install/mini_radi_description/bin'
[1.349s] Level 1:colcon.colcon_core.environment:checking '/home/kushagra/mini_radi_ws/install/mini_radi_description/lib/pkgconfig/mini_radi_description.pc'
[1.349s] Level 1:colcon.colcon_core.environment:checking '/home/kushagra/mini_radi_ws/install/mini_radi_description/lib/python3.10/site-packages'
[1.350s] Level 1:colcon.colcon_core.environment:checking '/home/kushagra/mini_radi_ws/install/mini_radi_description/bin'
[1.350s] INFO:colcon.colcon_core.shell:Creating package script '/home/kushagra/mini_radi_ws/install/mini_radi_description/share/mini_radi_description/package.ps1'
[1.352s] INFO:colcon.colcon_core.shell:Creating package descriptor '/home/kushagra/mini_radi_ws/install/mini_radi_description/share/mini_radi_description/package.dsv'
[1.353s] INFO:colcon.colcon_core.shell:Creating package script '/home/kushagra/mini_radi_ws/install/mini_radi_description/share/mini_radi_description/package.sh'
[1.353s] INFO:colcon.colcon_core.shell:Creating package script '/home/kushagra/mini_radi_ws/install/mini_radi_description/share/mini_radi_description/package.bash'
[1.354s] INFO:colcon.colcon_core.shell:Creating package script '/home/kushagra/mini_radi_ws/install/mini_radi_description/share/mini_radi_description/package.zsh'
[1.355s] Level 1:colcon.colcon_core.environment:create_file_with_runtime_dependencies(/home/kushagra/mini_radi_ws/install/mini_radi_description/share/colcon-core/packages/mini_radi_description)
[1.358s] Level 1:colcon.colcon_core.environment:create_environment_scripts_only(mini_radi_gazebo)
[1.358s] Level 1:colcon.colcon_core.environment:checking '/home/kushagra/mini_radi_ws/install/mini_radi_gazebo' for CMake module files
[1.359s] DEBUG:colcon.colcon_core.event_handler.log_command:Invoked command in '/home/kushagra/mini_radi_ws/build/mini_radi_gazebo' returned '0': CMAKE_PREFIX_PATH=${CMAKE_PREFIX_PATH}:/home/kushagra/mini_radi_ws/install/mini_radi_control:/opt/ros/humble /usr/bin/cmake --install /home/kushagra/mini_radi_ws/build/mini_radi_gazebo
[1.360s] Level 1:colcon.colcon_core.environment:checking '/home/kushagra/mini_radi_ws/install/mini_radi_gazebo' for CMake config files
[1.361s] Level 1:colcon.colcon_core.shell:create_environment_hook('mini_radi_gazebo', 'cmake_prefix_path')
[1.362s] INFO:colcon.colcon_core.shell:Creating environment hook '/home/kushagra/mini_radi_ws/install/mini_radi_gazebo/share/mini_radi_gazebo/hook/cmake_prefix_path.ps1'
[1.363s] INFO:colcon.colcon_core.shell:Creating environment descriptor '/home/kushagra/mini_radi_ws/install/mini_radi_gazebo/share/mini_radi_gazebo/hook/cmake_prefix_path.dsv'
[1.363s] INFO:colcon.colcon_core.shell:Creating environment hook '/home/kushagra/mini_radi_ws/install/mini_radi_gazebo/share/mini_radi_gazebo/hook/cmake_prefix_path.sh'
[1.364s] Level 1:colcon.colcon_core.environment:checking '/home/kushagra/mini_radi_ws/install/mini_radi_gazebo/bin'
[1.367s] Level 1:colcon.colcon_core.environment:checking '/home/kushagra/mini_radi_ws/install/mini_radi_gazebo/lib/pkgconfig/mini_radi_gazebo.pc'
[1.367s] Level 1:colcon.colcon_core.environment:checking '/home/kushagra/mini_radi_ws/install/mini_radi_gazebo/lib/python3.10/site-packages'
[1.368s] Level 1:colcon.colcon_core.environment:checking '/home/kushagra/mini_radi_ws/install/mini_radi_gazebo/bin'
[1.368s] INFO:colcon.colcon_core.shell:Creating package script '/home/kushagra/mini_radi_ws/install/mini_radi_gazebo/share/mini_radi_gazebo/package.ps1'
[1.372s] INFO:colcon.colcon_core.shell:Creating package descriptor '/home/kushagra/mini_radi_ws/install/mini_radi_gazebo/share/mini_radi_gazebo/package.dsv'
[1.373s] INFO:colcon.colcon_core.shell:Creating package script '/home/kushagra/mini_radi_ws/install/mini_radi_gazebo/share/mini_radi_gazebo/package.sh'
[1.376s] INFO:colcon.colcon_core.shell:Creating package script '/home/kushagra/mini_radi_ws/install/mini_radi_gazebo/share/mini_radi_gazebo/package.bash'
[1.377s] INFO:colcon.colcon_core.shell:Creating package script '/home/kushagra/mini_radi_ws/install/mini_radi_gazebo/share/mini_radi_gazebo/package.zsh'
[1.378s] Level 1:colcon.colcon_core.environment:create_file_with_runtime_dependencies(/home/kushagra/mini_radi_ws/install/mini_radi_gazebo/share/colcon-core/packages/mini_radi_gazebo)
[1.378s] Level 1:colcon.colcon_core.environment:create_environment_scripts_only(mini_radi_gazebo)
[1.379s] Level 1:colcon.colcon_core.environment:checking '/home/kushagra/mini_radi_ws/install/mini_radi_gazebo' for CMake module files
[1.379s] Level 1:colcon.colcon_core.environment:checking '/home/kushagra/mini_radi_ws/install/mini_radi_gazebo' for CMake config files
[1.379s] Level 1:colcon.colcon_core.shell:create_environment_hook('mini_radi_gazebo', 'cmake_prefix_path')
[1.379s] INFO:colcon.colcon_core.shell:Creating environment hook '/home/kushagra/mini_radi_ws/install/mini_radi_gazebo/share/mini_radi_gazebo/hook/cmake_prefix_path.ps1'
[1.380s] INFO:colcon.colcon_core.shell:Creating environment descriptor '/home/kushagra/mini_radi_ws/install/mini_radi_gazebo/share/mini_radi_gazebo/hook/cmake_prefix_path.dsv'
[1.380s] INFO:colcon.colcon_core.shell:Creating environment hook '/home/kushagra/mini_radi_ws/install/mini_radi_gazebo/share/mini_radi_gazebo/hook/cmake_prefix_path.sh'
[1.381s] Level 1:colcon.colcon_core.environment:checking '/home/kushagra/mini_radi_ws/install/mini_radi_gazebo/bin'
[1.381s] Level 1:colcon.colcon_core.environment:checking '/home/kushagra/mini_radi_ws/install/mini_radi_gazebo/lib/pkgconfig/mini_radi_gazebo.pc'
[1.381s] Level 1:colcon.colcon_core.environment:checking '/home/kushagra/mini_radi_ws/install/mini_radi_gazebo/lib/python3.10/site-packages'
[1.381s] Level 1:colcon.colcon_core.environment:checking '/home/kushagra/mini_radi_ws/install/mini_radi_gazebo/bin'
[1.382s] INFO:colcon.colcon_core.shell:Creating package script '/home/kushagra/mini_radi_ws/install/mini_radi_gazebo/share/mini_radi_gazebo/package.ps1'
[1.382s] INFO:colcon.colcon_core.shell:Creating package descriptor '/home/kushagra/mini_radi_ws/install/mini_radi_gazebo/share/mini_radi_gazebo/package.dsv'
[1.383s] INFO:colcon.colcon_core.shell:Creating package script '/home/kushagra/mini_radi_ws/install/mini_radi_gazebo/share/mini_radi_gazebo/package.sh'
[1.383s] INFO:colcon.colcon_core.shell:Creating package script '/home/kushagra/mini_radi_ws/install/mini_radi_gazebo/share/mini_radi_gazebo/package.bash'
[1.384s] INFO:colcon.colcon_core.shell:Creating package script '/home/kushagra/mini_radi_ws/install/mini_radi_gazebo/share/mini_radi_gazebo/package.zsh'
[1.384s] Level 1:colcon.colcon_core.environment:create_file_with_runtime_dependencies(/home/kushagra/mini_radi_ws/install/mini_radi_gazebo/share/colcon-core/packages/mini_radi_gazebo)
[1.536s] DEBUG:colcon.colcon_core.task.python.build:Available setuptools commands: saveopts, alias, install, build_scripts, bdist_rpm, install_scripts, rotate, build_py, install_lib, dist_info, symlink_data, check, register, bdist, bdist_egg, test, develop, install_data, sdist, bdist_dumb, install_headers, upload_docs, upload, easy_install, setopt, egg_info, build_clib, clean, build_ext, install_egg_info, build
[1.814s] DEBUG:colcon.colcon_core.task.python.build:Available setuptools 'develop' options: --install-dir, --site-dirs, --version, --find-links, --editable, --egg-path, --user, --no-deps, --quiet, --optimize, --install-layout, --upgrade, --index-url, --record, --allow-hosts, --uninstall, --dry-run, --force-installation-into-system-dir, --exclude-scripts, --build-directory, --always-unzip, --prefix, --no-user-cfg, --zip-ok, --always-copy, --help, --script-dir, --local-snapshots-ok, --multi-version, --no-find-links, --verbose
[1.818s] DEBUG:colcon.colcon_core.event_handler.log_command:Invoking command in '/home/kushagra/mini_radi_ws/build/mini_radi_control': PYTHONPATH=/home/kushagra/mini_radi_ws/build/mini_radi_control/prefix_override:/usr/lib/python3/dist-packages/colcon_core/task/python/colcon_distutils_commands:/home/kushagra/mini_radi_ws/install/mini_radi_control/lib/python3.10/site-packages:${PYTHONPATH} /usr/bin/python3 -W ignore:setup.py install is deprecated -W ignore:easy_install command is deprecated setup.py develop --editable --build-directory /home/kushagra/mini_radi_ws/build/mini_radi_control/build --no-deps symlink_data
[2.258s] Level 1:colcon.colcon_core.shell:create_environment_hook('mini_radi_control', 'pythonpath_develop')
[2.260s] INFO:colcon.colcon_core.shell:Creating environment hook '/home/kushagra/mini_radi_ws/build/mini_radi_control/share/mini_radi_control/hook/pythonpath_develop.ps1'
[2.260s] DEBUG:colcon.colcon_core.event_handler.log_command:Invoked command in '/home/kushagra/mini_radi_ws/build/mini_radi_control' returned '0': PYTHONPATH=/home/kushagra/mini_radi_ws/build/mini_radi_control/prefix_override:/usr/lib/python3/dist-packages/colcon_core/task/python/colcon_distutils_commands:/home/kushagra/mini_radi_ws/install/mini_radi_control/lib/python3.10/site-packages:${PYTHONPATH} /usr/bin/python3 -W ignore:setup.py install is deprecated -W ignore:easy_install command is deprecated setup.py develop --editable --build-directory /home/kushagra/mini_radi_ws/build/mini_radi_control/build --no-deps symlink_data
[2.262s] INFO:colcon.colcon_core.shell:Creating environment descriptor '/home/kushagra/mini_radi_ws/build/mini_radi_control/share/mini_radi_control/hook/pythonpath_develop.dsv'
[2.263s] INFO:colcon.colcon_core.shell:Creating environment hook '/home/kushagra/mini_radi_ws/build/mini_radi_control/share/mini_radi_control/hook/pythonpath_develop.sh'
[2.264s] Level 1:colcon.colcon_core.environment:checking '/home/kushagra/mini_radi_ws/install/mini_radi_control' for CMake module files
[2.267s] Level 1:colcon.colcon_core.environment:checking '/home/kushagra/mini_radi_ws/install/mini_radi_control' for CMake config files
[2.268s] Level 1:colcon.colcon_core.environment:checking '/home/kushagra/mini_radi_ws/install/mini_radi_control/lib'
[2.271s] Level 1:colcon.colcon_core.environment:checking '/home/kushagra/mini_radi_ws/install/mini_radi_control/bin'
[2.272s] Level 1:colcon.colcon_core.environment:checking '/home/kushagra/mini_radi_ws/install/mini_radi_control/lib/pkgconfig/mini_radi_control.pc'
[2.272s] Level 1:colcon.colcon_core.environment:checking '/home/kushagra/mini_radi_ws/install/mini_radi_control/lib/python3.10/site-packages'
[2.272s] Level 1:colcon.colcon_core.shell:create_environment_hook('mini_radi_control', 'pythonpath')
[2.272s] INFO:colcon.colcon_core.shell:Creating environment hook '/home/kushagra/mini_radi_ws/install/mini_radi_control/share/mini_radi_control/hook/pythonpath.ps1'
[2.274s] INFO:colcon.colcon_core.shell:Creating environment descriptor '/home/kushagra/mini_radi_ws/install/mini_radi_control/share/mini_radi_control/hook/pythonpath.dsv'
[2.275s] INFO:colcon.colcon_core.shell:Creating environment hook '/home/kushagra/mini_radi_ws/install/mini_radi_control/share/mini_radi_control/hook/pythonpath.sh'
[2.277s] Level 1:colcon.colcon_core.environment:checking '/home/kushagra/mini_radi_ws/install/mini_radi_control/bin'
[2.277s] Level 1:colcon.colcon_core.environment:create_environment_scripts_only(mini_radi_control)
[2.277s] INFO:colcon.colcon_core.shell:Creating package script '/home/kushagra/mini_radi_ws/install/mini_radi_control/share/mini_radi_control/package.ps1'
[2.278s] INFO:colcon.colcon_core.shell:Creating package descriptor '/home/kushagra/mini_radi_ws/install/mini_radi_control/share/mini_radi_control/package.dsv'
[2.279s] INFO:colcon.colcon_core.shell:Creating package script '/home/kushagra/mini_radi_ws/install/mini_radi_control/share/mini_radi_control/package.sh'
[2.279s] INFO:colcon.colcon_core.shell:Creating package script '/home/kushagra/mini_radi_ws/install/mini_radi_control/share/mini_radi_control/package.bash'
[2.279s] INFO:colcon.colcon_core.shell:Creating package script '/home/kushagra/mini_radi_ws/install/mini_radi_control/share/mini_radi_control/package.zsh'
[2.280s] Level 1:colcon.colcon_core.environment:create_file_with_runtime_dependencies(/home/kushagra/mini_radi_ws/install/mini_radi_control/share/colcon-core/packages/mini_radi_control)
[2.280s] DEBUG:colcon.colcon_parallel_executor.executor.parallel:closing loop
[2.280s] DEBUG:colcon.colcon_parallel_executor.executor.parallel:loop closed
[2.281s] DEBUG:colcon.colcon_parallel_executor.executor.parallel:run_until_complete finished with '0'
[2.281s] DEBUG:colcon.colcon_core.event_reactor:joining thread
[2.307s] INFO:colcon.colcon_core.plugin_system:Skipping extension 'colcon_notification.desktop_notification.terminal_notifier': Not used on non-Darwin systems
[2.307s] INFO:colcon.colcon_core.plugin_system:Skipping extension 'colcon_notification.desktop_notification.win32': Not used on non-Windows systems
[2.307s] INFO:colcon.colcon_notification.desktop_notification:Sending desktop notification using 'notify2'
[2.344s] DEBUG:colcon.colcon_core.event_reactor:joined thread
[2.344s] INFO:colcon.colcon_core.shell:Creating prefix script '/home/kushagra/mini_radi_ws/install/local_setup.ps1'
[2.347s] INFO:colcon.colcon_core.shell:Creating prefix util module '/home/kushagra/mini_radi_ws/install/_local_setup_util_ps1.py'
[2.349s] INFO:colcon.colcon_core.shell:Creating prefix chain script '/home/kushagra/mini_radi_ws/install/setup.ps1'
[2.351s] INFO:colcon.colcon_core.shell:Creating prefix script '/home/kushagra/mini_radi_ws/install/local_setup.sh'
[2.352s] INFO:colcon.colcon_core.shell:Creating prefix util module '/home/kushagra/mini_radi_ws/install/_local_setup_util_sh.py'
[2.352s] INFO:colcon.colcon_core.shell:Creating prefix chain script '/home/kushagra/mini_radi_ws/install/setup.sh'
[2.355s] INFO:colcon.colcon_core.shell:Creating prefix script '/home/kushagra/mini_radi_ws/install/local_setup.bash'
[2.356s] INFO:colcon.colcon_core.shell:Creating prefix chain script '/home/kushagra/mini_radi_ws/install/setup.bash'
[2.357s] INFO:colcon.colcon_core.shell:Creating prefix script '/home/kushagra/mini_radi_ws/install/local_setup.zsh'
[2.359s] INFO:colcon.colcon_core.shell:Creating prefix chain script '/home/kushagra/mini_radi_ws/install/setup.zsh'
