[0.161s] Invoking command in '/home/kushagra/mini_radi_ws/build/mini_radi_description': /usr/bin/cmake --build /home/kushagra/mini_radi_ws/build/mini_radi_description -- -j7 -l7
[0.273s] Invoked command in '/home/kushagra/mini_radi_ws/build/mini_radi_description' returned '0': /usr/bin/cmake --build /home/kushagra/mini_radi_ws/build/mini_radi_description -- -j7 -l7
[0.282s] Invoking command in '/home/kushagra/mini_radi_ws/build/mini_radi_description': /usr/bin/cmake --install /home/kushagra/mini_radi_ws/build/mini_radi_description
[0.293s] -- Install configuration: ""
[0.296s] -- Execute custom install script
[0.296s] -- Up-to-date symlink: /home/kushagra/mini_radi_ws/install/mini_radi_description/share/mini_radi_description/urdf/mini_radi.urdf
[0.297s] -- Up-to-date symlink: /home/kushagra/mini_radi_ws/install/mini_radi_description/share/mini_radi_description/launch/display.launch.py
[0.297s] -- Up-to-date symlink: /home/kushagra/mini_radi_ws/install/mini_radi_description/share/ament_index/resource_index/package_run_dependencies/mini_radi_description
[0.299s] -- Up-to-date symlink: /home/kushagra/mini_radi_ws/install/mini_radi_description/share/ament_index/resource_index/parent_prefix_path/mini_radi_description
[0.299s] -- Up-to-date symlink: /home/kushagra/mini_radi_ws/install/mini_radi_description/share/mini_radi_description/environment/ament_prefix_path.sh
[0.299s] -- Up-to-date symlink: /home/kushagra/mini_radi_ws/install/mini_radi_description/share/mini_radi_description/environment/ament_prefix_path.dsv
[0.300s] -- Up-to-date symlink: /home/kushagra/mini_radi_ws/install/mini_radi_description/share/mini_radi_description/environment/path.sh
[0.301s] -- Up-to-date symlink: /home/kushagra/mini_radi_ws/install/mini_radi_description/share/mini_radi_description/environment/path.dsv
[0.301s] -- Up-to-date symlink: /home/kushagra/mini_radi_ws/install/mini_radi_description/share/mini_radi_description/local_setup.bash
[0.302s] -- Up-to-date symlink: /home/kushagra/mini_radi_ws/install/mini_radi_description/share/mini_radi_description/local_setup.sh
[0.302s] -- Up-to-date symlink: /home/kushagra/mini_radi_ws/install/mini_radi_description/share/mini_radi_description/local_setup.zsh
[0.302s] -- Up-to-date symlink: /home/kushagra/mini_radi_ws/install/mini_radi_description/share/mini_radi_description/local_setup.dsv
[0.303s] -- Symlinking: /home/kushagra/mini_radi_ws/install/mini_radi_description/share/mini_radi_description/package.dsv
[0.312s] -- Up-to-date symlink: /home/kushagra/mini_radi_ws/install/mini_radi_description/share/ament_index/resource_index/packages/mini_radi_description
[0.312s] -- Up-to-date symlink: /home/kushagra/mini_radi_ws/install/mini_radi_description/share/mini_radi_description/cmake/mini_radi_descriptionConfig.cmake
[0.313s] -- Up-to-date symlink: /home/kushagra/mini_radi_ws/install/mini_radi_description/share/mini_radi_description/cmake/mini_radi_descriptionConfig-version.cmake
[0.313s] -- Up-to-date symlink: /home/kushagra/mini_radi_ws/install/mini_radi_description/share/mini_radi_description/package.xml
[0.317s] Invoked command in '/home/kushagra/mini_radi_ws/build/mini_radi_description' returned '0': /usr/bin/cmake --install /home/kushagra/mini_radi_ws/build/mini_radi_description
