[0.078s] DEBUG:colcon:Command line arguments: ['/usr/bin/colcon', 'build', '--symlink-install']
[0.078s] DEBUG:colcon:Parsed command line arguments: Namespace(log_base=None, log_level=None, verb_name='build', build_base='build', install_base='install', merge_install=False, symlink_install=True, test_result_base=None, continue_on_error=False, executor='parallel', parallel_workers=7, event_handlers=None, ignore_user_meta=False, metas=['./colcon.meta'], base_paths=['.'], packages_ignore=None, packages_ignore_regex=None, paths=None, packages_up_to=None, packages_up_to_regex=None, packages_above=None, packages_above_and_dependencies=None, packages_above_depth=None, packages_select_by_dep=None, packages_skip_by_dep=None, packages_skip_up_to=None, packages_select_build_failed=False, packages_skip_build_finished=False, packages_select_test_failures=False, packages_skip_test_passed=False, packages_select=None, packages_skip=None, packages_select_regex=None, packages_skip_regex=None, packages_start=None, packages_end=None, allow_overriding=[], cmake_args=None, cmake_target=None, cmake_target_skip_unavailable=False, cmake_clean_cache=False, cmake_clean_first=False, cmake_force_configure=False, ament_cmake_args=None, catkin_cmake_args=None, catkin_skip_building_tests=False, verb_parser=<colcon_defaults.argument_parser.defaults.DefaultArgumentsDecorator object at 0x7e6e21cef7f0>, verb_extension=<colcon_core.verb.build.BuildVerb object at 0x7e6e21e68430>, main=<bound method BuildVerb.main of <colcon_core.verb.build.BuildVerb object at 0x7e6e21e68430>>)
[0.177s] Level 1:colcon.colcon_core.package_discovery:discover_packages(colcon_meta) check parameters
[0.177s] Level 1:colcon.colcon_core.package_discovery:discover_packages(recursive) check parameters
[0.177s] Level 1:colcon.colcon_core.package_discovery:discover_packages(ignore) check parameters
[0.177s] Level 1:colcon.colcon_core.package_discovery:discover_packages(path) check parameters
[0.177s] Level 1:colcon.colcon_core.package_discovery:discover_packages(colcon_meta) discover
[0.177s] Level 1:colcon.colcon_core.package_discovery:discover_packages(recursive) discover
[0.177s] INFO:colcon.colcon_core.package_discovery:Crawling recursively for packages in '/home/kushagra/mini_radi_ws'
[0.177s] Level 1:colcon.colcon_core.package_identification:_identify(.) by extensions ['ignore', 'ignore_ament_install']
[0.178s] Level 1:colcon.colcon_core.package_identification:_identify(.) by extension 'ignore'
[0.178s] Level 1:colcon.colcon_core.package_identification:_identify(.) by extension 'ignore_ament_install'
[0.178s] Level 1:colcon.colcon_core.package_identification:_identify(.) by extensions ['colcon_pkg']
[0.178s] Level 1:colcon.colcon_core.package_identification:_identify(.) by extension 'colcon_pkg'
[0.178s] Level 1:colcon.colcon_core.package_identification:_identify(.) by extensions ['colcon_meta']
[0.178s] Level 1:colcon.colcon_core.package_identification:_identify(.) by extension 'colcon_meta'
[0.178s] Level 1:colcon.colcon_core.package_identification:_identify(.) by extensions ['ros']
[0.178s] Level 1:colcon.colcon_core.package_identification:_identify(.) by extension 'ros'
[0.186s] Level 1:colcon.colcon_core.package_identification:_identify(.) by extensions ['cmake', 'python']
[0.186s] Level 1:colcon.colcon_core.package_identification:_identify(.) by extension 'cmake'
[0.186s] Level 1:colcon.colcon_core.package_identification:_identify(.) by extension 'python'
[0.187s] Level 1:colcon.colcon_core.package_identification:_identify(.) by extensions ['python_setup_py']
[0.187s] Level 1:colcon.colcon_core.package_identification:_identify(.) by extension 'python_setup_py'
[0.187s] Level 1:colcon.colcon_core.package_identification:_identify(build) by extensions ['ignore', 'ignore_ament_install']
[0.187s] Level 1:colcon.colcon_core.package_identification:_identify(build) by extension 'ignore'
[0.187s] Level 1:colcon.colcon_core.package_identification:_identify(build) ignored
[0.187s] Level 1:colcon.colcon_core.package_identification:_identify(install) by extensions ['ignore', 'ignore_ament_install']
[0.187s] Level 1:colcon.colcon_core.package_identification:_identify(install) by extension 'ignore'
[0.187s] Level 1:colcon.colcon_core.package_identification:_identify(install) ignored
[0.187s] Level 1:colcon.colcon_core.package_identification:_identify(log) by extensions ['ignore', 'ignore_ament_install']
[0.187s] Level 1:colcon.colcon_core.package_identification:_identify(log) by extension 'ignore'
[0.187s] Level 1:colcon.colcon_core.package_identification:_identify(log) ignored
[0.187s] Level 1:colcon.colcon_core.package_identification:_identify(src) by extensions ['ignore', 'ignore_ament_install']
[0.187s] Level 1:colcon.colcon_core.package_identification:_identify(src) by extension 'ignore'
[0.187s] Level 1:colcon.colcon_core.package_identification:_identify(src) by extension 'ignore_ament_install'
[0.187s] Level 1:colcon.colcon_core.package_identification:_identify(src) by extensions ['colcon_pkg']
[0.187s] Level 1:colcon.colcon_core.package_identification:_identify(src) by extension 'colcon_pkg'
[0.187s] Level 1:colcon.colcon_core.package_identification:_identify(src) by extensions ['colcon_meta']
[0.187s] Level 1:colcon.colcon_core.package_identification:_identify(src) by extension 'colcon_meta'
[0.187s] Level 1:colcon.colcon_core.package_identification:_identify(src) by extensions ['ros']
[0.187s] Level 1:colcon.colcon_core.package_identification:_identify(src) by extension 'ros'
[0.187s] Level 1:colcon.colcon_core.package_identification:_identify(src) by extensions ['cmake', 'python']
[0.187s] Level 1:colcon.colcon_core.package_identification:_identify(src) by extension 'cmake'
[0.187s] Level 1:colcon.colcon_core.package_identification:_identify(src) by extension 'python'
[0.187s] Level 1:colcon.colcon_core.package_identification:_identify(src) by extensions ['python_setup_py']
[0.187s] Level 1:colcon.colcon_core.package_identification:_identify(src) by extension 'python_setup_py'
[0.188s] Level 1:colcon.colcon_core.package_identification:_identify(src/mini_radi_behavior) by extensions ['ignore', 'ignore_ament_install']
[0.188s] Level 1:colcon.colcon_core.package_identification:_identify(src/mini_radi_behavior) by extension 'ignore'
[0.188s] Level 1:colcon.colcon_core.package_identification:_identify(src/mini_radi_behavior) by extension 'ignore_ament_install'
[0.188s] Level 1:colcon.colcon_core.package_identification:_identify(src/mini_radi_behavior) by extensions ['colcon_pkg']
[0.188s] Level 1:colcon.colcon_core.package_identification:_identify(src/mini_radi_behavior) by extension 'colcon_pkg'
[0.188s] Level 1:colcon.colcon_core.package_identification:_identify(src/mini_radi_behavior) by extensions ['colcon_meta']
[0.188s] Level 1:colcon.colcon_core.package_identification:_identify(src/mini_radi_behavior) by extension 'colcon_meta'
[0.188s] Level 1:colcon.colcon_core.package_identification:_identify(src/mini_radi_behavior) by extensions ['ros']
[0.188s] Level 1:colcon.colcon_core.package_identification:_identify(src/mini_radi_behavior) by extension 'ros'
[0.188s] Level 1:colcon.colcon_core.package_identification:_identify(src/mini_radi_behavior) by extensions ['cmake', 'python']
[0.188s] Level 1:colcon.colcon_core.package_identification:_identify(src/mini_radi_behavior) by extension 'cmake'
[0.188s] Level 1:colcon.colcon_core.package_identification:_identify(src/mini_radi_behavior) by extension 'python'
[0.188s] Level 1:colcon.colcon_core.package_identification:_identify(src/mini_radi_behavior) by extensions ['python_setup_py']
[0.188s] Level 1:colcon.colcon_core.package_identification:_identify(src/mini_radi_behavior) by extension 'python_setup_py'
[0.188s] Level 1:colcon.colcon_core.package_identification:_identify(src/mini_radi_control) by extensions ['ignore', 'ignore_ament_install']
[0.188s] Level 1:colcon.colcon_core.package_identification:_identify(src/mini_radi_control) by extension 'ignore'
[0.188s] Level 1:colcon.colcon_core.package_identification:_identify(src/mini_radi_control) by extension 'ignore_ament_install'
[0.188s] Level 1:colcon.colcon_core.package_identification:_identify(src/mini_radi_control) by extensions ['colcon_pkg']
[0.188s] Level 1:colcon.colcon_core.package_identification:_identify(src/mini_radi_control) by extension 'colcon_pkg'
[0.188s] Level 1:colcon.colcon_core.package_identification:_identify(src/mini_radi_control) by extensions ['colcon_meta']
[0.188s] Level 1:colcon.colcon_core.package_identification:_identify(src/mini_radi_control) by extension 'colcon_meta'
[0.188s] Level 1:colcon.colcon_core.package_identification:_identify(src/mini_radi_control) by extensions ['ros']
[0.188s] Level 1:colcon.colcon_core.package_identification:_identify(src/mini_radi_control) by extension 'ros'
[0.190s] DEBUG:colcon.colcon_core.package_identification:Package 'src/mini_radi_control' with type 'ros.ament_python' and name 'mini_radi_control'
[0.190s] Level 1:colcon.colcon_core.package_identification:_identify(src/mini_radi_description) by extensions ['ignore', 'ignore_ament_install']
[0.190s] Level 1:colcon.colcon_core.package_identification:_identify(src/mini_radi_description) by extension 'ignore'
[0.190s] Level 1:colcon.colcon_core.package_identification:_identify(src/mini_radi_description) by extension 'ignore_ament_install'
[0.191s] Level 1:colcon.colcon_core.package_identification:_identify(src/mini_radi_description) by extensions ['colcon_pkg']
[0.191s] Level 1:colcon.colcon_core.package_identification:_identify(src/mini_radi_description) by extension 'colcon_pkg'
[0.191s] Level 1:colcon.colcon_core.package_identification:_identify(src/mini_radi_description) by extensions ['colcon_meta']
[0.191s] Level 1:colcon.colcon_core.package_identification:_identify(src/mini_radi_description) by extension 'colcon_meta'
[0.191s] Level 1:colcon.colcon_core.package_identification:_identify(src/mini_radi_description) by extensions ['ros']
[0.191s] Level 1:colcon.colcon_core.package_identification:_identify(src/mini_radi_description) by extension 'ros'
[0.191s] DEBUG:colcon.colcon_core.package_identification:Package 'src/mini_radi_description' with type 'ros.ament_cmake' and name 'mini_radi_description'
[0.191s] Level 1:colcon.colcon_core.package_identification:_identify(src/mini_radi_gazebo) by extensions ['ignore', 'ignore_ament_install']
[0.191s] Level 1:colcon.colcon_core.package_identification:_identify(src/mini_radi_gazebo) by extension 'ignore'
[0.191s] Level 1:colcon.colcon_core.package_identification:_identify(src/mini_radi_gazebo) by extension 'ignore_ament_install'
[0.191s] Level 1:colcon.colcon_core.package_identification:_identify(src/mini_radi_gazebo) by extensions ['colcon_pkg']
[0.191s] Level 1:colcon.colcon_core.package_identification:_identify(src/mini_radi_gazebo) by extension 'colcon_pkg'
[0.191s] Level 1:colcon.colcon_core.package_identification:_identify(src/mini_radi_gazebo) by extensions ['colcon_meta']
[0.191s] Level 1:colcon.colcon_core.package_identification:_identify(src/mini_radi_gazebo) by extension 'colcon_meta'
[0.191s] Level 1:colcon.colcon_core.package_identification:_identify(src/mini_radi_gazebo) by extensions ['ros']
[0.191s] Level 1:colcon.colcon_core.package_identification:_identify(src/mini_radi_gazebo) by extension 'ros'
[0.192s] DEBUG:colcon.colcon_core.package_identification:Package 'src/mini_radi_gazebo' with type 'ros.ament_cmake' and name 'mini_radi_gazebo'
[0.192s] Level 1:colcon.colcon_core.package_identification:_identify(src/mini_radi_gui) by extensions ['ignore', 'ignore_ament_install']
[0.192s] Level 1:colcon.colcon_core.package_identification:_identify(src/mini_radi_gui) by extension 'ignore'
[0.192s] Level 1:colcon.colcon_core.package_identification:_identify(src/mini_radi_gui) by extension 'ignore_ament_install'
[0.192s] Level 1:colcon.colcon_core.package_identification:_identify(src/mini_radi_gui) by extensions ['colcon_pkg']
[0.192s] Level 1:colcon.colcon_core.package_identification:_identify(src/mini_radi_gui) by extension 'colcon_pkg'
[0.192s] Level 1:colcon.colcon_core.package_identification:_identify(src/mini_radi_gui) by extensions ['colcon_meta']
[0.192s] Level 1:colcon.colcon_core.package_identification:_identify(src/mini_radi_gui) by extension 'colcon_meta'
[0.192s] Level 1:colcon.colcon_core.package_identification:_identify(src/mini_radi_gui) by extensions ['ros']
[0.192s] Level 1:colcon.colcon_core.package_identification:_identify(src/mini_radi_gui) by extension 'ros'
[0.192s] Level 1:colcon.colcon_core.package_identification:_identify(src/mini_radi_gui) by extensions ['cmake', 'python']
[0.192s] Level 1:colcon.colcon_core.package_identification:_identify(src/mini_radi_gui) by extension 'cmake'
[0.192s] Level 1:colcon.colcon_core.package_identification:_identify(src/mini_radi_gui) by extension 'python'
[0.192s] Level 1:colcon.colcon_core.package_identification:_identify(src/mini_radi_gui) by extensions ['python_setup_py']
[0.192s] Level 1:colcon.colcon_core.package_identification:_identify(src/mini_radi_gui) by extension 'python_setup_py'
[0.192s] Level 1:colcon.colcon_core.package_identification:_identify(src/mini_radi_sensors) by extensions ['ignore', 'ignore_ament_install']
[0.192s] Level 1:colcon.colcon_core.package_identification:_identify(src/mini_radi_sensors) by extension 'ignore'
[0.192s] Level 1:colcon.colcon_core.package_identification:_identify(src/mini_radi_sensors) by extension 'ignore_ament_install'
[0.192s] Level 1:colcon.colcon_core.package_identification:_identify(src/mini_radi_sensors) by extensions ['colcon_pkg']
[0.192s] Level 1:colcon.colcon_core.package_identification:_identify(src/mini_radi_sensors) by extension 'colcon_pkg'
[0.192s] Level 1:colcon.colcon_core.package_identification:_identify(src/mini_radi_sensors) by extensions ['colcon_meta']
[0.192s] Level 1:colcon.colcon_core.package_identification:_identify(src/mini_radi_sensors) by extension 'colcon_meta'
[0.192s] Level 1:colcon.colcon_core.package_identification:_identify(src/mini_radi_sensors) by extensions ['ros']
[0.192s] Level 1:colcon.colcon_core.package_identification:_identify(src/mini_radi_sensors) by extension 'ros'
[0.193s] Level 1:colcon.colcon_core.package_identification:_identify(src/mini_radi_sensors) by extensions ['cmake', 'python']
[0.193s] Level 1:colcon.colcon_core.package_identification:_identify(src/mini_radi_sensors) by extension 'cmake'
[0.193s] Level 1:colcon.colcon_core.package_identification:_identify(src/mini_radi_sensors) by extension 'python'
[0.193s] Level 1:colcon.colcon_core.package_identification:_identify(src/mini_radi_sensors) by extensions ['python_setup_py']
[0.193s] Level 1:colcon.colcon_core.package_identification:_identify(src/mini_radi_sensors) by extension 'python_setup_py'
[0.193s] Level 1:colcon.colcon_core.package_discovery:discover_packages(recursive) using defaults
[0.193s] Level 1:colcon.colcon_core.package_discovery:discover_packages(ignore) discover
[0.193s] Level 1:colcon.colcon_core.package_discovery:discover_packages(ignore) using defaults
[0.193s] Level 1:colcon.colcon_core.package_discovery:discover_packages(path) discover
[0.193s] Level 1:colcon.colcon_core.package_discovery:discover_packages(path) using defaults
[0.208s] Level 1:colcon.colcon_core.package_discovery:discover_packages(prefix_path) check parameters
[0.208s] Level 1:colcon.colcon_core.package_discovery:discover_packages(prefix_path) discover
[0.210s] DEBUG:colcon.colcon_installed_package_information.package_discovery:Found 3 installed packages in /home/kushagra/mini_radi_ws/install
[0.210s] DEBUG:colcon.colcon_installed_package_information.package_discovery:Found 280 installed packages in /opt/ros/humble
[0.212s] Level 1:colcon.colcon_core.package_discovery:discover_packages(prefix_path) using defaults
[0.246s] Level 5:colcon.colcon_core.verb:set package 'mini_radi_control' build argument 'cmake_args' from command line to 'None'
[0.246s] Level 5:colcon.colcon_core.verb:set package 'mini_radi_control' build argument 'cmake_target' from command line to 'None'
[0.246s] Level 5:colcon.colcon_core.verb:set package 'mini_radi_control' build argument 'cmake_target_skip_unavailable' from command line to 'False'
[0.246s] Level 5:colcon.colcon_core.verb:set package 'mini_radi_control' build argument 'cmake_clean_cache' from command line to 'False'
[0.246s] Level 5:colcon.colcon_core.verb:set package 'mini_radi_control' build argument 'cmake_clean_first' from command line to 'False'
[0.246s] Level 5:colcon.colcon_core.verb:set package 'mini_radi_control' build argument 'cmake_force_configure' from command line to 'False'
[0.246s] Level 5:colcon.colcon_core.verb:set package 'mini_radi_control' build argument 'ament_cmake_args' from command line to 'None'
[0.246s] Level 5:colcon.colcon_core.verb:set package 'mini_radi_control' build argument 'catkin_cmake_args' from command line to 'None'
[0.246s] Level 5:colcon.colcon_core.verb:set package 'mini_radi_control' build argument 'catkin_skip_building_tests' from command line to 'False'
[0.246s] DEBUG:colcon.colcon_core.verb:Building package 'mini_radi_control' with the following arguments: {'ament_cmake_args': None, 'build_base': '/home/kushagra/mini_radi_ws/build/mini_radi_control', 'catkin_cmake_args': None, 'catkin_skip_building_tests': False, 'cmake_args': None, 'cmake_clean_cache': False, 'cmake_clean_first': False, 'cmake_force_configure': False, 'cmake_target': None, 'cmake_target_skip_unavailable': False, 'install_base': '/home/kushagra/mini_radi_ws/install/mini_radi_control', 'merge_install': False, 'path': '/home/kushagra/mini_radi_ws/src/mini_radi_control', 'symlink_install': True, 'test_result_base': None}
[0.247s] Level 5:colcon.colcon_core.verb:set package 'mini_radi_description' build argument 'cmake_args' from command line to 'None'
[0.247s] Level 5:colcon.colcon_core.verb:set package 'mini_radi_description' build argument 'cmake_target' from command line to 'None'
[0.247s] Level 5:colcon.colcon_core.verb:set package 'mini_radi_description' build argument 'cmake_target_skip_unavailable' from command line to 'False'
[0.247s] Level 5:colcon.colcon_core.verb:set package 'mini_radi_description' build argument 'cmake_clean_cache' from command line to 'False'
[0.247s] Level 5:colcon.colcon_core.verb:set package 'mini_radi_description' build argument 'cmake_clean_first' from command line to 'False'
[0.247s] Level 5:colcon.colcon_core.verb:set package 'mini_radi_description' build argument 'cmake_force_configure' from command line to 'False'
[0.247s] Level 5:colcon.colcon_core.verb:set package 'mini_radi_description' build argument 'ament_cmake_args' from command line to 'None'
[0.247s] Level 5:colcon.colcon_core.verb:set package 'mini_radi_description' build argument 'catkin_cmake_args' from command line to 'None'
[0.247s] Level 5:colcon.colcon_core.verb:set package 'mini_radi_description' build argument 'catkin_skip_building_tests' from command line to 'False'
[0.247s] DEBUG:colcon.colcon_core.verb:Building package 'mini_radi_description' with the following arguments: {'ament_cmake_args': None, 'build_base': '/home/kushagra/mini_radi_ws/build/mini_radi_description', 'catkin_cmake_args': None, 'catkin_skip_building_tests': False, 'cmake_args': None, 'cmake_clean_cache': False, 'cmake_clean_first': False, 'cmake_force_configure': False, 'cmake_target': None, 'cmake_target_skip_unavailable': False, 'install_base': '/home/kushagra/mini_radi_ws/install/mini_radi_description', 'merge_install': False, 'path': '/home/kushagra/mini_radi_ws/src/mini_radi_description', 'symlink_install': True, 'test_result_base': None}
[0.247s] Level 5:colcon.colcon_core.verb:set package 'mini_radi_gazebo' build argument 'cmake_args' from command line to 'None'
[0.247s] Level 5:colcon.colcon_core.verb:set package 'mini_radi_gazebo' build argument 'cmake_target' from command line to 'None'
[0.247s] Level 5:colcon.colcon_core.verb:set package 'mini_radi_gazebo' build argument 'cmake_target_skip_unavailable' from command line to 'False'
[0.247s] Level 5:colcon.colcon_core.verb:set package 'mini_radi_gazebo' build argument 'cmake_clean_cache' from command line to 'False'
[0.247s] Level 5:colcon.colcon_core.verb:set package 'mini_radi_gazebo' build argument 'cmake_clean_first' from command line to 'False'
[0.247s] Level 5:colcon.colcon_core.verb:set package 'mini_radi_gazebo' build argument 'cmake_force_configure' from command line to 'False'
[0.247s] Level 5:colcon.colcon_core.verb:set package 'mini_radi_gazebo' build argument 'ament_cmake_args' from command line to 'None'
[0.247s] Level 5:colcon.colcon_core.verb:set package 'mini_radi_gazebo' build argument 'catkin_cmake_args' from command line to 'None'
[0.247s] Level 5:colcon.colcon_core.verb:set package 'mini_radi_gazebo' build argument 'catkin_skip_building_tests' from command line to 'False'
[0.247s] DEBUG:colcon.colcon_core.verb:Building package 'mini_radi_gazebo' with the following arguments: {'ament_cmake_args': None, 'build_base': '/home/kushagra/mini_radi_ws/build/mini_radi_gazebo', 'catkin_cmake_args': None, 'catkin_skip_building_tests': False, 'cmake_args': None, 'cmake_clean_cache': False, 'cmake_clean_first': False, 'cmake_force_configure': False, 'cmake_target': None, 'cmake_target_skip_unavailable': False, 'install_base': '/home/kushagra/mini_radi_ws/install/mini_radi_gazebo', 'merge_install': False, 'path': '/home/kushagra/mini_radi_ws/src/mini_radi_gazebo', 'symlink_install': True, 'test_result_base': None}
[0.247s] INFO:colcon.colcon_core.executor:Executing jobs using 'parallel' executor
[0.248s] DEBUG:colcon.colcon_parallel_executor.executor.parallel:run_until_complete
[0.248s] INFO:colcon.colcon_ros.task.ament_python.build:Building ROS package in '/home/kushagra/mini_radi_ws/src/mini_radi_control' with build type 'ament_python'
[0.248s] Level 1:colcon.colcon_core.shell:create_environment_hook('mini_radi_control', 'ament_prefix_path')
[0.250s] INFO:colcon.colcon_core.plugin_system:Skipping extension 'colcon_core.shell.bat': Not used on non-Windows systems
[0.250s] INFO:colcon.colcon_core.shell:Creating environment hook '/home/kushagra/mini_radi_ws/install/mini_radi_control/share/mini_radi_control/hook/ament_prefix_path.ps1'
[0.251s] INFO:colcon.colcon_core.shell:Creating environment descriptor '/home/kushagra/mini_radi_ws/install/mini_radi_control/share/mini_radi_control/hook/ament_prefix_path.dsv'
[0.251s] INFO:colcon.colcon_core.shell:Creating environment hook '/home/kushagra/mini_radi_ws/install/mini_radi_control/share/mini_radi_control/hook/ament_prefix_path.sh'
[0.251s] INFO:colcon.colcon_core.shell:Skip shell extension 'powershell' for command environment: Not usable outside of PowerShell
[0.251s] DEBUG:colcon.colcon_core.shell:Skip shell extension 'dsv' for command environment
[0.254s] INFO:colcon.colcon_ros.task.ament_cmake.build:Building ROS package in '/home/kushagra/mini_radi_ws/src/mini_radi_description' with build type 'ament_cmake'
[0.254s] INFO:colcon.colcon_cmake.task.cmake.build:Building CMake package in '/home/kushagra/mini_radi_ws/src/mini_radi_description'
[0.254s] INFO:colcon.colcon_core.shell:Skip shell extension 'powershell' for command environment: Not usable outside of PowerShell
[0.254s] DEBUG:colcon.colcon_core.shell:Skip shell extension 'dsv' for command environment
[0.256s] INFO:colcon.colcon_ros.task.ament_cmake.build:Building ROS package in '/home/kushagra/mini_radi_ws/src/mini_radi_gazebo' with build type 'ament_cmake'
[0.256s] INFO:colcon.colcon_cmake.task.cmake.build:Building CMake package in '/home/kushagra/mini_radi_ws/src/mini_radi_gazebo'
[0.257s] INFO:colcon.colcon_core.shell:Skip shell extension 'powershell' for command environment: Not usable outside of PowerShell
[0.257s] DEBUG:colcon.colcon_core.shell:Skip shell extension 'dsv' for command environment
[0.433s] INFO:colcon.colcon_core.task.python.build:Building Python package in '/home/kushagra/mini_radi_ws/src/mini_radi_control'
[0.433s] INFO:colcon.colcon_core.shell:Skip shell extension 'powershell' for command environment: Not usable outside of PowerShell
[0.433s] DEBUG:colcon.colcon_core.shell:Skip shell extension 'dsv' for command environment
[0.442s] DEBUG:colcon.colcon_core.event_handler.log_command:Invoking command in '/home/kushagra/mini_radi_ws/build/mini_radi_description': CMAKE_PREFIX_PATH=${CMAKE_PREFIX_PATH}:/home/kushagra/mini_radi_ws/install/mini_radi_control:/opt/ros/humble /usr/bin/cmake --build /home/kushagra/mini_radi_ws/build/mini_radi_description -- -j7 -l7
[0.451s] DEBUG:colcon.colcon_core.event_handler.log_command:Invoking command in '/home/kushagra/mini_radi_ws/build/mini_radi_gazebo': CMAKE_PREFIX_PATH=${CMAKE_PREFIX_PATH}:/home/kushagra/mini_radi_ws/install/mini_radi_control:/opt/ros/humble /usr/bin/cmake --build /home/kushagra/mini_radi_ws/build/mini_radi_gazebo -- -j7 -l7
[0.495s] DEBUG:colcon.colcon_core.event_handler.log_command:Invoked command in '/home/kushagra/mini_radi_ws/build/mini_radi_gazebo' returned '0': CMAKE_PREFIX_PATH=${CMAKE_PREFIX_PATH}:/home/kushagra/mini_radi_ws/install/mini_radi_control:/opt/ros/humble /usr/bin/cmake --build /home/kushagra/mini_radi_ws/build/mini_radi_gazebo -- -j7 -l7
[0.502s] DEBUG:colcon.colcon_core.event_handler.log_command:Invoking command in '/home/kushagra/mini_radi_ws/build/mini_radi_gazebo': CMAKE_PREFIX_PATH=${CMAKE_PREFIX_PATH}:/home/kushagra/mini_radi_ws/install/mini_radi_control:/opt/ros/humble /usr/bin/cmake --install /home/kushagra/mini_radi_ws/build/mini_radi_gazebo
[0.507s] DEBUG:colcon.colcon_core.event_handler.log_command:Invoked command in '/home/kushagra/mini_radi_ws/build/mini_radi_description' returned '0': CMAKE_PREFIX_PATH=${CMAKE_PREFIX_PATH}:/home/kushagra/mini_radi_ws/install/mini_radi_control:/opt/ros/humble /usr/bin/cmake --build /home/kushagra/mini_radi_ws/build/mini_radi_description -- -j7 -l7
[0.508s] DEBUG:colcon.colcon_core.event_handler.log_command:Invoking command in '/home/kushagra/mini_radi_ws/build/mini_radi_description': CMAKE_PREFIX_PATH=${CMAKE_PREFIX_PATH}:/home/kushagra/mini_radi_ws/install/mini_radi_control:/opt/ros/humble /usr/bin/cmake --install /home/kushagra/mini_radi_ws/build/mini_radi_description
[0.528s] Level 1:colcon.colcon_core.environment:create_environment_scripts_only(mini_radi_gazebo)
[0.530s] DEBUG:colcon.colcon_core.event_handler.log_command:Invoked command in '/home/kushagra/mini_radi_ws/build/mini_radi_gazebo' returned '0': CMAKE_PREFIX_PATH=${CMAKE_PREFIX_PATH}:/home/kushagra/mini_radi_ws/install/mini_radi_control:/opt/ros/humble /usr/bin/cmake --install /home/kushagra/mini_radi_ws/build/mini_radi_gazebo
[0.532s] Level 1:colcon.colcon_core.environment:checking '/home/kushagra/mini_radi_ws/install/mini_radi_gazebo' for CMake module files
[0.533s] Level 1:colcon.colcon_core.environment:checking '/home/kushagra/mini_radi_ws/install/mini_radi_gazebo' for CMake config files
[0.533s] Level 1:colcon.colcon_core.shell:create_environment_hook('mini_radi_gazebo', 'cmake_prefix_path')
[0.533s] INFO:colcon.colcon_core.shell:Creating environment hook '/home/kushagra/mini_radi_ws/install/mini_radi_gazebo/share/mini_radi_gazebo/hook/cmake_prefix_path.ps1'
[0.533s] INFO:colcon.colcon_core.shell:Creating environment descriptor '/home/kushagra/mini_radi_ws/install/mini_radi_gazebo/share/mini_radi_gazebo/hook/cmake_prefix_path.dsv'
[0.534s] INFO:colcon.colcon_core.shell:Creating environment hook '/home/kushagra/mini_radi_ws/install/mini_radi_gazebo/share/mini_radi_gazebo/hook/cmake_prefix_path.sh'
[0.534s] Level 1:colcon.colcon_core.environment:checking '/home/kushagra/mini_radi_ws/install/mini_radi_gazebo/bin'
[0.534s] Level 1:colcon.colcon_core.environment:checking '/home/kushagra/mini_radi_ws/install/mini_radi_gazebo/lib/pkgconfig/mini_radi_gazebo.pc'
[0.534s] Level 1:colcon.colcon_core.environment:checking '/home/kushagra/mini_radi_ws/install/mini_radi_gazebo/lib/python3.10/site-packages'
[0.535s] Level 1:colcon.colcon_core.environment:checking '/home/kushagra/mini_radi_ws/install/mini_radi_gazebo/bin'
[0.535s] INFO:colcon.colcon_core.shell:Creating package script '/home/kushagra/mini_radi_ws/install/mini_radi_gazebo/share/mini_radi_gazebo/package.ps1'
[0.535s] INFO:colcon.colcon_core.shell:Creating package descriptor '/home/kushagra/mini_radi_ws/install/mini_radi_gazebo/share/mini_radi_gazebo/package.dsv'
[0.536s] INFO:colcon.colcon_core.shell:Creating package script '/home/kushagra/mini_radi_ws/install/mini_radi_gazebo/share/mini_radi_gazebo/package.sh'
[0.536s] INFO:colcon.colcon_core.shell:Creating package script '/home/kushagra/mini_radi_ws/install/mini_radi_gazebo/share/mini_radi_gazebo/package.bash'
[0.537s] INFO:colcon.colcon_core.shell:Creating package script '/home/kushagra/mini_radi_ws/install/mini_radi_gazebo/share/mini_radi_gazebo/package.zsh'
[0.537s] Level 1:colcon.colcon_core.environment:create_file_with_runtime_dependencies(/home/kushagra/mini_radi_ws/install/mini_radi_gazebo/share/colcon-core/packages/mini_radi_gazebo)
[0.538s] Level 1:colcon.colcon_core.environment:create_environment_scripts_only(mini_radi_gazebo)
[0.538s] Level 1:colcon.colcon_core.environment:checking '/home/kushagra/mini_radi_ws/install/mini_radi_gazebo' for CMake module files
[0.538s] Level 1:colcon.colcon_core.environment:checking '/home/kushagra/mini_radi_ws/install/mini_radi_gazebo' for CMake config files
[0.538s] Level 1:colcon.colcon_core.shell:create_environment_hook('mini_radi_gazebo', 'cmake_prefix_path')
[0.538s] INFO:colcon.colcon_core.shell:Creating environment hook '/home/kushagra/mini_radi_ws/install/mini_radi_gazebo/share/mini_radi_gazebo/hook/cmake_prefix_path.ps1'
[0.539s] INFO:colcon.colcon_core.shell:Creating environment descriptor '/home/kushagra/mini_radi_ws/install/mini_radi_gazebo/share/mini_radi_gazebo/hook/cmake_prefix_path.dsv'
[0.539s] INFO:colcon.colcon_core.shell:Creating environment hook '/home/kushagra/mini_radi_ws/install/mini_radi_gazebo/share/mini_radi_gazebo/hook/cmake_prefix_path.sh'
[0.539s] Level 1:colcon.colcon_core.environment:checking '/home/kushagra/mini_radi_ws/install/mini_radi_gazebo/bin'
[0.539s] Level 1:colcon.colcon_core.environment:checking '/home/kushagra/mini_radi_ws/install/mini_radi_gazebo/lib/pkgconfig/mini_radi_gazebo.pc'
[0.539s] Level 1:colcon.colcon_core.environment:checking '/home/kushagra/mini_radi_ws/install/mini_radi_gazebo/lib/python3.10/site-packages'
[0.540s] Level 1:colcon.colcon_core.environment:checking '/home/kushagra/mini_radi_ws/install/mini_radi_gazebo/bin'
[0.540s] INFO:colcon.colcon_core.shell:Creating package script '/home/kushagra/mini_radi_ws/install/mini_radi_gazebo/share/mini_radi_gazebo/package.ps1'
[0.540s] INFO:colcon.colcon_core.shell:Creating package descriptor '/home/kushagra/mini_radi_ws/install/mini_radi_gazebo/share/mini_radi_gazebo/package.dsv'
[0.541s] INFO:colcon.colcon_core.shell:Creating package script '/home/kushagra/mini_radi_ws/install/mini_radi_gazebo/share/mini_radi_gazebo/package.sh'
[0.541s] INFO:colcon.colcon_core.shell:Creating package script '/home/kushagra/mini_radi_ws/install/mini_radi_gazebo/share/mini_radi_gazebo/package.bash'
[0.541s] INFO:colcon.colcon_core.shell:Creating package script '/home/kushagra/mini_radi_ws/install/mini_radi_gazebo/share/mini_radi_gazebo/package.zsh'
[0.542s] Level 1:colcon.colcon_core.environment:create_file_with_runtime_dependencies(/home/kushagra/mini_radi_ws/install/mini_radi_gazebo/share/colcon-core/packages/mini_radi_gazebo)
[0.542s] Level 1:colcon.colcon_core.environment:create_environment_scripts_only(mini_radi_description)
[0.543s] Level 1:colcon.colcon_core.environment:checking '/home/kushagra/mini_radi_ws/install/mini_radi_description' for CMake module files
[0.543s] Level 1:colcon.colcon_core.environment:checking '/home/kushagra/mini_radi_ws/install/mini_radi_description' for CMake config files
[0.544s] DEBUG:colcon.colcon_core.event_handler.log_command:Invoked command in '/home/kushagra/mini_radi_ws/build/mini_radi_description' returned '0': CMAKE_PREFIX_PATH=${CMAKE_PREFIX_PATH}:/home/kushagra/mini_radi_ws/install/mini_radi_control:/opt/ros/humble /usr/bin/cmake --install /home/kushagra/mini_radi_ws/build/mini_radi_description
[0.544s] Level 1:colcon.colcon_core.shell:create_environment_hook('mini_radi_description', 'cmake_prefix_path')
[0.544s] INFO:colcon.colcon_core.shell:Creating environment hook '/home/kushagra/mini_radi_ws/install/mini_radi_description/share/mini_radi_description/hook/cmake_prefix_path.ps1'
[0.545s] INFO:colcon.colcon_core.shell:Creating environment descriptor '/home/kushagra/mini_radi_ws/install/mini_radi_description/share/mini_radi_description/hook/cmake_prefix_path.dsv'
[0.545s] INFO:colcon.colcon_core.shell:Creating environment hook '/home/kushagra/mini_radi_ws/install/mini_radi_description/share/mini_radi_description/hook/cmake_prefix_path.sh'
[0.545s] Level 1:colcon.colcon_core.environment:checking '/home/kushagra/mini_radi_ws/install/mini_radi_description/bin'
[0.545s] Level 1:colcon.colcon_core.environment:checking '/home/kushagra/mini_radi_ws/install/mini_radi_description/lib/pkgconfig/mini_radi_description.pc'
[0.545s] Level 1:colcon.colcon_core.environment:checking '/home/kushagra/mini_radi_ws/install/mini_radi_description/lib/python3.10/site-packages'
[0.546s] Level 1:colcon.colcon_core.environment:checking '/home/kushagra/mini_radi_ws/install/mini_radi_description/bin'
[0.546s] INFO:colcon.colcon_core.shell:Creating package script '/home/kushagra/mini_radi_ws/install/mini_radi_description/share/mini_radi_description/package.ps1'
[0.546s] INFO:colcon.colcon_core.shell:Creating package descriptor '/home/kushagra/mini_radi_ws/install/mini_radi_description/share/mini_radi_description/package.dsv'
[0.547s] INFO:colcon.colcon_core.shell:Creating package script '/home/kushagra/mini_radi_ws/install/mini_radi_description/share/mini_radi_description/package.sh'
[0.547s] INFO:colcon.colcon_core.shell:Creating package script '/home/kushagra/mini_radi_ws/install/mini_radi_description/share/mini_radi_description/package.bash'
[0.547s] INFO:colcon.colcon_core.shell:Creating package script '/home/kushagra/mini_radi_ws/install/mini_radi_description/share/mini_radi_description/package.zsh'
[0.547s] Level 1:colcon.colcon_core.environment:create_file_with_runtime_dependencies(/home/kushagra/mini_radi_ws/install/mini_radi_description/share/colcon-core/packages/mini_radi_description)
[0.548s] Level 1:colcon.colcon_core.environment:create_environment_scripts_only(mini_radi_description)
[0.548s] Level 1:colcon.colcon_core.environment:checking '/home/kushagra/mini_radi_ws/install/mini_radi_description' for CMake module files
[0.548s] Level 1:colcon.colcon_core.environment:checking '/home/kushagra/mini_radi_ws/install/mini_radi_description' for CMake config files
[0.548s] Level 1:colcon.colcon_core.shell:create_environment_hook('mini_radi_description', 'cmake_prefix_path')
[0.549s] INFO:colcon.colcon_core.shell:Creating environment hook '/home/kushagra/mini_radi_ws/install/mini_radi_description/share/mini_radi_description/hook/cmake_prefix_path.ps1'
[0.549s] INFO:colcon.colcon_core.shell:Creating environment descriptor '/home/kushagra/mini_radi_ws/install/mini_radi_description/share/mini_radi_description/hook/cmake_prefix_path.dsv'
[0.549s] INFO:colcon.colcon_core.shell:Creating environment hook '/home/kushagra/mini_radi_ws/install/mini_radi_description/share/mini_radi_description/hook/cmake_prefix_path.sh'
[0.550s] Level 1:colcon.colcon_core.environment:checking '/home/kushagra/mini_radi_ws/install/mini_radi_description/bin'
[0.550s] Level 1:colcon.colcon_core.environment:checking '/home/kushagra/mini_radi_ws/install/mini_radi_description/lib/pkgconfig/mini_radi_description.pc'
[0.550s] Level 1:colcon.colcon_core.environment:checking '/home/kushagra/mini_radi_ws/install/mini_radi_description/lib/python3.10/site-packages'
[0.550s] Level 1:colcon.colcon_core.environment:checking '/home/kushagra/mini_radi_ws/install/mini_radi_description/bin'
[0.550s] INFO:colcon.colcon_core.shell:Creating package script '/home/kushagra/mini_radi_ws/install/mini_radi_description/share/mini_radi_description/package.ps1'
[0.551s] INFO:colcon.colcon_core.shell:Creating package descriptor '/home/kushagra/mini_radi_ws/install/mini_radi_description/share/mini_radi_description/package.dsv'
[0.551s] INFO:colcon.colcon_core.shell:Creating package script '/home/kushagra/mini_radi_ws/install/mini_radi_description/share/mini_radi_description/package.sh'
[0.551s] INFO:colcon.colcon_core.shell:Creating package script '/home/kushagra/mini_radi_ws/install/mini_radi_description/share/mini_radi_description/package.bash'
[0.552s] INFO:colcon.colcon_core.shell:Creating package script '/home/kushagra/mini_radi_ws/install/mini_radi_description/share/mini_radi_description/package.zsh'
[0.552s] Level 1:colcon.colcon_core.environment:create_file_with_runtime_dependencies(/home/kushagra/mini_radi_ws/install/mini_radi_description/share/colcon-core/packages/mini_radi_description)
[0.668s] DEBUG:colcon.colcon_core.task.python.build:Available setuptools commands: clean, install_egg_info, egg_info, rotate, register, build_scripts, symlink_data, saveopts, build_clib, test, setopt, bdist_rpm, alias, sdist, easy_install, check, dist_info, upload_docs, build, build_ext, install, develop, install_lib, install_headers, install_scripts, bdist_egg, build_py, bdist_dumb, upload, install_data, bdist
[0.869s] DEBUG:colcon.colcon_core.task.python.build:Available setuptools 'develop' options: --no-user-cfg, --verbose, --quiet, --zip-ok, --editable, --exclude-scripts, --help, --user, --always-unzip, --optimize, --dry-run, --uninstall, --egg-path, --install-layout, --allow-hosts, --record, --version, --build-directory, --prefix, --find-links, --install-dir, --upgrade, --no-find-links, --force-installation-into-system-dir, --always-copy, --index-url, --no-deps, --site-dirs, --local-snapshots-ok, --script-dir, --multi-version
[0.873s] DEBUG:colcon.colcon_core.event_handler.log_command:Invoking command in '/home/kushagra/mini_radi_ws/build/mini_radi_control': PYTHONPATH=/home/kushagra/mini_radi_ws/build/mini_radi_control/prefix_override:/usr/lib/python3/dist-packages/colcon_core/task/python/colcon_distutils_commands:/home/kushagra/mini_radi_ws/install/mini_radi_control/lib/python3.10/site-packages:${PYTHONPATH} /usr/bin/python3 -W ignore:setup.py install is deprecated -W ignore:easy_install command is deprecated setup.py develop --editable --build-directory /home/kushagra/mini_radi_ws/build/mini_radi_control/build --no-deps symlink_data
[1.146s] Level 1:colcon.colcon_core.shell:create_environment_hook('mini_radi_control', 'pythonpath_develop')
[1.146s] INFO:colcon.colcon_core.shell:Creating environment hook '/home/kushagra/mini_radi_ws/build/mini_radi_control/share/mini_radi_control/hook/pythonpath_develop.ps1'
[1.147s] DEBUG:colcon.colcon_core.event_handler.log_command:Invoked command in '/home/kushagra/mini_radi_ws/build/mini_radi_control' returned '0': PYTHONPATH=/home/kushagra/mini_radi_ws/build/mini_radi_control/prefix_override:/usr/lib/python3/dist-packages/colcon_core/task/python/colcon_distutils_commands:/home/kushagra/mini_radi_ws/install/mini_radi_control/lib/python3.10/site-packages:${PYTHONPATH} /usr/bin/python3 -W ignore:setup.py install is deprecated -W ignore:easy_install command is deprecated setup.py develop --editable --build-directory /home/kushagra/mini_radi_ws/build/mini_radi_control/build --no-deps symlink_data
[1.148s] INFO:colcon.colcon_core.shell:Creating environment descriptor '/home/kushagra/mini_radi_ws/build/mini_radi_control/share/mini_radi_control/hook/pythonpath_develop.dsv'
[1.148s] INFO:colcon.colcon_core.shell:Creating environment hook '/home/kushagra/mini_radi_ws/build/mini_radi_control/share/mini_radi_control/hook/pythonpath_develop.sh'
[1.149s] Level 1:colcon.colcon_core.environment:checking '/home/kushagra/mini_radi_ws/install/mini_radi_control' for CMake module files
[1.149s] Level 1:colcon.colcon_core.environment:checking '/home/kushagra/mini_radi_ws/install/mini_radi_control' for CMake config files
[1.150s] Level 1:colcon.colcon_core.environment:checking '/home/kushagra/mini_radi_ws/install/mini_radi_control/lib'
[1.150s] Level 1:colcon.colcon_core.environment:checking '/home/kushagra/mini_radi_ws/install/mini_radi_control/bin'
[1.150s] Level 1:colcon.colcon_core.environment:checking '/home/kushagra/mini_radi_ws/install/mini_radi_control/lib/pkgconfig/mini_radi_control.pc'
[1.151s] Level 1:colcon.colcon_core.environment:checking '/home/kushagra/mini_radi_ws/install/mini_radi_control/lib/python3.10/site-packages'
[1.151s] Level 1:colcon.colcon_core.shell:create_environment_hook('mini_radi_control', 'pythonpath')
[1.151s] INFO:colcon.colcon_core.shell:Creating environment hook '/home/kushagra/mini_radi_ws/install/mini_radi_control/share/mini_radi_control/hook/pythonpath.ps1'
[1.152s] INFO:colcon.colcon_core.shell:Creating environment descriptor '/home/kushagra/mini_radi_ws/install/mini_radi_control/share/mini_radi_control/hook/pythonpath.dsv'
[1.152s] INFO:colcon.colcon_core.shell:Creating environment hook '/home/kushagra/mini_radi_ws/install/mini_radi_control/share/mini_radi_control/hook/pythonpath.sh'
[1.153s] Level 1:colcon.colcon_core.environment:checking '/home/kushagra/mini_radi_ws/install/mini_radi_control/bin'
[1.153s] Level 1:colcon.colcon_core.environment:create_environment_scripts_only(mini_radi_control)
[1.154s] INFO:colcon.colcon_core.shell:Creating package script '/home/kushagra/mini_radi_ws/install/mini_radi_control/share/mini_radi_control/package.ps1'
[1.155s] INFO:colcon.colcon_core.shell:Creating package descriptor '/home/kushagra/mini_radi_ws/install/mini_radi_control/share/mini_radi_control/package.dsv'
[1.155s] INFO:colcon.colcon_core.shell:Creating package script '/home/kushagra/mini_radi_ws/install/mini_radi_control/share/mini_radi_control/package.sh'
[1.156s] INFO:colcon.colcon_core.shell:Creating package script '/home/kushagra/mini_radi_ws/install/mini_radi_control/share/mini_radi_control/package.bash'
[1.156s] INFO:colcon.colcon_core.shell:Creating package script '/home/kushagra/mini_radi_ws/install/mini_radi_control/share/mini_radi_control/package.zsh'
[1.156s] Level 1:colcon.colcon_core.environment:create_file_with_runtime_dependencies(/home/kushagra/mini_radi_ws/install/mini_radi_control/share/colcon-core/packages/mini_radi_control)
[1.157s] DEBUG:colcon.colcon_parallel_executor.executor.parallel:closing loop
[1.157s] DEBUG:colcon.colcon_parallel_executor.executor.parallel:loop closed
[1.157s] DEBUG:colcon.colcon_parallel_executor.executor.parallel:run_until_complete finished with '0'
[1.157s] DEBUG:colcon.colcon_core.event_reactor:joining thread
[1.164s] INFO:colcon.colcon_core.plugin_system:Skipping extension 'colcon_notification.desktop_notification.terminal_notifier': Not used on non-Darwin systems
[1.165s] INFO:colcon.colcon_core.plugin_system:Skipping extension 'colcon_notification.desktop_notification.win32': Not used on non-Windows systems
[1.165s] INFO:colcon.colcon_notification.desktop_notification:Sending desktop notification using 'notify2'
[1.180s] DEBUG:colcon.colcon_core.event_reactor:joined thread
[1.180s] INFO:colcon.colcon_core.shell:Creating prefix script '/home/kushagra/mini_radi_ws/install/local_setup.ps1'
[1.181s] INFO:colcon.colcon_core.shell:Creating prefix util module '/home/kushagra/mini_radi_ws/install/_local_setup_util_ps1.py'
[1.182s] INFO:colcon.colcon_core.shell:Creating prefix chain script '/home/kushagra/mini_radi_ws/install/setup.ps1'
[1.183s] INFO:colcon.colcon_core.shell:Creating prefix script '/home/kushagra/mini_radi_ws/install/local_setup.sh'
[1.183s] INFO:colcon.colcon_core.shell:Creating prefix util module '/home/kushagra/mini_radi_ws/install/_local_setup_util_sh.py'
[1.183s] INFO:colcon.colcon_core.shell:Creating prefix chain script '/home/kushagra/mini_radi_ws/install/setup.sh'
[1.184s] INFO:colcon.colcon_core.shell:Creating prefix script '/home/kushagra/mini_radi_ws/install/local_setup.bash'
[1.184s] INFO:colcon.colcon_core.shell:Creating prefix chain script '/home/kushagra/mini_radi_ws/install/setup.bash'
[1.185s] INFO:colcon.colcon_core.shell:Creating prefix script '/home/kushagra/mini_radi_ws/install/local_setup.zsh'
[1.185s] INFO:colcon.colcon_core.shell:Creating prefix chain script '/home/kushagra/mini_radi_ws/install/setup.zsh'
