-- The C compiler identification is GNU 11.4.0
-- The CXX compiler identification is GNU 11.4.0
-- Detecting C compiler ABI info
-- Detecting C compiler ABI info - done
-- Check for working C compiler: /usr/bin/cc - skipped
-- Detecting C compile features
-- Detecting C compile features - done
-- Detecting CXX compiler ABI info
-- Detecting CXX compiler ABI info - done
-- Check for working CXX compiler: /usr/bin/c++ - skipped
-- Detecting CXX compile features
-- Detecting CXX compile features - done
-- Found ament_cmake: 1.3.14 (/opt/ros/humble/share/ament_cmake/cmake)
-- Found Python3: /usr/bin/python3 (found version "3.10.12") found components: Interpreter 
-- Found ament_lint_auto: 0.12.15 (/opt/ros/humble/share/ament_lint_auto/cmake)
-- Added test 'lint_cmake' to check CMake code style
-- Added test 'xmllint' to check XML markup files
-- Configuring done
-- Generating done
-- Build files have been written to: /home/kushagra/mini_radi_ws/build/mini_radi_description
-- Install configuration: ""
-- Installing: /home/kushagra/mini_radi_ws/install/mini_radi_description/share/ament_index/resource_index/package_run_dependencies/mini_radi_description
-- Installing: /home/kushagra/mini_radi_ws/install/mini_radi_description/share/ament_index/resource_index/parent_prefix_path/mini_radi_description
-- Installing: /home/kushagra/mini_radi_ws/install/mini_radi_description/share/mini_radi_description/environment/ament_prefix_path.sh
-- Installing: /home/kushagra/mini_radi_ws/install/mini_radi_description/share/mini_radi_description/environment/ament_prefix_path.dsv
-- Installing: /home/kushagra/mini_radi_ws/install/mini_radi_description/share/mini_radi_description/environment/path.sh
-- Installing: /home/kushagra/mini_radi_ws/install/mini_radi_description/share/mini_radi_description/environment/path.dsv
-- Installing: /home/kushagra/mini_radi_ws/install/mini_radi_description/share/mini_radi_description/local_setup.bash
-- Installing: /home/kushagra/mini_radi_ws/install/mini_radi_description/share/mini_radi_description/local_setup.sh
-- Installing: /home/kushagra/mini_radi_ws/install/mini_radi_description/share/mini_radi_description/local_setup.zsh
-- Installing: /home/kushagra/mini_radi_ws/install/mini_radi_description/share/mini_radi_description/local_setup.dsv
-- Installing: /home/kushagra/mini_radi_ws/install/mini_radi_description/share/mini_radi_description/package.dsv
-- Installing: /home/kushagra/mini_radi_ws/install/mini_radi_description/share/ament_index/resource_index/packages/mini_radi_description
-- Installing: /home/kushagra/mini_radi_ws/install/mini_radi_description/share/mini_radi_description/cmake/mini_radi_descriptionConfig.cmake
-- Installing: /home/kushagra/mini_radi_ws/install/mini_radi_description/share/mini_radi_description/cmake/mini_radi_descriptionConfig-version.cmake
-- Installing: /home/kushagra/mini_radi_ws/install/mini_radi_description/share/mini_radi_description/package.xml
