[0.008s] Invoking command in '/home/kushagra/mini_radi_ws/build/mini_radi_description': CMAKE_PREFIX_PATH=/opt/ros/humble /usr/bin/cmake /home/kushagra/mini_radi_ws/src/mini_radi_description -DCMAKE_INSTALL_PREFIX=/home/kushagra/mini_radi_ws/install/mini_radi_description
[0.073s] -- The C compiler identification is GNU 11.4.0
[0.118s] -- The CXX compiler identification is GNU 11.4.0
[0.123s] -- Detecting C compiler ABI info
[0.184s] -- Detecting C compiler ABI info - done
[0.189s] -- Check for working C compiler: /usr/bin/cc - skipped
[0.189s] -- Detecting C compile features
[0.189s] -- Detecting C compile features - done
[0.191s] -- Detecting CXX compiler ABI info
[0.266s] -- Detecting CXX compiler ABI info - done
[0.280s] -- Check for working CXX compiler: /usr/bin/c++ - skipped
[0.281s] -- Detecting CXX compile features
[0.282s] -- Detecting CXX compile features - done
[0.287s] -- Found ament_cmake: 1.3.14 (/opt/ros/humble/share/ament_cmake/cmake)
[0.413s] -- Found Python3: /usr/bin/python3 (found version "3.10.12") found components: Interpreter 
[0.473s] -- Found ament_lint_auto: 0.12.15 (/opt/ros/humble/share/ament_lint_auto/cmake)
[0.546s] -- Added test 'lint_cmake' to check CMake code style
[0.546s] -- Added test 'xmllint' to check XML markup files
[0.546s] -- Configuring done
[0.549s] -- Generating done
[0.550s] -- Build files have been written to: /home/kushagra/mini_radi_ws/build/mini_radi_description
[0.554s] Invoked command in '/home/kushagra/mini_radi_ws/build/mini_radi_description' returned '0': CMAKE_PREFIX_PATH=/opt/ros/humble /usr/bin/cmake /home/kushagra/mini_radi_ws/src/mini_radi_description -DCMAKE_INSTALL_PREFIX=/home/kushagra/mini_radi_ws/install/mini_radi_description
[0.556s] Invoking command in '/home/kushagra/mini_radi_ws/build/mini_radi_description': CMAKE_PREFIX_PATH=/opt/ros/humble /usr/bin/cmake --build /home/kushagra/mini_radi_ws/build/mini_radi_description -- -j7 -l7
[0.585s] Invoked command in '/home/kushagra/mini_radi_ws/build/mini_radi_description' returned '0': CMAKE_PREFIX_PATH=/opt/ros/humble /usr/bin/cmake --build /home/kushagra/mini_radi_ws/build/mini_radi_description -- -j7 -l7
[0.592s] Invoking command in '/home/kushagra/mini_radi_ws/build/mini_radi_description': CMAKE_PREFIX_PATH=/opt/ros/humble /usr/bin/cmake --install /home/kushagra/mini_radi_ws/build/mini_radi_description
[0.601s] -- Install configuration: ""
[0.602s] -- Installing: /home/kushagra/mini_radi_ws/install/mini_radi_description/share/ament_index/resource_index/package_run_dependencies/mini_radi_description
[0.602s] -- Installing: /home/kushagra/mini_radi_ws/install/mini_radi_description/share/ament_index/resource_index/parent_prefix_path/mini_radi_description
[0.602s] -- Installing: /home/kushagra/mini_radi_ws/install/mini_radi_description/share/mini_radi_description/environment/ament_prefix_path.sh
[0.602s] -- Installing: /home/kushagra/mini_radi_ws/install/mini_radi_description/share/mini_radi_description/environment/ament_prefix_path.dsv
[0.602s] -- Installing: /home/kushagra/mini_radi_ws/install/mini_radi_description/share/mini_radi_description/environment/path.sh
[0.602s] -- Installing: /home/kushagra/mini_radi_ws/install/mini_radi_description/share/mini_radi_description/environment/path.dsv
[0.602s] -- Installing: /home/kushagra/mini_radi_ws/install/mini_radi_description/share/mini_radi_description/local_setup.bash
[0.602s] -- Installing: /home/kushagra/mini_radi_ws/install/mini_radi_description/share/mini_radi_description/local_setup.sh
[0.602s] -- Installing: /home/kushagra/mini_radi_ws/install/mini_radi_description/share/mini_radi_description/local_setup.zsh
[0.602s] -- Installing: /home/kushagra/mini_radi_ws/install/mini_radi_description/share/mini_radi_description/local_setup.dsv
[0.602s] -- Installing: /home/kushagra/mini_radi_ws/install/mini_radi_description/share/mini_radi_description/package.dsv
[0.602s] -- Installing: /home/kushagra/mini_radi_ws/install/mini_radi_description/share/ament_index/resource_index/packages/mini_radi_description
[0.602s] -- Installing: /home/kushagra/mini_radi_ws/install/mini_radi_description/share/mini_radi_description/cmake/mini_radi_descriptionConfig.cmake
[0.603s] -- Installing: /home/kushagra/mini_radi_ws/install/mini_radi_description/share/mini_radi_description/cmake/mini_radi_descriptionConfig-version.cmake
[0.603s] -- Installing: /home/kushagra/mini_radi_ws/install/mini_radi_description/share/mini_radi_description/package.xml
[0.604s] Invoked command in '/home/kushagra/mini_radi_ws/build/mini_radi_description' returned '0': CMAKE_PREFIX_PATH=/opt/ros/humble /usr/bin/cmake --install /home/kushagra/mini_radi_ws/build/mini_radi_description
