[0.182s] Invoking command in '/home/kushagra/mini_radi_ws/build/mini_radi_gazebo': CMAKE_PREFIX_PATH=${CMAKE_PREFIX_PATH}:/home/kushagra/mini_radi_ws/install/mini_radi_control:/opt/ros/humble /usr/bin/cmake /home/kushagra/mini_radi_ws/src/mini_radi_gazebo -DAMENT_CMAKE_SYMLINK_INSTALL=1 -DCMAKE_INSTALL_PREFIX=/home/kushagra/mini_radi_ws/install/mini_radi_gazebo
[0.340s] -- The C compiler identification is GNU 11.4.0
[0.454s] -- The CXX compiler identification is GNU 11.4.0
[0.464s] -- Detecting C compiler ABI info
[0.532s] -- Detecting C compiler ABI info - done
[0.537s] -- Check for working C compiler: /usr/bin/cc - skipped
[0.538s] -- Detecting C compile features
[0.539s] -- Detecting C compile features - done
[0.542s] -- Detecting CXX compiler ABI info
[0.616s] -- Detecting CXX compiler ABI info - done
[0.619s] -- Check for working CXX compiler: /usr/bin/c++ - skipped
[0.620s] -- Detecting CXX compile features
[0.620s] -- Detecting CXX compile features - done
[0.623s] -- Found ament_cmake: 1.3.14 (/opt/ros/humble/share/ament_cmake/cmake)
[0.785s] -- Found Python3: /usr/bin/python3 (found version "3.10.12") found components: Interpreter 
[0.845s] -- Override CMake install command with custom implementation using symlinks instead of copying resources
[0.953s] -- Configuring done
[0.954s] -- Generating done
[0.955s] -- Build files have been written to: /home/kushagra/mini_radi_ws/build/mini_radi_gazebo
[0.959s] Invoked command in '/home/kushagra/mini_radi_ws/build/mini_radi_gazebo' returned '0': CMAKE_PREFIX_PATH=${CMAKE_PREFIX_PATH}:/home/kushagra/mini_radi_ws/install/mini_radi_control:/opt/ros/humble /usr/bin/cmake /home/kushagra/mini_radi_ws/src/mini_radi_gazebo -DAMENT_CMAKE_SYMLINK_INSTALL=1 -DCMAKE_INSTALL_PREFIX=/home/kushagra/mini_radi_ws/install/mini_radi_gazebo
[0.960s] Invoking command in '/home/kushagra/mini_radi_ws/build/mini_radi_gazebo': CMAKE_PREFIX_PATH=${CMAKE_PREFIX_PATH}:/home/kushagra/mini_radi_ws/install/mini_radi_control:/opt/ros/humble /usr/bin/cmake --build /home/kushagra/mini_radi_ws/build/mini_radi_gazebo -- -j7 -l7
[0.995s] Invoked command in '/home/kushagra/mini_radi_ws/build/mini_radi_gazebo' returned '0': CMAKE_PREFIX_PATH=${CMAKE_PREFIX_PATH}:/home/kushagra/mini_radi_ws/install/mini_radi_control:/opt/ros/humble /usr/bin/cmake --build /home/kushagra/mini_radi_ws/build/mini_radi_gazebo -- -j7 -l7
[0.997s] Invoking command in '/home/kushagra/mini_radi_ws/build/mini_radi_gazebo': CMAKE_PREFIX_PATH=${CMAKE_PREFIX_PATH}:/home/kushagra/mini_radi_ws/install/mini_radi_control:/opt/ros/humble /usr/bin/cmake --install /home/kushagra/mini_radi_ws/build/mini_radi_gazebo
[1.003s] -- Install configuration: ""
[1.004s] -- Execute custom install script
[1.004s] -- Symlinking: /home/kushagra/mini_radi_ws/install/mini_radi_gazebo/share/mini_radi_gazebo/launch/gazebo.launch.py
[1.011s] -- Symlinking: /home/kushagra/mini_radi_ws/install/mini_radi_gazebo/share/mini_radi_gazebo/launch/launch.py
[1.018s] -- Symlinking: /home/kushagra/mini_radi_ws/install/mini_radi_gazebo/share/mini_radi_gazebo/worlds/mini_radi.world
[1.026s] -- Symlinking: /home/kushagra/mini_radi_ws/install/mini_radi_gazebo/share/ament_index/resource_index/package_run_dependencies/mini_radi_gazebo
[1.034s] -- Symlinking: /home/kushagra/mini_radi_ws/install/mini_radi_gazebo/share/ament_index/resource_index/parent_prefix_path/mini_radi_gazebo
[1.041s] -- Symlinking: /home/kushagra/mini_radi_ws/install/mini_radi_gazebo/share/mini_radi_gazebo/environment/ament_prefix_path.sh
[1.048s] -- Symlinking: /home/kushagra/mini_radi_ws/install/mini_radi_gazebo/share/mini_radi_gazebo/environment/ament_prefix_path.dsv
[1.055s] -- Symlinking: /home/kushagra/mini_radi_ws/install/mini_radi_gazebo/share/mini_radi_gazebo/environment/path.sh
[1.062s] -- Symlinking: /home/kushagra/mini_radi_ws/install/mini_radi_gazebo/share/mini_radi_gazebo/environment/path.dsv
[1.072s] -- Symlinking: /home/kushagra/mini_radi_ws/install/mini_radi_gazebo/share/mini_radi_gazebo/local_setup.bash
[1.079s] -- Symlinking: /home/kushagra/mini_radi_ws/install/mini_radi_gazebo/share/mini_radi_gazebo/local_setup.sh
[1.085s] -- Symlinking: /home/kushagra/mini_radi_ws/install/mini_radi_gazebo/share/mini_radi_gazebo/local_setup.zsh
[1.092s] -- Symlinking: /home/kushagra/mini_radi_ws/install/mini_radi_gazebo/share/mini_radi_gazebo/local_setup.dsv
[1.099s] -- Symlinking: /home/kushagra/mini_radi_ws/install/mini_radi_gazebo/share/mini_radi_gazebo/package.dsv
[1.108s] -- Symlinking: /home/kushagra/mini_radi_ws/install/mini_radi_gazebo/share/ament_index/resource_index/packages/mini_radi_gazebo
[1.118s] -- Symlinking: /home/kushagra/mini_radi_ws/install/mini_radi_gazebo/share/mini_radi_gazebo/cmake/mini_radi_gazeboConfig.cmake
[1.125s] -- Symlinking: /home/kushagra/mini_radi_ws/install/mini_radi_gazebo/share/mini_radi_gazebo/cmake/mini_radi_gazeboConfig-version.cmake
[1.138s] -- Symlinking: /home/kushagra/mini_radi_ws/install/mini_radi_gazebo/share/mini_radi_gazebo/package.xml
[1.148s] Invoked command in '/home/kushagra/mini_radi_ws/build/mini_radi_gazebo' returned '0': CMAKE_PREFIX_PATH=${CMAKE_PREFIX_PATH}:/home/kushagra/mini_radi_ws/install/mini_radi_control:/opt/ros/humble /usr/bin/cmake --install /home/kushagra/mini_radi_ws/build/mini_radi_gazebo
